hello uinterprate
hello umemory
hello uexecute
code is 2135247942 at line 0
code is 33620224 at line 1
code is 0 at line 2
code is 0 at line 3
code is 33570304 at line 4
code is 16777216 at line 5
code is 269172736 at line 6
code is 0 at line 7
code is 1073741824 at line 8
code is 0 at line 9
code is -528154624 at line 10
code is 0 at line 11
code is 0 at line 12
code is 1073756160 at line 13
code is 151011328 at line 14
code is 671098624 at line 15
code is 100663296 at line 16
code is 67108864 at line 17
code is 1073741824 at line 18
code is 0 at line 19
code is 1073758208 at line 20
code is 0 at line 21
code is 1073758208 at line 22
code is 0 at line 23
code is -134152192 at line 24
code is 0 at line 25
code is -134152192 at line 26
code is 0 at line 27
code is 134217728 at line 28
code is 0 at line 29
code is 50331648 at line 30
code is 67108864 at line 31
code is 939655168 at line 32
code is 0 at line 33
code is 939671552 at line 34
code is 0 at line 35
code is 939671552 at line 36
code is 0 at line 37
code is 469762048 at line 38
code is 0 at line 39
code is 469762048 at line 40
code is 0 at line 41
code is 16777216 at line 42
code is 0 at line 43
code is 16777216 at line 44
code is 83886080 at line 45
code is 0 at line 46
code is 0 at line 47
code is 16384 at line 48
code is 0 at line 49
code is 16384 at line 50
code is 0 at line 51
code is 270336000 at line 52
code is 0 at line 53
code is 270336000 at line 54
code is 0 at line 55
code is 8192 at line 56
code is 0 at line 57
code is 16777216 at line 58
code is 100663296 at line 59
code is -937623552 at line 60
code is 0 at line 61
code is -937598976 at line 62
code is 0 at line 63
code is -937598976 at line 64
code is 0 at line 65
code is 285409280 at line 66
code is 0 at line 67
code is 1342373888 at line 68
code is 0 at line 69
code is 8192 at line 70
code is 0 at line 71
code is 33554432 at line 72
code is 100663296 at line 73
code is -400752640 at line 74
code is 0 at line 75
code is -400728064 at line 76
code is 0 at line 77
code is -400728064 at line 78
code is 0 at line 79
code is -268369920 at line 80
code is 0 at line 81
code is -268369920 at line 82
code is 0 at line 83
code is 134217728 at line 84
code is 0 at line 85
code is 67108864 at line 86
code is 67108864 at line 87
code is 1409417216 at line 88
code is 0 at line 89
code is 1409433600 at line 90
code is 0 at line 91
code is 1409433600 at line 92
code is 0 at line 93
code is 536870912 at line 94
code is 0 at line 95
code is 536870912 at line 96
code is 0 at line 97
code is 67108864 at line 98
code is 0 at line 99
code is 1357214820 at line 100
code is 67108864 at line 101
code is -401080320 at line 102
code is 0 at line 103
code is -401063936 at line 104
code is 0 at line 105
code is -401063936 at line 106
code is 0 at line 107
code is -738197504 at line 108
code is 0 at line 109
code is -738197504 at line 110
code is 0 at line 111
code is 67108864 at line 112
code is 0 at line 113
code is 1373992036 at line 114
code is 100663296 at line 115
code is 0 at line 116
code is 0 at line 117
code is 0 at line 118
code is 0 at line 119
code is 0 at line 120
code is 0 at line 121
code is 0 at line 122
code is 0 at line 123
code is 0 at line 124
code is 0 at line 125
code is 268435456 at line 126
code is 0 at line 127
code is 1390769252 at line 128
code is 67108864 at line 129
code is -937623552 at line 130
code is 0 at line 131
code is -937598976 at line 132
code is 0 at line 133
code is -937598976 at line 134
code is 0 at line 135
code is 939655168 at line 136
code is 0 at line 137
code is 939655168 at line 138
code is 0 at line 139
code is 16777216 at line 140
code is 0 at line 141
code is 795634018 at line 142
code is 909389676 at line 143
code is 1680698473 at line 144
code is 1853192237 at line 145
code is 2016949805 at line 146
code is 909389427 at line 147
code is 1865298432 at line 148
code is 67108864 at line 149
code is 268435456 at line 150
code is 16777216 at line 151
code is 1196315904 at line 152
code is 0 at line 153
code is 50331648 at line 154
code is 33554432 at line 155
code is 0 at line 156
code is 0 at line 157
code is 285212672 at line 158
code is 436207616 at line 159
code is 0 at line 160
code is 0 at line 161
code is 419430400 at line 162
code is 385875968 at line 163
code is 67108864 at line 164
code is 0 at line 165
code is 301989888 at line 166
code is 150994944 at line 167
code is 234881024 at line 168
code is 285212672 at line 169
code is 369098752 at line 170
code is 0 at line 171
code is 50331648 at line 172
code is 352321536 at line 173
code is 184549376 at line 174
code is 268435456 at line 175
code is 0 at line 176
code is 0 at line 177
code is 0 at line 178
code is 0 at line 179
code is 16777216 at line 180
code is 0 at line 181
code is 0 at line 182
code is 33554432 at line 183
code is 0 at line 184
code is 0 at line 185
code is 0 at line 186
code is 83886080 at line 187
code is 117440512 at line 188
code is 402653184 at line 189
code is 134217728 at line 190
code is 0 at line 191
code is 100663296 at line 192
code is 218103808 at line 193
code is 0 at line 194
code is 0 at line 195
code is 201326592 at line 196
code is 251658240 at line 197
code is 0 at line 198
code is 335544320 at line 199
code is 167772160 at line 200
code is 0 at line 201
code is 318767104 at line 202
code is 0 at line 203
code is 33554432 at line 204
code is 402653184 at line 205
code is 16777216 at line 206
code is 100663296 at line 207
code is 73728 at line 208
code is -2147483646 at line 209
code is 0 at line 210
code is 402653184 at line 211
code is 1716871440 at line 212
code is 972196636 at line 213
code is 0 at line 214
code is 0 at line 215
code is 0 at line 216
code is 0 at line 217
code is 0 at line 218
code is 0 at line 219
code is -369098752 at line 220
code is 301989888 at line 221
code is 0 at line 222
code is 0 at line 223
code is 0 at line 224
code is 0 at line 225
code is 2130706432 at line 226
code is 301989888 at line 227
code is 0 at line 228
code is 0 at line 229
code is 0 at line 230
code is 0 at line 231
code is 184549376 at line 232
code is 536870912 at line 233
code is 0 at line 234
code is 0 at line 235
code is 0 at line 236
code is 0 at line 237
code is 1912602624 at line 238
code is 301989888 at line 239
code is 0 at line 240
code is 0 at line 241
code is 0 at line 242
code is 0 at line 243
code is -1275068416 at line 244
code is 301989888 at line 245
code is 0 at line 246
code is 0 at line 247
code is 0 at line 248
code is 0 at line 249
code is -788529152 at line 250
code is 301989888 at line 251
code is 0 at line 252
code is 0 at line 253
code is 0 at line 254
code is 0 at line 255
code is -1962934272 at line 256
code is 301989888 at line 257
code is 0 at line 258
code is 0 at line 259
code is 0 at line 260
code is 0 at line 261
code is -1845493760 at line 262
code is 301989888 at line 263
code is 0 at line 264
code is 0 at line 265
code is 0 at line 266
code is 0 at line 267
code is -671088640 at line 268
code is 301989888 at line 269
code is 0 at line 270
code is 0 at line 271
code is 0 at line 272
code is 0 at line 273
code is -1744830464 at line 274
code is 301989888 at line 275
code is 0 at line 276
code is 0 at line 277
code is 0 at line 278
code is 0 at line 279
code is -805306368 at line 280
code is 301989888 at line 281
code is 0 at line 282
code is 0 at line 283
code is 0 at line 284
code is 0 at line 285
code is 1811939328 at line 286
code is 301989888 at line 287
code is 0 at line 288
code is 0 at line 289
code is 0 at line 290
code is 0 at line 291
code is 654311424 at line 292
code is 536870912 at line 293
code is 0 at line 294
code is 0 at line 295
code is 0 at line 296
code is 0 at line 297
code is -1392508928 at line 298
code is 301989888 at line 299
code is 0 at line 300
code is 0 at line 301
code is 0 at line 302
code is 0 at line 303
code is -1157627904 at line 304
code is 301989888 at line 305
code is 0 at line 306
code is 0 at line 307
code is 0 at line 308
code is 0 at line 309
code is 1509949440 at line 310
code is 301989888 at line 311
code is 0 at line 312
code is 0 at line 313
code is 0 at line 314
code is 0 at line 315
code is -1627389952 at line 316
code is 301989888 at line 317
code is 0 at line 318
code is 0 at line 319
code is 0 at line 320
code is 0 at line 321
code is 1996488704 at line 322
code is 301989888 at line 323
code is 0 at line 324
code is 0 at line 325
code is 0 at line 326
code is 0 at line 327
code is -1526726656 at line 328
code is 301989888 at line 329
code is 0 at line 330
code is 0 at line 331
code is 0 at line 332
code is 0 at line 333
code is 1711276032 at line 334
code is 301989888 at line 335
code is 0 at line 336
code is 0 at line 337
code is 0 at line 338
code is 0 at line 339
code is 1627389952 at line 340
code is 301989888 at line 341
code is 0 at line 342
code is 0 at line 343
code is 0 at line 344
code is 0 at line 345
code is -922746880 at line 346
code is 301989888 at line 347
code is 0 at line 348
code is 0 at line 349
code is 0 at line 350
code is 0 at line 351
code is 905969664 at line 352
code is 536870912 at line 353
code is 0 at line 354
code is 0 at line 355
code is 0 at line 356
code is 0 at line 357
code is -2063597568 at line 358
code is 285219072 at line 359
code is -534749184 at line 360
code is 0 at line 361
code is 134217728 at line 362
code is 0 at line 363
code is -1040187392 at line 364
code is 285219072 at line 365
code is 2187264 at line 366
code is 0 at line 367
code is 134217728 at line 368
code is 0 at line 369
code is 7104866 at line 370
code is 1831760751 at line 371
code is 775290975 at line 372
code is 1230261599 at line 373
code is 1684370021 at line 374
code is 1734964084 at line 375
code is 1701991501 at line 376
code is 1131179886 at line 377
code is 1700028770 at line 378
code is 1818558559 at line 379
code is 1600613743 at line 380
code is 1851749236 at line 381
code is 1634890847 at line 382
code is 1593859913 at line 383
code is 1414356850 at line 384
code is 1701276019 at line 385
code is 1952805460 at line 386
code is 1296264303 at line 387
code is 1852134497 at line 388
code is 1651270912 at line 389
code is 1818845795 at line 390
code is 779317038 at line 391
code is 905995878 at line 392
code is 1819636584 at line 393
code is 6649961 at line 394
code is 1946183279 at line 395
code is 1885695488 at line 396
code is 1718904172 at line 397
code is 1811968117 at line 398
code is 1953693810 at line 399
code is 1700883564 at line 400
code is 1868759137 at line 401
code is 1651470964 at line 402
code is 7566436 at line 403
code is 1768816754 at line 404
code is 1702324590 at line 405
code is 1677747815 at line 406
code is 1702126336 at line 407
code is 1667329132 at line 408
code is 1868759142 at line 409
code is 1936024939 at line 410
code is 7106414 at line 411
code is 1735028080 at line 412
code is 7169389 at line 413
code is 1668315392 at line 414
code is 1717791855 at line 415
code is 1935999085 at line 416
code is 1634495599 at line 417
code is 1660973940 at line 418
code is 1684370034 at line 419
code is 6715250 at line 420
code is 1769235712 at line 421
code is 1718645353 at line 422
code is 1853122048 at line 423
code is 1600089193 at line 424
code is 1650679667 at line 425
code is 1952543348 at line 426
code is 1601003881 at line 427
code is 1845519986 at line 428
code is 1701118023 at line 429
code is 1279869507 at line 430
code is 1597124145 at line 431
code is 872433484 at line 432
code is 1229079391 at line 433
code is 841888302 at line 434
code is 889192448 at line 435
code is 33554944 at line 436
code is 16777728 at line 437
code is 33554944 at line 438
code is 33554944 at line 439
code is 33554944 at line 440
code is 33554944 at line 441
code is 16777984 at line 442
code is 33554944 at line 443
code is 33554944 at line 444
code is 33554944 at line 445
code is 33554944 at line 446
code is 16777728 at line 447
code is 33554432 at line 448
code is 0 at line 449
code is 16777728 at line 450
code is 1342177280 at line 451
code is 268435456 at line 452
code is 0 at line 453
code is -1802398202 at line 454
code is 768 at line 455
code is -285212672 at line 456
code is 268435456 at line 457
code is 1964665097 at line 458
code is 512 at line 459
code is -100663296 at line 460
code is 0 at line 461
code is -669032448 at line 462
code is 0 at line 463
code is 100663296 at line 464
code is 50331648 at line 465
code is 0 at line 466
code is 0 at line 467
code is -534814720 at line 468
code is 0 at line 469
code is 100663296 at line 470
code is 150994944 at line 471
code is 0 at line 472
code is 0 at line 473
code is -400596992 at line 474
code is 0 at line 475
code is 100663296 at line 476
code is 218103808 at line 477
code is 0 at line 478
code is 0 at line 479
code is -266379264 at line 480
code is 0 at line 481
code is 100663296 at line 482
code is 385875968 at line 483
code is 0 at line 484
code is 0 at line 485
code is -132161536 at line 486
code is 0 at line 487
code is 100663296 at line 488
code is 419430400 at line 489
code is 0 at line 490
code is 0 at line 491
code is 2187264 at line 492
code is 0 at line 493
code is 83886080 at line 494
code is 419430400 at line 495
code is 0 at line 496
code is 0 at line 497
code is -534749184 at line 498
code is 0 at line 499
code is 83886080 at line 500
code is 402653184 at line 501
code is 0 at line 502
code is 0 at line 503
code is 404774912 at line 504
code is 0 at line 505
code is 117440512 at line 506
code is 16777216 at line 507
code is 0 at line 508
code is 0 at line 509
code is 538992640 at line 510
code is 0 at line 511
code is 117440512 at line 512
code is 33554432 at line 513
code is 0 at line 514
code is 0 at line 515
code is 673210368 at line 516
code is 0 at line 517
code is 117440512 at line 518
code is 67108864 at line 519
code is 0 at line 520
code is 0 at line 521
code is 807428096 at line 522
code is 0 at line 523
code is 117440512 at line 524
code is 83886080 at line 525
code is 0 at line 526
code is 0 at line 527
code is 941645824 at line 528
code is 0 at line 529
code is 117440512 at line 530
code is 100663296 at line 531
code is 0 at line 532
code is 0 at line 533
code is 1075863552 at line 534
code is 0 at line 535
code is 117440512 at line 536
code is 117440512 at line 537
code is 0 at line 538
code is 0 at line 539
code is 1210081280 at line 540
code is 0 at line 541
code is 117440512 at line 542
code is 134217728 at line 543
code is 0 at line 544
code is 0 at line 545
code is 1344299008 at line 546
code is 0 at line 547
code is 117440512 at line 548
code is 167772160 at line 549
code is 0 at line 550
code is 0 at line 551
code is 1478516736 at line 552
code is 0 at line 553
code is 117440512 at line 554
code is 184549376 at line 555
code is 0 at line 556
code is 0 at line 557
code is 1612734464 at line 558
code is 0 at line 559
code is 117440512 at line 560
code is 201326592 at line 561
code is 0 at line 562
code is 0 at line 563
code is 1746952192 at line 564
code is 0 at line 565
code is 117440512 at line 566
code is 234881024 at line 567
code is 0 at line 568
code is 0 at line 569
code is 1881169920 at line 570
code is 0 at line 571
code is 117440512 at line 572
code is 251658240 at line 573
code is 0 at line 574
code is 0 at line 575
code is 2015387648 at line 576
code is 0 at line 577
code is 117440512 at line 578
code is 268435456 at line 579
code is 0 at line 580
code is 0 at line 581
code is -2145361920 at line 582
code is 0 at line 583
code is 117440512 at line 584
code is 285212672 at line 585
code is 0 at line 586
code is 0 at line 587
code is -2011144192 at line 588
code is 0 at line 589
code is 117440512 at line 590
code is 301989888 at line 591
code is 0 at line 592
code is 0 at line 593
code is -1876926464 at line 594
code is 0 at line 595
code is 117440512 at line 596
code is 318767104 at line 597
code is 0 at line 598
code is 0 at line 599
code is -1742708736 at line 600
code is 0 at line 601
code is 117440512 at line 602
code is 335544320 at line 603
code is 0 at line 604
code is 0 at line 605
code is -1608491008 at line 606
code is 0 at line 607
code is 117440512 at line 608
code is 352321536 at line 609
code is 0 at line 610
code is 0 at line 611
code is -1474273280 at line 612
code is 0 at line 613
code is 117440512 at line 614
code is 369098752 at line 615
code is 0 at line 616
code is 0 at line 617
code is -217112838 at line 618
code is 1216605192 at line 619
code is 1217070385 at line 620
code is 371195976 at line 621
code is -2050984958 at line 622
code is -3127165 at line 623
code is -1006058752 at line 624
code is 0 at line 625
code is 0 at line 626
code is 0 at line 627
code is -13290986 at line 628
code is 536936229 at line 629
code is 873865216 at line 630
code is 253706240 at line 631
code is -14339562 at line 632
code is 536897536 at line 633
code is 233 at line 634
code is -520093697 at line 635
code is -14341610 at line 636
code is 536897537 at line 637
code is 233 at line 638
code is -788529153 at line 639
code is -14343658 at line 640
code is 536897538 at line 641
code is 233 at line 642
code is -1056964609 at line 643
code is -14345706 at line 644
code is 536897539 at line 645
code is 233 at line 646
code is -1325400065 at line 647
code is -14347754 at line 648
code is 536897540 at line 649
code is 233 at line 650
code is -1593835521 at line 651
code is -14349802 at line 652
code is 536897541 at line 653
code is 233 at line 654
code is -1862270977 at line 655
code is -14351850 at line 656
code is 536897542 at line 657
code is 233 at line 658
code is -2130706433 at line 659
code is -14288363 at line 660
code is 536897543 at line 661
code is 233 at line 662
code is 1895825407 at line 663
code is -14290411 at line 664
code is 536897544 at line 665
code is 233 at line 666
code is 1627389951 at line 667
code is -14292459 at line 668
code is 536897545 at line 669
code is 233 at line 670
code is 1358954495 at line 671
code is -14294507 at line 672
code is 536897546 at line 673
code is 233 at line 674
code is 1090519039 at line 675
code is -14296555 at line 676
code is 536897547 at line 677
code is 233 at line 678
code is 822083583 at line 679
code is -14298603 at line 680
code is 536897548 at line 681
code is 233 at line 682
code is 553648127 at line 683
code is -14300651 at line 684
code is 536897549 at line 685
code is 233 at line 686
code is 285212671 at line 687
code is -14302699 at line 688
code is 536897550 at line 689
code is 233 at line 690
code is 16777215 at line 691
code is -14304747 at line 692
code is 536897551 at line 693
code is 233 at line 694
code is -251723777 at line 695
code is -14306795 at line 696
code is 536897552 at line 697
code is 233 at line 698
code is -520159233 at line 699
code is -14308843 at line 700
code is 536897553 at line 701
code is 233 at line 702
code is -788594689 at line 703
code is -14310891 at line 704
code is 536897554 at line 705
code is 233 at line 706
code is -1057030145 at line 707
code is -217112838 at line 708
code is 837634441 at line 709
code is -782350199 at line 710
code is -498564124 at line 711
code is -263170999 at line 712
code is -943665129 at line 713
code is 1073760455 at line 714
code is -1050667200 at line 715
code is 4769735 at line 716
code is 1477263360 at line 717
code is -15359468 at line 718
code is 536933520 at line 719
code is -217112838 at line 720
code is -1016713713 at line 721
code is 528744448 at line 722
code is 144 at line 723
code is 1217215881 at line 724
code is 354418760 at line 725
code is -1929018859 at line 726
code is 536889401 at line 727
code is -126610104 at line 728
code is -1962578412 at line 729
code is 536889477 at line 730
code is -1066137089 at line 731
code is -535879808 at line 732
code is 0 at line 733
code is -1022419072 at line 734
code is 0 at line 735
code is 1217215833 at line 736
code is 354418760 at line 737
code is -1925885419 at line 738
code is 536889385 at line 739
code is -28800528 at line 740
code is 1220668991 at line 741
code is 1220671491 at line 742
code is 1208075848 at line 743
code is -771853292 at line 744
code is 1217070405 at line 745
code is 337641544 at line 746
code is -2050984952 at line 747
code is -2071025 at line 748
code is 524550144 at line 749
code is -1022419072 at line 750
code is 0 at line 751
code is -217112838 at line 752
code is -2143470315 at line 753
code is 536871029 at line 754
code is 324356233 at line 755
code is -437748993 at line 756
code is -14843 at line 757
code is 722804736 at line 758
code is 22922128 at line 759
code is -1016699346 at line 760
code is 253723648 at line 761
code is 0 at line 762
code is 253706240 at line 763
code is -217112838 at line 764
code is -343255736 at line 765
code is -1981431828 at line 766
code is 390070504 at line 767
code is -50462721 at line 768
code is -1872903339 at line 769
code is 1216996799 at line 770
code is -32030720 at line 771
code is -387187201 at line 772
code is -7316029 at line 773
code is 1430817253 at line 774
code is -1089726400 at line 775
code is 15260413 at line 776
code is -28579 at line 777
code is -1017821047 at line 778
code is -448232468 at line 779
code is 1078495613 at line 780
code is -934769851 at line 781
code is -927333888 at line 782
code is 48640 at line 783
code is 72 at line 784
code is -1983387547 at line 785
code is -16777400 at line 786
code is -1958361016 at line 787
code is -1983387623 at line 788
code is -16777286 at line 789
code is 67108864 at line 790
code is 1214499400 at line 791
code is -1723271175 at line 792
code is 1216955880 at line 793
code is 1217086920 at line 794
code is 1216989160 at line 795
code is -1124204545 at line 796
code is -1174142976 at line 797
code is 4754245 at line 798
code is -393619831 at line 799
code is -941043197 at line 800
code is 18569 at line 801
code is 1172326599 at line 802
code is 1173880832 at line 803
code is 60247 at line 804
code is -951716864 at line 805
code is 199 at line 806
code is 1173356544 at line 807
code is 60183 at line 808
code is -1050283000 at line 809
code is 1217086920 at line 810
code is 1216989160 at line 811
code is -1929510913 at line 812
code is 21361795 at line 813
code is 1173356984 at line 814
code is 67108864 at line 815
code is 960884860 at line 816
code is -548893883 at line 817
code is -125189560 at line 818
code is -1958354807 at line 819
code is -699889209 at line 820
code is -396163840 at line 821
code is 4753733 at line 822
code is -666334395 at line 823
code is -661957132 at line 824
code is -1995421565 at line 825
code is 1173881160 at line 826
code is -1958348728 at line 827
code is 994437244 at line 828
code is -1622635707 at line 829
code is -523648171 at line 830
code is 1216996680 at line 831
code is -2081677240 at line 832
code is -1988237113 at line 833
code is 1174142976 at line 834
code is 60211 at line 835
code is -1957299128 at line 836
code is -1958352759 at line 837
code is -699889209 at line 838
code is -400882432 at line 839
code is 4753733 at line 840
code is -263681211 at line 841
code is -259325813 at line 842
code is 1442613702 at line 843
code is -1088415680 at line 844
code is 12058624 at line 845
code is 59617 at line 846
code is -50331773 at line 847
code is 1174143304 at line 848
code is -1958352824 at line 849
code is -1983387544 at line 850
code is 83886137 at line 851
code is 1174174908 at line 852
code is -1869559357 at line 853
code is 1430817253 at line 854
code is 1216605232 at line 855
code is -1988240312 at line 856
code is -1988767560 at line 857
code is 0 at line 858
code is -393871617 at line 859
code is -4718592 at line 860
code is 59532 at line 861
code is -16777288 at line 862
code is 0 at line 863
code is -392954113 at line 864
code is -3717636 at line 865
code is 0 at line 866
code is -1869920772 at line 867
code is 994434173 at line 868
code is 915097052 at line 869
code is 726006915 at line 870
code is -134054358 at line 871
code is 1217086928 at line 872
code is 1217073224 at line 873
code is -1962585581 at line 874
code is 536919607 at line 875
code is 406847560 at line 876
code is -1983399936 at line 877
code is 232 at line 878
code is -1594032129 at line 879
code is -1090453504 at line 880
code is 15214333 at line 881
code is -28533 at line 882
code is 1172056901 at line 883
code is -58460159 at line 884
code is 2115287615 at line 885
code is 190 at line 886
code is 1293434880 at line 887
code is -1076355744 at line 888
code is 15257088 at line 889
code is 35653 at line 890
code is -63224356 at line 891
code is 2103544645 at line 892
code is -62351288 at line 893
code is -1928018688 at line 894
code is 72 at line 895
code is -1958358968 at line 896
code is 30427275 at line 897
code is 12472856 at line 898
code is 1073760393 at line 899
code is -941044996 at line 900
code is -46967 at line 901
code is 1173375107 at line 902
code is 2112880757 at line 903
code is 347750912 at line 904
code is 48717 at line 905
code is 406847679 at line 906
code is -669163520 at line 907
code is -394067968 at line 908
code is 4754245 at line 909
code is -263681593 at line 910
code is -387383809 at line 911
code is -12023483 at line 912
code is -397898939 at line 913
code is -263681593 at line 914
code is -390071297 at line 915
code is -1371320 at line 916
code is -1962572270 at line 917
code is 536889481 at line 918
code is -941045763 at line 919
code is -46967 at line 920
code is 1172850827 at line 921
code is 1172850825 at line 922
code is -941061634 at line 923
code is -46963 at line 924
code is 1172850825 at line 925
code is -941085949 at line 926
code is 47104 at line 927
code is 201 at line 928
code is -1022419200 at line 929
code is 1430817253 at line 930
code is 1216605200 at line 931
code is -1988232061 at line 932
code is 2113667189 at line 933
code is 465175808 at line 934
code is 18573 at line 935
code is 901777664 at line 936
code is 4754693 at line 937
code is 739188736 at line 938
code is 1216989160 at line 939
code is 67108864 at line 940
code is -909941104 at line 941
code is 1430817253 at line 942
code is 1397261292 at line 943
code is 944277885 at line 944
code is -666334859 at line 945
code is -796305972 at line 946
code is 1217201469 at line 947
code is 304087112 at line 948
code is -1962915703 at line 949
code is 1172850819 at line 950
code is 2111307893 at line 951
code is 465179392 at line 952
code is 18573 at line 953
code is 897911040 at line 954
code is 4754693 at line 955
code is -468836352 at line 956
code is 1216989160 at line 957
code is -1124073473 at line 958
code is 1216577000 at line 959
code is 1017337 at line 960
code is 72 at line 961
code is -1962546672 at line 962
code is 536889483 at line 963
code is 4753858 at line 964
code is 1217201508 at line 965
code is 150995016 at line 966
code is -1982744046 at line 967
code is 190 at line 968
code is 16777216 at line 969
code is 1216989160 at line 970
code is -788791297 at line 971
code is 1217086936 at line 972
code is 1217069128 at line 973
code is -2050984918 at line 974
code is 1217086936 at line 975
code is 1217073224 at line 976
code is -1928509431 at line 977
code is 18571 at line 978
code is 94834720 at line 979
code is 4754176 at line 980
code is 1216990792 at line 981
code is -1983399936 at line 982
code is 232 at line 983
code is -50659329 at line 984
code is -349878131 at line 985
code is 220793088 at line 986
code is 4754181 at line 987
code is -2079318016 at line 988
code is 1217069128 at line 989
code is -1957308344 at line 990
code is -1982969719 at line 991
code is -944242688 at line 992
code is 59605 at line 993
code is -83886264 at line 994
code is -2088906752 at line 995
code is 1949205373 at line 996
code is -872382936 at line 997
code is 1217207552 at line 998
code is 150995016 at line 999
code is -1962585584 at line 1000
code is 536889483 at line 1001
code is 9129420 at line 1002
code is 1217091024 at line 1003
code is 1216994888 at line 1004
code is -1983399936 at line 1005
code is 232 at line 1006
code is -1594163201 at line 1007
code is 1217070385 at line 1008
code is 270532680 at line 1009
code is -1962915703 at line 1010
code is -1035432699 at line 1011
code is -586678272 at line 1012
code is 1216991674 at line 1013
code is 201326592 at line 1014
code is -1107230720 at line 1015
code is 4753863 at line 1016
code is -401081345 at line 1017
code is -12023035 at line 1018
code is 135274496 at line 1019
code is 1217069128 at line 1020
code is -1983387483 at line 1021
code is -83886104 at line 1022
code is -252051457 at line 1023
code is 1217086952 at line 1024
code is 1217091032 at line 1025
code is 1216975072 at line 1026
code is 72 at line 1027
code is -1958352824 at line 1028
code is -1957310392 at line 1029
code is -1986998272 at line 1030
code is 18571 at line 1031
code is 1172867925 at line 1032
code is -863399720 at line 1033
code is 72 at line 1034
code is -1928995312 at line 1035
code is 536889483 at line 1036
code is 4754192 at line 1037
code is 1217201617 at line 1038
code is 270532680 at line 1039
code is -1995421557 at line 1040
code is 1172850819 at line 1041
code is -1073168895 at line 1042
code is 72 at line 1043
code is -1983387527 at line 1044
code is -83886192 at line 1045
code is 1430817253 at line 1046
code is 1397261292 at line 1047
code is 680099292 at line 1048
code is -1988765510 at line 1049
code is 184549376 at line 1050
code is 1217213771 at line 1051
code is 134217919 at line 1052
code is 268435456 at line 1053
code is -391445504 at line 1054
code is 4753733 at line 1055
code is -394035748 at line 1056
code is 8272779 at line 1057
code is 1171802211 at line 1058
code is -661961252 at line 1059
code is 1217968397 at line 1060
code is 72 at line 1061
code is -1927995384 at line 1062
code is 18569 at line 1063
code is -565671481 at line 1064
code is -401734400 at line 1065
code is 4753857 at line 1066
code is -1957308277 at line 1067
code is 1574717579 at line 1068
code is 1172867550 at line 1069
code is 1216989160 at line 1070
code is 637534208 at line 1071
code is -350647467 at line 1072
code is -661955108 at line 1073
code is 1217086952 at line 1074
code is -1191182336 at line 1075
code is 9035336 at line 1076
code is -1983387637 at line 1077
code is 72 at line 1078
code is -1958352824 at line 1079
code is -2084296613 at line 1080
code is -909945528 at line 1081
code is -1981462397 at line 1082
code is -333428599 at line 1083
code is 2113440117 at line 1084
code is -192326160 at line 1085
code is 1216957928 at line 1086
code is 1216577016 at line 1087
code is 7674810 at line 1088
code is 318767104 at line 1089
code is 1217213871 at line 1090
code is 117440584 at line 1091
code is -1929002484 at line 1092
code is 536889481 at line 1093
code is -941057283 at line 1094
code is -46973 at line 1095
code is 2112356468 at line 1096
code is 109280756 at line 1097
code is 8333443 at line 1098
code is 2113142901 at line 1099
code is 122192765 at line 1100
code is -402623461 at line 1101
code is -1173094400 at line 1102
code is 4754741 at line 1103
code is 2047279104 at line 1104
code is 1217201549 at line 1105
code is 203423816 at line 1106
code is -1983387547 at line 1107
code is -33554557 at line 1108
code is 2112880767 at line 1109
code is 465179904 at line 1110
code is 18573 at line 1111
code is 895026944 at line 1112
code is 4754693 at line 1113
code is 1812733952 at line 1114
code is 1216989160 at line 1115
code is 1157496831 at line 1116
code is 1217086968 at line 1117
code is -1957301111 at line 1118
code is 273189701 at line 1119
code is -125086224 at line 1120
code is -1991244669 at line 1121
code is 2113142910 at line 1122
code is 239635285 at line 1123
code is -397898939 at line 1124
code is -129463984 at line 1125
code is 149621832 at line 1126
code is -1958348728 at line 1127
code is -952104960 at line 1128
code is 201 at line 1129
code is -1017821047 at line 1130
code is -448232468 at line 1131
code is 273189245 at line 1132
code is -129465475 at line 1133
code is -134188020 at line 1134
code is 1217086968 at line 1135
code is 1217069128 at line 1136
code is -2050984675 at line 1137
code is -1172439040 at line 1138
code is 4754741 at line 1139
code is -368705536 at line 1140
code is 1217201661 at line 1141
code is 186646600 at line 1142
code is -1983387435 at line 1143
code is -50331669 at line 1144
code is 26232971 at line 1145
code is 1173899403 at line 1146
code is 4754240 at line 1147
code is 146415360 at line 1148
code is 18573 at line 1149
code is 901842432 at line 1150
code is 4753863 at line 1151
code is -395443200 at line 1152
code is 4754245 at line 1153
code is -129463552 at line 1154
code is 1221017608 at line 1155
code is 0 at line 1156
code is 1217086968 at line 1157
code is 1217069242 at line 1158
code is 536870912 at line 1159
code is 1217213847 at line 1160
code is 100663368 at line 1161
code is -1983387580 at line 1162
code is 67108936 at line 1163
code is -1958348728 at line 1164
code is -956301312 at line 1165
code is 51651 at line 1166
code is 1430817253 at line 1167
code is 1216605200 at line 1168
code is 1216970232 at line 1169
code is -1988758456 at line 1170
code is -2088896512 at line 1171
code is 1964751395 at line 1172
code is 72 at line 1173
code is -1925881850 at line 1174
code is 18573 at line 1175
code is 91425568 at line 1176
code is 4753863 at line 1177
code is -397673217 at line 1178
code is -8159756 at line 1179
code is 7867208 at line 1180
code is -1958348661 at line 1181
code is 3884532 at line 1182
code is 2132654628 at line 1183
code is 72 at line 1184
code is -1925893114 at line 1185
code is 18573 at line 1186
code is 88541984 at line 1187
code is 4753863 at line 1188
code is -400556801 at line 1189
code is -1375856 at line 1190
code is 1217086968 at line 1191
code is 1217089544 at line 1192
code is 1217086968 at line 1193
code is -1958738929 at line 1194
code is -1354369976 at line 1195
code is -1740075772 at line 1196
code is 46777173 at line 1197
code is 1216996680 at line 1198
code is -2081681336 at line 1199
code is -1988233144 at line 1200
code is -2088896512 at line 1201
code is 1964751400 at line 1202
code is 72 at line 1203
code is -1925847035 at line 1204
code is 18573 at line 1205
code is 100338208 at line 1206
code is 4753863 at line 1207
code is -388760577 at line 1208
code is -12022971 at line 1209
code is -125108023 at line 1210
code is -1017821047 at line 1211
code is -448232468 at line 1212
code is 273189245 at line 1213
code is -129465475 at line 1214
code is -134187749 at line 1215
code is -1171521536 at line 1216
code is 4754741 at line 1217
code is -1308295168 at line 1218
code is 1217201605 at line 1219
code is 169869384 at line 1220
code is -1983387491 at line 1221
code is -67109048 at line 1222
code is -1958348661 at line 1223
code is 1074055619 at line 1224
code is 1430817253 at line 1225
code is 1397261292 at line 1226
code is 407406973 at line 1227
code is -393644572 at line 1228
code is 1216577000 at line 1229
code is 7674810 at line 1230
code is 805306368 at line 1231
code is 1217213815 at line 1232
code is 83886152 at line 1233
code is -1929016822 at line 1234
code is 536889481 at line 1235
code is -941071621 at line 1236
code is -31875 at line 1237
code is -469731045 at line 1238
code is -1171193856 at line 1239
code is 4754741 at line 1240
code is 1443168256 at line 1241
code is 1217201513 at line 1242
code is 169869384 at line 1243
code is -1983387583 at line 1244
code is -67108989 at line 1245
code is 2112094325 at line 1246
code is 709397317 at line 1247
code is -397898944 at line 1248
code is 146420480 at line 1249
code is 18573 at line 1250
code is 892142848 at line 1251
code is 4753863 at line 1252
code is -388365824 at line 1253
code is 4754245 at line 1254
code is -397883584 at line 1255
code is 134217728 at line 1256
code is 15429704 at line 1257
code is -1958352757 at line 1258
code is 8765557 at line 1259
code is 776506181 at line 1260
code is -393527292 at line 1261
code is 263144932 at line 1262
code is 1217968693 at line 1263
code is 72 at line 1264
code is -1925843964 at line 1265
code is 18569 at line 1266
code is -941074943 at line 1267
code is 18569 at line 1268
code is -1035433147 at line 1269
code is -397899440 at line 1270
code is 149633096 at line 1271
code is -1958352757 at line 1272
code is 1074007983 at line 1273
code is 1172588643 at line 1274
code is -666334395 at line 1275
code is -397898944 at line 1276
code is 146355968 at line 1277
code is 18573 at line 1278
code is 364708864 at line 1279
code is 4753886 at line 1280
code is 1216989160 at line 1281
code is -1895694336 at line 1282
code is 1216987720 at line 1283
code is -1958352824 at line 1284
code is -1991243704 at line 1285
code is -1958352757 at line 1286
code is 1441040656 at line 1287
code is 1216594968 at line 1288
code is 1539949397 at line 1289
code is 1216996680 at line 1290
code is -2081677240 at line 1291
code is -1988237175 at line 1292
code is 1977895043 at line 1293
code is 2112356469 at line 1294
code is 465189888 at line 1295
code is 18573 at line 1296
code is 896861184 at line 1297
code is 4754693 at line 1298
code is -2012667904 at line 1299
code is 1216989160 at line 1300
code is 1627062271 at line 1301
code is -2088901632 at line 1302
code is 2031860285 at line 1303
code is 72 at line 1304
code is -1925884924 at line 1305
code is 18573 at line 1306
code is 90638624 at line 1307
code is 4753863 at line 1308
code is -398460161 at line 1309
code is -12022971 at line 1310
code is -393523196 at line 1311
code is -1958353783 at line 1312
code is -695613464 at line 1313
code is -855900161 at line 1314
code is 1216955896 at line 1315
code is 1217086968 at line 1316
code is -1961867125 at line 1317
code is 1172867840 at line 1318
code is 969047098 at line 1319
code is 1217086952 at line 1320
code is -1962900032 at line 1321
code is 2117093515 at line 1322
code is 1172867856 at line 1323
code is 1217086952 at line 1324
code is -1958738929 at line 1325
code is -1346221981 at line 1326
code is -800552123 at line 1327
code is -397898936 at line 1328
code is 138971973 at line 1329
code is -129463488 at line 1330
code is 138971598 at line 1331
code is 1216989160 at line 1332
code is -1460273153 at line 1333
code is -347584373 at line 1334
code is 1172867856 at line 1335
code is 1217086968 at line 1336
code is -1962919486 at line 1337
code is 2117617803 at line 1338
code is 1173916416 at line 1339
code is -2050982354 at line 1340
code is 1217086968 at line 1341
code is -1961867125 at line 1342
code is 1172867904 at line 1343
code is 68136898 at line 1344
code is 1214500936 at line 1345
code is -1958352824 at line 1346
code is -1958213560 at line 1347
code is -1958348728 at line 1348
code is -1958737848 at line 1349
code is -1982969719 at line 1350
code is -941072651 at line 1351
code is -46965 at line 1352
code is 1173932483 at line 1353
code is 1430817253 at line 1354
code is 1216605232 at line 1355
code is 1216970216 at line 1356
code is 1216968160 at line 1357
code is -1990861752 at line 1358
code is -2088900608 at line 1359
code is 2132523530 at line 1360
code is 72 at line 1361
code is -1925869821 at line 1362
code is 18573 at line 1363
code is 92473376 at line 1364
code is 4753863 at line 1365
code is -396625409 at line 1366
code is -12022971 at line 1367
code is -397899321 at line 1368
code is -400034305 at line 1369
code is -12023483 at line 1370
code is -129465475 at line 1371
code is -134187715 at line 1372
code is 1216576992 at line 1373
code is 7675322 at line 1374
code is 251658240 at line 1375
code is 1217213782 at line 1376
code is 50331720 at line 1377
code is -1929031160 at line 1378
code is 536889481 at line 1379
code is -941088007 at line 1380
code is -5351 at line 1381
code is -1957307320 at line 1382
code is -1958354872 at line 1383
code is -1983494003 at line 1384
code is 87492640 at line 1385
code is 4753863 at line 1386
code is -402130433 at line 1387
code is -12022971 at line 1388
code is -120994987 at line 1389
code is 1216996680 at line 1390
code is -2081673144 at line 1391
code is -1988237240 at line 1392
code is -1988763576 at line 1393
code is -1990862711 at line 1394
code is 1305757827 at line 1395
code is 2112356479 at line 1396
code is 465180672 at line 1397
code is 18573 at line 1398
code is 905708032 at line 1399
code is 4754693 at line 1400
code is -267968512 at line 1401
code is 1216989160 at line 1402
code is -923205633 at line 1403
code is 1216576992 at line 1404
code is 8330170 at line 1405
code is 419430400 at line 1406
code is 1217213914 at line 1407
code is 33554504 at line 1408
code is -1928999417 at line 1409
code is 536889481 at line 1410
code is -941054216 at line 1411
code is -46965 at line 1412
code is 1440761995 at line 1413
code is 1172850825 at line 1414
code is -699889209 at line 1415
code is -399772417 at line 1416
code is -12023483 at line 1417
code is -129465475 at line 1418
code is -134187715 at line 1419
code is 1216576984 at line 1420
code is 7675322 at line 1421
code is 503316480 at line 1422
code is 1217213850 at line 1423
code is 33554504 at line 1424
code is -1929013753 at line 1425
code is 536889481 at line 1426
code is -941070600 at line 1427
code is -5351 at line 1428
code is -1957309368 at line 1429
code is -1958356920 at line 1430
code is -1983494003 at line 1431
code is 91948832 at line 1432
code is 4753863 at line 1433
code is -397674241 at line 1434
code is -12022971 at line 1435
code is -120994987 at line 1436
code is 1216996680 at line 1437
code is -2081677240 at line 1438
code is -1988233144 at line 1439
code is -1988759415 at line 1440
code is 1441548419 at line 1441
code is 2113405044 at line 1442
code is 206080837 at line 1443
code is -129463865 at line 1444
code is -397937665 at line 1445
code is -3554475 at line 1446
code is 1216996680 at line 1447
code is -2081677240 at line 1448
code is -1988233144 at line 1449
code is -1988759480 at line 1450
code is -1990858615 at line 1451
code is 1306806403 at line 1452
code is 2113405045 at line 1453
code is 465185280 at line 1454
code is 18573 at line 1455
code is 890765824 at line 1456
code is 4754693 at line 1457
code is 201793536 at line 1458
code is 1216989160 at line 1459
code is -453509121 at line 1460
code is 1216577008 at line 1461
code is 8330170 at line 1462
code is 721420288 at line 1463
code is 1217213942 at line 1464
code is 16777288 at line 1465
code is -1928992250 at line 1466
code is 536889481 at line 1467
code is -941047049 at line 1468
code is -46965 at line 1469
code is 1441810571 at line 1470
code is 1173899401 at line 1471
code is -699889209 at line 1472
code is -390597633 at line 1473
code is -12023483 at line 1474
code is -129465475 at line 1475
code is -134187715 at line 1476
code is 1216577000 at line 1477
code is 7675322 at line 1478
code is 805306368 at line 1479
code is 1217213878 at line 1480
code is 16777288 at line 1481
code is -1929006586 at line 1482
code is 536889481 at line 1483
code is -941063433 at line 1484
code is -5351 at line 1485
code is -1957305272 at line 1486
code is -1958352824 at line 1487
code is -1983494003 at line 1488
code is 93783584 at line 1489
code is 4753863 at line 1490
code is -395839489 at line 1491
code is -12022971 at line 1492
code is -120994970 at line 1493
code is 253723648 at line 1494
code is 0 at line 1495
code is -217112838 at line 1496
code is 1096239497 at line 1497
code is -683583927 at line 1498
code is -1980350123 at line 1499
code is 1099562305 at line 1500
code is 1414303013 at line 1501
code is 1275469824 at line 1502
code is 1430818093 at line 1503
code is 1275469824 at line 1504
code is 1397500389 at line 1505
code is 1216605192 at line 1506
code is -401083649 at line 1507
code is -12008963 at line 1508
code is 57941809 at line 1509
code is -619765888 at line 1510
code is 0 at line 1511
code is 1284110924 at line 1512
code is -1980349303 at line 1513
code is -280887532 at line 1514
code is -599227453 at line 1515
code is 21510621 at line 1516
code is 1978288259 at line 1517
code is -1006085283 at line 1518
code is 1096565085 at line 1519
code is 1096696159 at line 1520
code is -1016699346 at line 1521
code is 253723648 at line 1522
code is 0 at line 1523
code is -217112838 at line 1524
code is -1023410176 at line 1525
code is -217112838 at line 1526
code is 1216605192 at line 1527
code is 1216594952 at line 1528
code is -1023410176 at line 1529
code is 16777728 at line 1530
code is 1751477356 at line 1531
code is 1864398185 at line 1532
code is 1853121906 at line 1533
code is 1886544244 at line 1534
code is 1694525541 at line 1535
code is 1819045664 at line 1536
code is 1970103661 at line 1537
code is 1869773056 at line 1538
code is 1751477356 at line 1539
code is 1864398181 at line 1540
code is 2019910517 at line 1541
code is 1952776192 at line 1542
code is 67108864 at line 1543
code is 1668244581 at line 1544
code is 543781664 at line 1545
code is 627318881 at line 1546
code is 1948281961 at line 1547
code is 1852121125 at line 1548
code is 1678377045 at line 1549
code is 1935763301 at line 1550
code is 975185267 at line 1551
code is 542860905 at line 1552
code is 1818586721 at line 1553
code is 1835359498 at line 1554
code is 7695662 at line 1555
code is 1660973568 at line 1556
code is 1098085221 at line 1557
code is 1920231791 at line 1558
code is 1847617121 at line 1559
code is 1768711524 at line 1560
code is 7565923 at line 1561
code is 794915699 at line 1562
code is 1701999662 at line 1563
code is 1660973938 at line 1564
code is 1664050552 at line 1565
code is 1667592308 at line 1566
code is 778240085 at line 1567
code is 1852006773 at line 1568
code is 1734898720 at line 1569
code is 1702388581 at line 1570
code is 1886677359 at line 1571
code is 1845501989 at line 1572
code is 1929388129 at line 1573
code is 1948266616 at line 1574
code is 628097056 at line 1575
code is 1918986611 at line 1576
code is 1701060705 at line 1577
code is 1948263795 at line 1578
code is 975528970 at line 1579
code is 6382191 at line 1580
code is 1920231790 at line 1581
code is 1731079726 at line 1582
code is 167801714 at line 1583
code is 1664054625 at line 1584
code is 1920098681 at line 1585
code is 778240065 at line 1586
code is 1819045731 at line 1587
code is 1635019119 at line 1588
code is 1847617121 at line 1589
code is 1768711524 at line 1590
code is 7565923 at line 1591
code is 795698541 at line 1592
code is 778240000 at line 1593
code is 18547515 at line 1594
code is -738197504 at line 1595
code is 419430400 at line 1596
code is -386859009 at line 1597
code is 402718720 at line 1598
code is 687013887 at line 1599
code is -268435456 at line 1600
code is 1492320255 at line 1601
code is 67174400 at line 1602
code is 250871807 at line 1603
code is 1073807360 at line 1604
code is 536084479 at line 1605
code is 1610678272 at line 1606
code is 821297151 at line 1607
code is -2147418112 at line 1608
code is 1106509823 at line 1609
code is -1610547200 at line 1610
code is 334823423 at line 1611
code is -1073676288 at line 1612
code is 1895104511 at line 1613
code is -536805376 at line 1614
code is -1594490881 at line 1615
code is 131072 at line 1616
code is -789184513 at line 1617
code is 537001984 at line 1618
code is 1895301119 at line 1619
code is 1073872896 at line 1620
code is -17301505 at line 1621
code is 1677852672 at line 1622
code is -1040646145 at line 1623
code is -2080243712 at line 1624
code is 1425670143 at line 1625
code is -1543372800 at line 1626
code is -805699585 at line 1627
code is -1006501888 at line 1628
code is 100335615 at line 1629
code is -469630976 at line 1630
code is 1023082495 at line 1631
code is 67305472 at line 1632
code is 1073479679 at line 1633
code is 671285248 at line 1634
code is 1090322431 at line 1635
code is 1208156160 at line 1636
code is -805502977 at line 1637
code is 1745027072 at line 1638
code is -1946288129 at line 1639
code is -2013069312 at line 1640
code is -1275199489 at line 1641
code is -1476198400 at line 1642
code is 2029977599 at line 1643
code is -939327488 at line 1644
code is -385941505 at line 1645
code is 268697600 at line 1646
code is 0 at line 1647
code is 335544320 at line 1648
code is 0 at line 1649
code is 24793600 at line 1650
code is 24645633 at line 1651
code is 453773064 at line 1652
code is -1878982656 at line 1653
code is 268435456 at line 1654
code is 469762048 at line 1655
code is 821166079 at line 1656
code is 788529152 at line 1657
code is 4458256 at line 1658
code is 268435456 at line 1659
code is 805306368 at line 1660
code is 1290928127 at line 1661
code is 83886080 at line 1662
code is 0 at line 1663
code is 603979776 at line 1664
code is 1140850688 at line 1665
code is -923795457 at line 1666
code is 1073807360 at line 1667
code is 921670 at line 1668
code is 236472847 at line 1669
code is 192350336 at line 1670
code is 4135483 at line 1671
code is 707994658 at line 1672
code is 0 at line 1673
code is 469762048 at line 1674
code is 1811939328 at line 1675
code is -957218817 at line 1676
code is 285212672 at line 1677
code is 4263440 at line 1678
code is -2046672115 at line 1679
code is 105647111 at line 1680
code is 134217728 at line 1681
code is 469762048 at line 1682
code is -1946157056 at line 1683
code is -1208877057 at line 1684
code is 285212672 at line 1685
code is 4263440 at line 1686
code is -2046672115 at line 1687
code is 105647111 at line 1688
code is 134217728 at line 1689
code is 469762048 at line 1690
code is -1409286144 at line 1691
code is -1460535297 at line 1692
code is 285212672 at line 1693
code is 4263440 at line 1694
code is -2046672115 at line 1695
code is 105647111 at line 1696
code is 134217728 at line 1697
code is 469762048 at line 1698
code is -872415232 at line 1699
code is -1712193537 at line 1700
code is -771751936 at line 1701
code is 4263440 at line 1702
code is -2046672115 at line 1703
code is 100846860 at line 1704
code is 117964800 at line 1705
code is 469762048 at line 1706
code is -335544320 at line 1707
code is 1274216447 at line 1708
code is 1560281088 at line 1709
code is 4263440 at line 1710
code is -2046672115 at line 1711
code is 100816908 at line 1712
code is 117964800 at line 1713
code is 469762048 at line 1714
code is 201392128 at line 1715
code is -1997340673 at line 1716
code is 755040256 at line 1717
code is 4263440 at line 1718
code is -2046672115 at line 1719
code is 100870145 at line 1720
code is 201787392 at line 1721
code is 469762048 at line 1722
code is 738263040 at line 1723
code is -1728839681 at line 1724
code is 771751936 at line 1725
code is 4263440 at line 1726
code is -2046672115 at line 1727
code is 107547655 at line 1728
code is 134217728 at line 1729
code is 469762048 at line 1730
code is 1275133952 at line 1731
code is -1460404225 at line 1732
code is -1627324416 at line 1733
code is 4263440 at line 1734
code is -2046672115 at line 1735
code is 105218819 at line 1736
code is 0 at line 1737
code is 536870912 at line 1738
code is 1812004864 at line 1739
code is 687210495 at line 1740
code is -1912602624 at line 1741
code is 4263440 at line 1742
code is -2046672115 at line 1743
code is 105218819 at line 1744
code is 42208263 at line 1745
code is 134217728 at line 1746
code is 469762048 at line 1747
code is -1878982656 at line 1748
code is -1829371905 at line 1749
code is -1023410176 at line 1750
code is 4263440 at line 1751
code is -2046672115 at line 1752
code is 100843020 at line 1753
code is 117964800 at line 1754
code is 469762048 at line 1755
code is -1342111744 at line 1756
code is 905379839 at line 1757
code is -1828716544 at line 1758
code is 4263440 at line 1759
code is -2046672115 at line 1760
code is 100830732 at line 1761
code is 117964800 at line 1762
code is 469762048 at line 1763
code is -805240832 at line 1764
code is -1460207617 at line 1765
code is 2063597568 at line 1766
code is 4263440 at line 1767
code is -2046672115 at line 1768
code is 100824588 at line 1769
code is 117964800 at line 1770
code is 469762048 at line 1771
code is -268369920 at line 1772
code is 66584575 at line 1773
code is 905969664 at line 1774
code is 4263440 at line 1775
code is -2046672115 at line 1776
code is 108071943 at line 1777
code is 134217728 at line 1778
code is 469762048 at line 1779
code is 268566528 at line 1780
code is 435683327 at line 1781
code is 922746880 at line 1782
code is 4263440 at line 1783
code is -2046672115 at line 1784
code is 108137479 at line 1785
code is 134217728 at line 1786
code is 536870912 at line 1787
code is 805437440 at line 1788
code is 821559295 at line 1789
code is 50397184 at line 1790
code is 4263440 at line 1791
code is -2046672115 at line 1792
code is 105218819 at line 1793
code is 49875975 at line 1794
code is 134217728 at line 1795
code is 469762048 at line 1796
code is 1409417216 at line 1797
code is 267976703 at line 1798
code is 16842752 at line 1799
code is 4263440 at line 1800
code is -2046672115 at line 1801
code is 100858892 at line 1802
code is 117964800 at line 1803
code is 469762048 at line 1804
code is 1946288128 at line 1805
code is -252116993 at line 1806
code is -1895825408 at line 1807
code is 4263440 at line 1808
code is -2046672115 at line 1809
code is 100829708 at line 1810
code is 117964800 at line 1811
code is 469762048 at line 1812
code is -1811808256 at line 1813
code is 1610219519 at line 1814
code is -1140850688 at line 1815
code is 4263440 at line 1816
code is -2046672115 at line 1817
code is 100841228 at line 1818
code is 117964800 at line 1819
code is 469762048 at line 1820
code is -1274937344 at line 1821
code is -67502081 at line 1822
code is 671088640 at line 1823
code is 4263440 at line 1824
code is -2046672115 at line 1825
code is 107154439 at line 1826
code is 134217728 at line 1827
code is 469762048 at line 1828
code is -738066432 at line 1829
code is 66781183 at line 1830
code is -1140850688 at line 1831
code is 4263440 at line 1832
code is -2046672115 at line 1833
code is 100841228 at line 1834
code is 117964800 at line 1835
code is 1140850688 at line 1836
code is -201195520 at line 1837
code is -1459945473 at line 1838
code is 1694498816 at line 1839
code is 4591120 at line 1840
code is -1895676658 at line 1841
code is 411960133 at line 1842
code is 237014276 at line 1843
code is 1158555788 at line 1844
code is 88608304 at line 1845
code is -2046408690 at line 1846
code is 948111175 at line 1847
code is 239103502 at line 1848
code is 943787568 at line 1849
code is 1091446850 at line 1850
code is 236995086 at line 1851
code is 406982160 at line 1852
code is 1108215808 at line 1853
code is 268435456 at line 1854
code is 1006829568 at line 1855
code is -788856833 at line 1856
code is 83886080 at line 1857
code is 0 at line 1858
code is 0 at line 1859
code is 0 at line 1860
code is 0 at line 1861
code is 0 at line 1862
code is 0 at line 1863
code is 0 at line 1864
code is 0 at line 1865
code is 0 at line 1866
code is 0 at line 1867
code is 0 at line 1868
code is 0 at line 1869
code is 0 at line 1870
code is 0 at line 1871
code is 0 at line 1872
code is 0 at line 1873
code is 0 at line 1874
code is 0 at line 1875
code is 0 at line 1876
code is 0 at line 1877
code is 0 at line 1878
code is 0 at line 1879
code is 0 at line 1880
code is 0 at line 1881
code is 0 at line 1882
code is 0 at line 1883
code is 0 at line 1884
code is 0 at line 1885
code is 0 at line 1886
code is 0 at line 1887
code is 0 at line 1888
code is 0 at line 1889
code is 0 at line 1890
code is 0 at line 1891
code is 0 at line 1892
code is 0 at line 1893
code is 0 at line 1894
code is 0 at line 1895
code is 0 at line 1896
code is 0 at line 1897
code is 0 at line 1898
code is 0 at line 1899
code is 0 at line 1900
code is 0 at line 1901
code is 0 at line 1902
code is 0 at line 1903
code is 0 at line 1904
code is 0 at line 1905
code is -267698176 at line 1906
code is 0 at line 1907
code is -1073004544 at line 1908
code is 0 at line 1909
code is 1410875392 at line 1910
code is 0 at line 1911
code is -887603200 at line 1912
code is 0 at line 1913
code is 16777216 at line 1914
code is 0 at line 1915
code is 16777216 at line 1916
code is 0 at line 1917
code is 16777216 at line 1918
code is 0 at line 1919
code is 1342177280 at line 1920
code is 0 at line 1921
code is 201326592 at line 1922
code is 0 at line 1923
code is -1475788800 at line 1924
code is 0 at line 1925
code is 218103808 at line 1926
code is 0 at line 1927
code is -669564928 at line 1928
code is 0 at line 1929
code is 419430400 at line 1930
code is 0 at line 1931
code is -937598976 at line 1932
code is 0 at line 1933
code is 452984832 at line 1934
code is 0 at line 1935
code is 134217728 at line 1936
code is 0 at line 1937
code is 436207616 at line 1938
code is 0 at line 1939
code is -803381248 at line 1940
code is 0 at line 1941
code is 469762048 at line 1942
code is 0 at line 1943
code is 134217728 at line 1944
code is 0 at line 1945
code is 67108864 at line 1946
code is 0 at line 1947
code is 2013413376 at line 1948
code is 0 at line 1949
code is -167837841 at line 1950
code is 0 at line 1951
code is 805519360 at line 1952
code is 0 at line 1953
code is 83886080 at line 1954
code is 0 at line 1955
code is -939180032 at line 1956
code is 0 at line 1957
code is 100663296 at line 1958
code is 0 at line 1959
code is 1476608000 at line 1960
code is 0 at line 1961
code is 167772160 at line 1962
code is 0 at line 1963
code is 100728832 at line 1964
code is 0 at line 1965
code is 184549376 at line 1966
code is 0 at line 1967
code is 402653184 at line 1968
code is 0 at line 1969
code is 352321536 at line 1970
code is 0 at line 1971
code is 0 at line 1972
code is 0 at line 1973
code is 50331648 at line 1974
code is 0 at line 1975
code is 2121728 at line 1976
code is 0 at line 1977
code is 33554432 at line 1978
code is 0 at line 1979
code is -939458560 at line 1980
code is 0 at line 1981
code is 335544320 at line 1982
code is 0 at line 1983
code is 117440512 at line 1984
code is 0 at line 1985
code is 385875968 at line 1986
code is 0 at line 1987
code is -536395776 at line 1988
code is 0 at line 1989
code is 117440512 at line 1990
code is 0 at line 1991
code is 939999232 at line 1992
code is 0 at line 1993
code is 134217728 at line 1994
code is 0 at line 1995
code is -1476395008 at line 1996
code is 0 at line 1997
code is 150994944 at line 1998
code is 0 at line 1999
code is 402653184 at line 2000
code is 0 at line 2001
code is -16777361 at line 2002
code is 0 at line 2003
code is 134692864 at line 2004
code is 0 at line 2005
code is -145 at line 2006
code is 0 at line 2007
code is 16777216 at line 2008
code is 0 at line 2009
code is -251658385 at line 2010
code is 0 at line 2011
code is -838451200 at line 2012
code is 0 at line 2013
code is 0 at line 2014
code is 0 at line 2015
code is 0 at line 2016
code is 0 at line 2017
code is 0 at line 2018
code is 0 at line 2019
code is 0 at line 2020
code is 0 at line 2021
code is 0 at line 2022
code is 0 at line 2023
code is 0 at line 2024
code is 0 at line 2025
code is 0 at line 2026
code is 0 at line 2027
code is 0 at line 2028
code is 0 at line 2029
code is 0 at line 2030
code is 0 at line 2031
code is 0 at line 2032
code is 0 at line 2033
code is 0 at line 2034
code is 0 at line 2035
code is 0 at line 2036
code is 0 at line 2037
code is 0 at line 2038
code is 0 at line 2039
code is 0 at line 2040
code is 0 at line 2041
code is 0 at line 2042
code is 0 at line 2043
code is 0 at line 2044
code is 0 at line 2045
code is 0 at line 2046
code is 0 at line 2047
code is -400728064 at line 2048
code is 0 at line 2049
code is 0 at line 2050
code is 0 at line 2051
code is 0 at line 2052
code is 0 at line 2053
code is -435601408 at line 2054
code is 0 at line 2055
code is -167165952 at line 2056
code is 0 at line 2057
code is 101335040 at line 2058
code is 0 at line 2059
code is 369770496 at line 2060
code is 0 at line 2061
code is 638205952 at line 2062
code is 0 at line 2063
code is 906641408 at line 2064
code is 0 at line 2065
code is 1175076864 at line 2066
code is 0 at line 2067
code is 1443512320 at line 2068
code is 0 at line 2069
code is 1711947776 at line 2070
code is 0 at line 2071
code is 1980383232 at line 2072
code is 0 at line 2073
code is -2046148608 at line 2074
code is 0 at line 2075
code is -1777713152 at line 2076
code is 0 at line 2077
code is -1509277696 at line 2078
code is 0 at line 2079
code is -1240842240 at line 2080
code is 0 at line 2081
code is -972406784 at line 2082
code is 0 at line 2083
code is -703971328 at line 2084
code is 0 at line 2085
code is -435535872 at line 2086
code is 0 at line 2087
code is -167100416 at line 2088
code is 0 at line 2089
code is 101400576 at line 2090
code is 0 at line 2091
code is 0 at line 2092
code is 0 at line 2093
code is 0 at line 2094
code is 0 at line 2095
code is 608789540 at line 2096
code is 0 at line 2097
code is 608789540 at line 2098
code is 170150244 at line 2099
code is 603979776 at line 2100
code is 608789540 at line 2101
code is 4670275 at line 2102
code is 975185991 at line 2103
code is 1314203936 at line 2104
code is 942552366 at line 2105
code is 807416368 at line 2106
code is 842084405 at line 2107
code is 825499688 at line 2108
code is 1382376480 at line 2109
code is 1214346272 at line 2110
code is 942552366 at line 2111
code is 808268088 at line 2112
code is 687884099 at line 2113
code is 1127882792 at line 2114
code is 1196315945 at line 2115
code is 540094766 at line 2116
code is 841887744 at line 2117
code is 4670275 at line 2118
code is 975185991 at line 2119
code is 1314203936 at line 2120
code is 875443502 at line 2121
code is 838860871 at line 2122
code is 1128479264 at line 2123
code is 675761749 at line 2124
code is 689976366 at line 2125
code is 892219904 at line 2126
code is 4670275 at line 2127
code is 975185991 at line 2128
code is 1314203936 at line 2129
code is 875443502 at line 2130
code is 838860871 at line 2131
code is 1128479264 at line 2132
code is 675761749 at line 2133
code is 689976366 at line 2134
code is 892219904 at line 2135
code is 184549376 at line 2136
code is 268435456 at line 2137
code is 65536 at line 2138
code is 1195451393 at line 2139
code is 862990640 at line 2140
code is 959709184 at line 2141
code is 1057701888 at line 2142
code is 0 at line 2143
code is 1057701888 at line 2144
code is 0 at line 2145
code is 520093696 at line 2146
code is 0 at line 2147
code is 65536 at line 2148
code is 1195451397 at line 2149
code is 1920298606 at line 2150
code is 1768843040 at line 2151
code is 1734566688 at line 2152
code is 942552366 at line 2153
code is 807416368 at line 2154
code is 842084405 at line 2155
code is 825491456 at line 2156
code is 520093696 at line 2157
code is 0 at line 2158
code is 65536 at line 2159
code is 1195451397 at line 2160
code is 1634627183 at line 2161
code is 1651076640 at line 2162
code is 1734566688 at line 2163
code is 942552366 at line 2164
code is 807416368 at line 2165
code is 842084405 at line 2166
code is 825491456 at line 2167
code is 486539264 at line 2168
code is 0 at line 2169
code is 65536 at line 2170
code is 1195451397 at line 2171
code is 1886156135 at line 2172
code is 1768824942 at line 2173
code is 1634559290 at line 2174
code is 543646563 at line 2175
code is 761359982 at line 2176
code is 1868720494 at line 2177
code is 0 at line 2178
code is 184549376 at line 2179
code is 0 at line 2180
code is 65536 at line 2181
code is 1195452999 at line 2182
code is 1331101738 at line 2183
code is 84017152 at line 2184
code is 100663296 at line 2185
code is 0 at line 2186
code is 65536 at line 2187
code is 1195452930 at line 2188
code is 0 at line 2189
code is 251658240 at line 2190
code is 0 at line 2191
code is 65536 at line 2192
code is 1195453299 at line 2193
code is 1952539499 at line 2194
code is 1600351329 at line 2195
code is 1936195584 at line 2196
code is 318767104 at line 2197
code is 0 at line 2198
code is 65536 at line 2199
code is 1195453027 at line 2200
code is 1717530738 at line 2201
code is 1869899107 at line 2202
code is 1953066862 at line 2203
code is 524288 at line 2204
code is 218103808 at line 2205
code is 0 at line 2206
code is 65536 at line 2207
code is 1195452998 at line 2208
code is 1330795593 at line 2209
code is 1180238079 at line 2210
code is 0 at line 2211
code is 369098752 at line 2212
code is 0 at line 2213
code is 65536 at line 2214
code is 1195453255 at line 2215
code is 1279869507 at line 2216
code is 1482186561 at line 2217
code is 1397966162 at line 2218
code is 1414090574 at line 2219
code is 1392508928 at line 2220
code is 100663296 at line 2221
code is 0 at line 2222
code is 65536 at line 2223
code is 1195452935 at line 2224
code is 50331648 at line 2225
code is 83886080 at line 2226
code is 0 at line 2227
code is 65536 at line 2228
code is 1195450632 at line 2229
code is 0 at line 2230
code is 369098752 at line 2231
code is 0 at line 2232
code is 65536 at line 2233
code is 1195453295 at line 2234
code is 1835627615 at line 2235
code is 1718772077 at line 2236
code is 1700753519 at line 2237
code is 1768846437 at line 2238
code is 1912602624 at line 2239
code is 100663296 at line 2240
code is 0 at line 2241
code is 65536 at line 2242
code is 1195452934 at line 2243
code is 301989888 at line 2244
code is 285212672 at line 2245
code is 0 at line 2246
code is 65536 at line 2247
code is 1195450739 at line 2248
code is 1952539499 at line 2249
code is 1601332577 at line 2250
code is 1818847086 at line 2251
code is 0 at line 2252
code is 184549376 at line 2253
code is 268435456 at line 2254
code is 65536 at line 2255
code is 1195451393 at line 2256
code is 862990640 at line 2257
code is 959709184 at line 2258
code is 269172736 at line 2259
code is 0 at line 2260
code is 269172736 at line 2261
code is 0 at line 2262
code is 520093696 at line 2263
code is 0 at line 2264
code is 65536 at line 2265
code is 1195451397 at line 2266
code is 1920298606 at line 2267
code is 1768843040 at line 2268
code is 1734566688 at line 2269
code is 942552366 at line 2270
code is 807416368 at line 2271
code is 842084405 at line 2272
code is 825491456 at line 2273
code is 520093696 at line 2274
code is 0 at line 2275
code is 65536 at line 2276
code is 1195451397 at line 2277
code is 1634627183 at line 2278
code is 1651076640 at line 2279
code is 1734566688 at line 2280
code is 942552366 at line 2281
code is 807416368 at line 2282
code is 842084405 at line 2283
code is 825491456 at line 2284
code is 486539264 at line 2285
code is 0 at line 2286
code is 65536 at line 2287
code is 1195451397 at line 2288
code is 1886156135 at line 2289
code is 1768824942 at line 2290
code is 1634559290 at line 2291
code is 543646563 at line 2292
code is 761359982 at line 2293
code is 1868720494 at line 2294
code is 0 at line 2295
code is 184549376 at line 2296
code is 0 at line 2297
code is 65536 at line 2298
code is 1195452999 at line 2299
code is 1331101738 at line 2300
code is 84017152 at line 2301
code is 100663296 at line 2302
code is 0 at line 2303
code is 65536 at line 2304
code is 1195452930 at line 2305
code is 0 at line 2306
code is 251658240 at line 2307
code is 0 at line 2308
code is 65536 at line 2309
code is 1195453299 at line 2310
code is 1952539499 at line 2311
code is 1600351329 at line 2312
code is 1936195584 at line 2313
code is 318767104 at line 2314
code is 0 at line 2315
code is 65536 at line 2316
code is 1195453027 at line 2317
code is 1717530738 at line 2318
code is 1869899107 at line 2319
code is 1953066862 at line 2320
code is 524288 at line 2321
code is 218103808 at line 2322
code is 0 at line 2323
code is 65536 at line 2324
code is 1195452998 at line 2325
code is 1330795593 at line 2326
code is 1180238079 at line 2327
code is 0 at line 2328
code is 369098752 at line 2329
code is 0 at line 2330
code is 65536 at line 2331
code is 1195453255 at line 2332
code is 1279869507 at line 2333
code is 1482186561 at line 2334
code is 1397966162 at line 2335
code is 1414090574 at line 2336
code is 1392508928 at line 2337
code is 100663296 at line 2338
code is 0 at line 2339
code is 65536 at line 2340
code is 1195452935 at line 2341
code is 50331648 at line 2342
code is 83886080 at line 2343
code is 0 at line 2344
code is 65536 at line 2345
code is 1195450632 at line 2346
code is 0 at line 2347
code is 369098752 at line 2348
code is 0 at line 2349
code is 65536 at line 2350
code is 1195453295 at line 2351
code is 1835627615 at line 2352
code is 1718772077 at line 2353
code is 1700753519 at line 2354
code is 1768846437 at line 2355
code is 1912602624 at line 2356
code is 100663296 at line 2357
code is 0 at line 2358
code is 65536 at line 2359
code is 1195452934 at line 2360
code is 301989888 at line 2361
code is 285212672 at line 2362
code is 0 at line 2363
code is 65536 at line 2364
code is 1195450739 at line 2365
code is 1952539499 at line 2366
code is 1601332577 at line 2367
code is 1818847086 at line 2368
code is 0 at line 2369
code is 184549376 at line 2370
code is 268435456 at line 2371
code is 65536 at line 2372
code is 1195451393 at line 2373
code is 862990640 at line 2374
code is 959709184 at line 2375
code is 269172736 at line 2376
code is 0 at line 2377
code is 269172736 at line 2378
code is 0 at line 2379
code is 520093696 at line 2380
code is 0 at line 2381
code is 65536 at line 2382
code is 1195451397 at line 2383
code is 1920298606 at line 2384
code is 1768843040 at line 2385
code is 1734566688 at line 2386
code is 942552366 at line 2387
code is 807416368 at line 2388
code is 842084405 at line 2389
code is 825491456 at line 2390
code is 520093696 at line 2391
code is 0 at line 2392
code is 65536 at line 2393
code is 1195451397 at line 2394
code is 1634627183 at line 2395
code is 1651076640 at line 2396
code is 1734566688 at line 2397
code is 942552366 at line 2398
code is 807416368 at line 2399
code is 842084405 at line 2400
code is 825491456 at line 2401
code is 486539264 at line 2402
code is 0 at line 2403
code is 65536 at line 2404
code is 1195451397 at line 2405
code is 1886156135 at line 2406
code is 1768824942 at line 2407
code is 1634559290 at line 2408
code is 543646563 at line 2409
code is 761359982 at line 2410
code is 1868720494 at line 2411
code is 0 at line 2412
code is 184549376 at line 2413
code is 0 at line 2414
code is 65536 at line 2415
code is 1195452999 at line 2416
code is 1331101738 at line 2417
code is 84017152 at line 2418
code is 100663296 at line 2419
code is 0 at line 2420
code is 65536 at line 2421
code is 1195452930 at line 2422
code is 0 at line 2423
code is 251658240 at line 2424
code is 0 at line 2425
code is 65536 at line 2426
code is 1195453299 at line 2427
code is 1952539499 at line 2428
code is 1600351329 at line 2429
code is 1936195584 at line 2430
code is 318767104 at line 2431
code is 0 at line 2432
code is 65536 at line 2433
code is 1195453027 at line 2434
code is 1717530738 at line 2435
code is 1869899107 at line 2436
code is 1953066862 at line 2437
code is 524288 at line 2438
code is 218103808 at line 2439
code is 0 at line 2440
code is 65536 at line 2441
code is 1195452998 at line 2442
code is 1330795593 at line 2443
code is 1180238079 at line 2444
code is 0 at line 2445
code is 369098752 at line 2446
code is 0 at line 2447
code is 65536 at line 2448
code is 1195453255 at line 2449
code is 1279869507 at line 2450
code is 1482186561 at line 2451
code is 1397966162 at line 2452
code is 1414090574 at line 2453
code is 1392508928 at line 2454
code is 100663296 at line 2455
code is 0 at line 2456
code is 65536 at line 2457
code is 1195452935 at line 2458
code is 50331648 at line 2459
code is 83886080 at line 2460
code is 0 at line 2461
code is 65536 at line 2462
code is 1195450632 at line 2463
code is 0 at line 2464
code is 369098752 at line 2465
code is 0 at line 2466
code is 65536 at line 2467
code is 1195453295 at line 2468
code is 1835627615 at line 2469
code is 1718772077 at line 2470
code is 1700753519 at line 2471
code is 1768846437 at line 2472
code is 1912602624 at line 2473
code is 100663296 at line 2474
code is 0 at line 2475
code is 65536 at line 2476
code is 1195452934 at line 2477
code is 301989888 at line 2478
code is 285212672 at line 2479
code is 0 at line 2480
code is 65536 at line 2481
code is 1195450739 at line 2482
code is 1952539499 at line 2483
code is 1601332577 at line 2484
code is 1818847086 at line 2485
code is 0 at line 2486
code is 184549376 at line 2487
code is 268435456 at line 2488
code is 65536 at line 2489
code is 1195451393 at line 2490
code is 862990640 at line 2491
code is 959709184 at line 2492
code is 269172736 at line 2493
code is 0 at line 2494
code is 269172736 at line 2495
code is 0 at line 2496
code is 520093696 at line 2497
code is 0 at line 2498
code is 65536 at line 2499
code is 1195451397 at line 2500
code is 1920298606 at line 2501
code is 1768843040 at line 2502
code is 1734566688 at line 2503
code is 942552366 at line 2504
code is 807416368 at line 2505
code is 842084405 at line 2506
code is 825491456 at line 2507
code is 520093696 at line 2508
code is 0 at line 2509
code is 65536 at line 2510
code is 1195451397 at line 2511
code is 1634627183 at line 2512
code is 1651076640 at line 2513
code is 1734566688 at line 2514
code is 942552366 at line 2515
code is 807416368 at line 2516
code is 842084405 at line 2517
code is 825491456 at line 2518
code is 486539264 at line 2519
code is 0 at line 2520
code is 65536 at line 2521
code is 1195451397 at line 2522
code is 1886156135 at line 2523
code is 1768824942 at line 2524
code is 1634559290 at line 2525
code is 543646563 at line 2526
code is 761359982 at line 2527
code is 1868720494 at line 2528
code is 0 at line 2529
code is 184549376 at line 2530
code is 0 at line 2531
code is 65536 at line 2532
code is 1195452999 at line 2533
code is 1331101738 at line 2534
code is 84017152 at line 2535
code is 100663296 at line 2536
code is 0 at line 2537
code is 65536 at line 2538
code is 1195452930 at line 2539
code is 0 at line 2540
code is 251658240 at line 2541
code is 0 at line 2542
code is 65536 at line 2543
code is 1195453299 at line 2544
code is 1952539499 at line 2545
code is 1600351329 at line 2546
code is 1936195584 at line 2547
code is 318767104 at line 2548
code is 0 at line 2549
code is 65536 at line 2550
code is 1195453027 at line 2551
code is 1717530738 at line 2552
code is 1869899107 at line 2553
code is 1953066862 at line 2554
code is 524288 at line 2555
code is 218103808 at line 2556
code is 0 at line 2557
code is 65536 at line 2558
code is 1195452998 at line 2559
code is 1330795593 at line 2560
code is 1180238079 at line 2561
code is 0 at line 2562
code is 369098752 at line 2563
code is 0 at line 2564
code is 65536 at line 2565
code is 1195453255 at line 2566
code is 1279869507 at line 2567
code is 1482186561 at line 2568
code is 1397966162 at line 2569
code is 1414090574 at line 2570
code is 1392508928 at line 2571
code is 100663296 at line 2572
code is 0 at line 2573
code is 65536 at line 2574
code is 1195452935 at line 2575
code is 50331648 at line 2576
code is 83886080 at line 2577
code is 0 at line 2578
code is 65536 at line 2579
code is 1195450632 at line 2580
code is 0 at line 2581
code is 369098752 at line 2582
code is 0 at line 2583
code is 65536 at line 2584
code is 1195453295 at line 2585
code is 1835627615 at line 2586
code is 1718772077 at line 2587
code is 1700753519 at line 2588
code is 1768846437 at line 2589
code is 1912602624 at line 2590
code is 100663296 at line 2591
code is 0 at line 2592
code is 65536 at line 2593
code is 1195452934 at line 2594
code is 301989888 at line 2595
code is 285212672 at line 2596
code is 0 at line 2597
code is 65536 at line 2598
code is 1195450739 at line 2599
code is 1952539499 at line 2600
code is 1601332577 at line 2601
code is 1818847086 at line 2602
code is 0 at line 2603
code is 184549376 at line 2604
code is 268435456 at line 2605
code is 65536 at line 2606
code is 1195451393 at line 2607
code is 862990640 at line 2608
code is 959709184 at line 2609
code is 269172736 at line 2610
code is 0 at line 2611
code is 269172736 at line 2612
code is 0 at line 2613
code is 520093696 at line 2614
code is 0 at line 2615
code is 65536 at line 2616
code is 1195451397 at line 2617
code is 1920298606 at line 2618
code is 1768843040 at line 2619
code is 1734566688 at line 2620
code is 942552366 at line 2621
code is 807416368 at line 2622
code is 842084405 at line 2623
code is 825491456 at line 2624
code is 520093696 at line 2625
code is 0 at line 2626
code is 65536 at line 2627
code is 1195451397 at line 2628
code is 1634627183 at line 2629
code is 1651076640 at line 2630
code is 1734566688 at line 2631
code is 942552366 at line 2632
code is 807416368 at line 2633
code is 842084405 at line 2634
code is 825491456 at line 2635
code is 486539264 at line 2636
code is 0 at line 2637
code is 65536 at line 2638
code is 1195451397 at line 2639
code is 1886156135 at line 2640
code is 1768824942 at line 2641
code is 1634559290 at line 2642
code is 543646563 at line 2643
code is 761359982 at line 2644
code is 1868720494 at line 2645
code is 0 at line 2646
code is 184549376 at line 2647
code is 0 at line 2648
code is 65536 at line 2649
code is 1195452999 at line 2650
code is 1331101738 at line 2651
code is 84017152 at line 2652
code is 100663296 at line 2653
code is 0 at line 2654
code is 65536 at line 2655
code is 1195452930 at line 2656
code is 0 at line 2657
code is 251658240 at line 2658
code is 0 at line 2659
code is 65536 at line 2660
code is 1195453299 at line 2661
code is 1952539499 at line 2662
code is 1600351329 at line 2663
code is 1936195584 at line 2664
code is 318767104 at line 2665
code is 0 at line 2666
code is 65536 at line 2667
code is 1195453027 at line 2668
code is 1717530738 at line 2669
code is 1869899107 at line 2670
code is 1953066862 at line 2671
code is 524288 at line 2672
code is 218103808 at line 2673
code is 0 at line 2674
code is 65536 at line 2675
code is 1195452998 at line 2676
code is 1330795593 at line 2677
code is 1180238079 at line 2678
code is 0 at line 2679
code is 369098752 at line 2680
code is 0 at line 2681
code is 65536 at line 2682
code is 1195453255 at line 2683
code is 1279869507 at line 2684
code is 1482186561 at line 2685
code is 1397966162 at line 2686
code is 1414090574 at line 2687
code is 1392508928 at line 2688
code is 100663296 at line 2689
code is 0 at line 2690
code is 65536 at line 2691
code is 1195452935 at line 2692
code is 50331648 at line 2693
code is 83886080 at line 2694
code is 0 at line 2695
code is 65536 at line 2696
code is 1195450632 at line 2697
code is 0 at line 2698
code is 369098752 at line 2699
code is 0 at line 2700
code is 65536 at line 2701
code is 1195453295 at line 2702
code is 1835627615 at line 2703
code is 1718772077 at line 2704
code is 1700753519 at line 2705
code is 1768846437 at line 2706
code is 1912602624 at line 2707
code is 100663296 at line 2708
code is 0 at line 2709
code is 65536 at line 2710
code is 1195452934 at line 2711
code is 301989888 at line 2712
code is 285212672 at line 2713
code is 0 at line 2714
code is 65536 at line 2715
code is 1195450739 at line 2716
code is 1952539499 at line 2717
code is 1601332577 at line 2718
code is 1818847086 at line 2719
code is 0 at line 2720
code is 184549376 at line 2721
code is 268435456 at line 2722
code is 65536 at line 2723
code is 1195451393 at line 2724
code is 862990640 at line 2725
code is 959709184 at line 2726
code is 1074479104 at line 2727
code is 0 at line 2728
code is 1057701888 at line 2729
code is 0 at line 2730
code is 520093696 at line 2731
code is 0 at line 2732
code is 65536 at line 2733
code is 1195451397 at line 2734
code is 1920298606 at line 2735
code is 1768843040 at line 2736
code is 1734566688 at line 2737
code is 942552366 at line 2738
code is 807416368 at line 2739
code is 842084405 at line 2740
code is 825491456 at line 2741
code is 520093696 at line 2742
code is 0 at line 2743
code is 65536 at line 2744
code is 1195451397 at line 2745
code is 1634627183 at line 2746
code is 1651076640 at line 2747
code is 1734566688 at line 2748
code is 942552366 at line 2749
code is 807416368 at line 2750
code is 842084405 at line 2751
code is 825491456 at line 2752
code is 486539264 at line 2753
code is 0 at line 2754
code is 65536 at line 2755
code is 1195451397 at line 2756
code is 1886156135 at line 2757
code is 1768824942 at line 2758
code is 1634559290 at line 2759
code is 543646563 at line 2760
code is 761359982 at line 2761
code is 1868720494 at line 2762
code is 0 at line 2763
code is 184549376 at line 2764
code is 0 at line 2765
code is 65536 at line 2766
code is 1195452999 at line 2767
code is 1331101738 at line 2768
code is 84017152 at line 2769
code is 100663296 at line 2770
code is 0 at line 2771
code is 65536 at line 2772
code is 1195452930 at line 2773
code is 0 at line 2774
code is 251658240 at line 2775
code is 0 at line 2776
code is 65536 at line 2777
code is 1195453299 at line 2778
code is 1952539499 at line 2779
code is 1600351329 at line 2780
code is 1936195584 at line 2781
code is 318767104 at line 2782
code is 0 at line 2783
code is 65536 at line 2784
code is 1195453027 at line 2785
code is 1717530738 at line 2786
code is 1869899107 at line 2787
code is 1953066862 at line 2788
code is 524288 at line 2789
code is 218103808 at line 2790
code is 0 at line 2791
code is 65536 at line 2792
code is 1195452998 at line 2793
code is 1330795593 at line 2794
code is 1180238079 at line 2795
code is 0 at line 2796
code is 369098752 at line 2797
code is 0 at line 2798
code is 65536 at line 2799
code is 1195453255 at line 2800
code is 1279869507 at line 2801
code is 1482186561 at line 2802
code is 1397966162 at line 2803
code is 1414090574 at line 2804
code is 1392508928 at line 2805
code is 100663296 at line 2806
code is 0 at line 2807
code is 65536 at line 2808
code is 1195452935 at line 2809
code is 50331648 at line 2810
code is 83886080 at line 2811
code is 0 at line 2812
code is 65536 at line 2813
code is 1195450632 at line 2814
code is 0 at line 2815
code is 369098752 at line 2816
code is 0 at line 2817
code is 65536 at line 2818
code is 1195453295 at line 2819
code is 1835627615 at line 2820
code is 1718772077 at line 2821
code is 1700753519 at line 2822
code is 1768846437 at line 2823
code is 1912602624 at line 2824
code is 100663296 at line 2825
code is 0 at line 2826
code is 65536 at line 2827
code is 1195452934 at line 2828
code is 301989888 at line 2829
code is 285212672 at line 2830
code is 0 at line 2831
code is 65536 at line 2832
code is 1195450739 at line 2833
code is 1952539499 at line 2834
code is 1601332577 at line 2835
code is 1818847086 at line 2836
code is 0 at line 2837
code is 218103808 at line 2838
code is 268435456 at line 2839
code is 16842752 at line 2840
code is 1195452998 at line 2841
code is 1330795593 at line 2842
code is 1180238079 at line 2843
code is 0 at line 2844
code is 1074479104 at line 2845
code is 0 at line 2846
code is 1158365184 at line 2847
code is 0 at line 2848
code is 369098752 at line 2849
code is 268435456 at line 2850
code is 16842752 at line 2851
code is 1195453255 at line 2852
code is 1279869507 at line 2853
code is 1482186561 at line 2854
code is 1397966162 at line 2855
code is 1414090574 at line 2856
code is 1392508928 at line 2857
code is 1074479104 at line 2858
code is 0 at line 2859
code is 1158365184 at line 2860
code is 0 at line 2861
code is 184549376 at line 2862
code is 268435456 at line 2863
code is 65536 at line 2864
code is 1195451393 at line 2865
code is 862990640 at line 2866
code is 959709184 at line 2867
code is 269172736 at line 2868
code is 0 at line 2869
code is 269172736 at line 2870
code is 0 at line 2871
code is 520093696 at line 2872
code is 0 at line 2873
code is 65536 at line 2874
code is 1195451397 at line 2875
code is 1920298606 at line 2876
code is 1768843040 at line 2877
code is 1734566688 at line 2878
code is 942552366 at line 2879
code is 807416368 at line 2880
code is 842084405 at line 2881
code is 825491456 at line 2882
code is 520093696 at line 2883
code is 0 at line 2884
code is 65536 at line 2885
code is 1195451397 at line 2886
code is 1634627183 at line 2887
code is 1651076640 at line 2888
code is 1734566688 at line 2889
code is 942552366 at line 2890
code is 807416368 at line 2891
code is 842084405 at line 2892
code is 825491456 at line 2893
code is 486539264 at line 2894
code is 0 at line 2895
code is 65536 at line 2896
code is 1195451397 at line 2897
code is 1886156135 at line 2898
code is 1768824942 at line 2899
code is 1634559290 at line 2900
code is 543646563 at line 2901
code is 761359982 at line 2902
code is 1868720494 at line 2903
code is 0 at line 2904
code is 184549376 at line 2905
code is 0 at line 2906
code is 65536 at line 2907
code is 1195452999 at line 2908
code is 1331101738 at line 2909
code is 84017152 at line 2910
code is 100663296 at line 2911
code is 0 at line 2912
code is 65536 at line 2913
code is 1195452930 at line 2914
code is 0 at line 2915
code is 251658240 at line 2916
code is 0 at line 2917
code is 65536 at line 2918
code is 1195453299 at line 2919
code is 1952539499 at line 2920
code is 1600351329 at line 2921
code is 1936195584 at line 2922
code is 318767104 at line 2923
code is 0 at line 2924
code is 65536 at line 2925
code is 1195453027 at line 2926
code is 1717530738 at line 2927
code is 1869899107 at line 2928
code is 1953066862 at line 2929
code is 524288 at line 2930
code is 218103808 at line 2931
code is 0 at line 2932
code is 65536 at line 2933
code is 1195452998 at line 2934
code is 1330795593 at line 2935
code is 1180238079 at line 2936
code is 0 at line 2937
code is 369098752 at line 2938
code is 0 at line 2939
code is 65536 at line 2940
code is 1195453255 at line 2941
code is 1279869507 at line 2942
code is 1482186561 at line 2943
code is 1397966162 at line 2944
code is 1414090574 at line 2945
code is 1392508928 at line 2946
code is 100663296 at line 2947
code is 0 at line 2948
code is 65536 at line 2949
code is 1195452935 at line 2950
code is 50331648 at line 2951
code is 83886080 at line 2952
code is 0 at line 2953
code is 65536 at line 2954
code is 1195450632 at line 2955
code is 0 at line 2956
code is 369098752 at line 2957
code is 0 at line 2958
code is 65536 at line 2959
code is 1195453295 at line 2960
code is 1835627615 at line 2961
code is 1718772077 at line 2962
code is 1700753519 at line 2963
code is 1768846437 at line 2964
code is 1912602624 at line 2965
code is 100663296 at line 2966
code is 0 at line 2967
code is 65536 at line 2968
code is 1195452934 at line 2969
code is 301989888 at line 2970
code is 285212672 at line 2971
code is 0 at line 2972
code is 65536 at line 2973
code is 1195450739 at line 2974
code is 1952539499 at line 2975
code is 1601332577 at line 2976
code is 1818847086 at line 2977
code is 0 at line 2978
code is 184549376 at line 2979
code is 268435456 at line 2980
code is 65536 at line 2981
code is 1195451393 at line 2982
code is 862990640 at line 2983
code is 959709184 at line 2984
code is 269172736 at line 2985
code is 0 at line 2986
code is 269172736 at line 2987
code is 0 at line 2988
code is 520093696 at line 2989
code is 0 at line 2990
code is 65536 at line 2991
code is 1195451397 at line 2992
code is 1920298606 at line 2993
code is 1768843040 at line 2994
code is 1734566688 at line 2995
code is 942552366 at line 2996
code is 807416368 at line 2997
code is 842084405 at line 2998
code is 825491456 at line 2999
code is 520093696 at line 3000
code is 0 at line 3001
code is 65536 at line 3002
code is 1195451397 at line 3003
code is 1634627183 at line 3004
code is 1651076640 at line 3005
code is 1734566688 at line 3006
code is 942552366 at line 3007
code is 807416368 at line 3008
code is 842084405 at line 3009
code is 825491456 at line 3010
code is 486539264 at line 3011
code is 0 at line 3012
code is 65536 at line 3013
code is 1195451397 at line 3014
code is 1886156135 at line 3015
code is 1768824942 at line 3016
code is 1634559290 at line 3017
code is 543646563 at line 3018
code is 761359982 at line 3019
code is 1868720494 at line 3020
code is 0 at line 3021
code is 184549376 at line 3022
code is 0 at line 3023
code is 65536 at line 3024
code is 1195452999 at line 3025
code is 1331101738 at line 3026
code is 84017152 at line 3027
code is 100663296 at line 3028
code is 0 at line 3029
code is 65536 at line 3030
code is 1195452930 at line 3031
code is 0 at line 3032
code is 251658240 at line 3033
code is 0 at line 3034
code is 65536 at line 3035
code is 1195453299 at line 3036
code is 1952539499 at line 3037
code is 1600351329 at line 3038
code is 1936195584 at line 3039
code is 318767104 at line 3040
code is 0 at line 3041
code is 65536 at line 3042
code is 1195453027 at line 3043
code is 1717530738 at line 3044
code is 1869899107 at line 3045
code is 1953066862 at line 3046
code is 524288 at line 3047
code is 218103808 at line 3048
code is 0 at line 3049
code is 65536 at line 3050
code is 1195452998 at line 3051
code is 1330795593 at line 3052
code is 1180238079 at line 3053
code is 0 at line 3054
code is 369098752 at line 3055
code is 0 at line 3056
code is 65536 at line 3057
code is 1195453255 at line 3058
code is 1279869507 at line 3059
code is 1482186561 at line 3060
code is 1397966162 at line 3061
code is 1414090574 at line 3062
code is 1392508928 at line 3063
code is 100663296 at line 3064
code is 0 at line 3065
code is 65536 at line 3066
code is 1195452935 at line 3067
code is 50331648 at line 3068
code is 83886080 at line 3069
code is 0 at line 3070
code is 65536 at line 3071
code is 1195450632 at line 3072
code is 0 at line 3073
code is 369098752 at line 3074
code is 0 at line 3075
code is 65536 at line 3076
code is 1195453295 at line 3077
code is 1835627615 at line 3078
code is 1718772077 at line 3079
code is 1700753519 at line 3080
code is 1768846437 at line 3081
code is 1912602624 at line 3082
code is 100663296 at line 3083
code is 0 at line 3084
code is 65536 at line 3085
code is 1195452934 at line 3086
code is 301989888 at line 3087
code is 285212672 at line 3088
code is 0 at line 3089
code is 65536 at line 3090
code is 1195450739 at line 3091
code is 1952539499 at line 3092
code is 1601332577 at line 3093
code is 1818847086 at line 3094
code is 0 at line 3095
code is 184549376 at line 3096
code is 268435456 at line 3097
code is 65536 at line 3098
code is 1195451393 at line 3099
code is 862990640 at line 3100
code is 959709184 at line 3101
code is 269172736 at line 3102
code is 0 at line 3103
code is 269172736 at line 3104
code is 0 at line 3105
code is 520093696 at line 3106
code is 0 at line 3107
code is 65536 at line 3108
code is 1195451397 at line 3109
code is 1920298606 at line 3110
code is 1768843040 at line 3111
code is 1734566688 at line 3112
code is 942552366 at line 3113
code is 807416368 at line 3114
code is 842084405 at line 3115
code is 825491456 at line 3116
code is 520093696 at line 3117
code is 0 at line 3118
code is 65536 at line 3119
code is 1195451397 at line 3120
code is 1634627183 at line 3121
code is 1651076640 at line 3122
code is 1734566688 at line 3123
code is 942552366 at line 3124
code is 807416368 at line 3125
code is 842084405 at line 3126
code is 825491456 at line 3127
code is 486539264 at line 3128
code is 0 at line 3129
code is 65536 at line 3130
code is 1195451397 at line 3131
code is 1886156135 at line 3132
code is 1768824942 at line 3133
code is 1634559290 at line 3134
code is 543646563 at line 3135
code is 761359982 at line 3136
code is 1868720494 at line 3137
code is 0 at line 3138
code is 184549376 at line 3139
code is 0 at line 3140
code is 65536 at line 3141
code is 1195452999 at line 3142
code is 1331101738 at line 3143
code is 84017152 at line 3144
code is 100663296 at line 3145
code is 0 at line 3146
code is 65536 at line 3147
code is 1195452930 at line 3148
code is 0 at line 3149
code is 251658240 at line 3150
code is 0 at line 3151
code is 65536 at line 3152
code is 1195453299 at line 3153
code is 1952539499 at line 3154
code is 1600351329 at line 3155
code is 1936195584 at line 3156
code is 318767104 at line 3157
code is 0 at line 3158
code is 65536 at line 3159
code is 1195453027 at line 3160
code is 1717530738 at line 3161
code is 1869899107 at line 3162
code is 1953066862 at line 3163
code is 524288 at line 3164
code is 218103808 at line 3165
code is 0 at line 3166
code is 65536 at line 3167
code is 1195452998 at line 3168
code is 1330795593 at line 3169
code is 1180238079 at line 3170
code is 0 at line 3171
code is 369098752 at line 3172
code is 0 at line 3173
code is 65536 at line 3174
code is 1195453255 at line 3175
code is 1279869507 at line 3176
code is 1482186561 at line 3177
code is 1397966162 at line 3178
code is 1414090574 at line 3179
code is 1392508928 at line 3180
code is 100663296 at line 3181
code is 0 at line 3182
code is 65536 at line 3183
code is 1195452935 at line 3184
code is 50331648 at line 3185
code is 83886080 at line 3186
code is 0 at line 3187
code is 65536 at line 3188
code is 1195450632 at line 3189
code is 0 at line 3190
code is 369098752 at line 3191
code is 0 at line 3192
code is 65536 at line 3193
code is 1195453295 at line 3194
code is 1835627615 at line 3195
code is 1718772077 at line 3196
code is 1700753519 at line 3197
code is 1768846437 at line 3198
code is 1912602624 at line 3199
code is 100663296 at line 3200
code is 0 at line 3201
code is 65536 at line 3202
code is 1195452934 at line 3203
code is 301989888 at line 3204
code is 285212672 at line 3205
code is 0 at line 3206
code is 65536 at line 3207
code is 1195450739 at line 3208
code is 1952539499 at line 3209
code is 1601332577 at line 3210
code is 1818847086 at line 3211
code is 0 at line 3212
code is 184549376 at line 3213
code is 268435456 at line 3214
code is 65536 at line 3215
code is 1195451393 at line 3216
code is 862990640 at line 3217
code is 959709184 at line 3218
code is 269172736 at line 3219
code is 0 at line 3220
code is 269172736 at line 3221
code is 0 at line 3222
code is 520093696 at line 3223
code is 0 at line 3224
code is 65536 at line 3225
code is 1195451397 at line 3226
code is 1920298606 at line 3227
code is 1768843040 at line 3228
code is 1734566688 at line 3229
code is 942552366 at line 3230
code is 807416368 at line 3231
code is 842084405 at line 3232
code is 825491456 at line 3233
code is 520093696 at line 3234
code is 0 at line 3235
code is 65536 at line 3236
code is 1195451397 at line 3237
code is 1634627183 at line 3238
code is 1651076640 at line 3239
code is 1734566688 at line 3240
code is 942552366 at line 3241
code is 807416368 at line 3242
code is 842084405 at line 3243
code is 825491456 at line 3244
code is 486539264 at line 3245
code is 0 at line 3246
code is 65536 at line 3247
code is 1195451397 at line 3248
code is 1886156135 at line 3249
code is 1768824942 at line 3250
code is 1634559290 at line 3251
code is 543646563 at line 3252
code is 761359982 at line 3253
code is 1868720494 at line 3254
code is 0 at line 3255
code is 184549376 at line 3256
code is 0 at line 3257
code is 65536 at line 3258
code is 1195452999 at line 3259
code is 1331101738 at line 3260
code is 84017152 at line 3261
code is 100663296 at line 3262
code is 0 at line 3263
code is 65536 at line 3264
code is 1195452930 at line 3265
code is 0 at line 3266
code is 251658240 at line 3267
code is 0 at line 3268
code is 65536 at line 3269
code is 1195453299 at line 3270
code is 1952539499 at line 3271
code is 1600351329 at line 3272
code is 1936195584 at line 3273
code is 318767104 at line 3274
code is 0 at line 3275
code is 65536 at line 3276
code is 1195453027 at line 3277
code is 1717530738 at line 3278
code is 1869899107 at line 3279
code is 1953066862 at line 3280
code is 524288 at line 3281
code is 218103808 at line 3282
code is 0 at line 3283
code is 65536 at line 3284
code is 1195452998 at line 3285
code is 1330795593 at line 3286
code is 1180238079 at line 3287
code is 0 at line 3288
code is 369098752 at line 3289
code is 0 at line 3290
code is 65536 at line 3291
code is 1195453255 at line 3292
code is 1279869507 at line 3293
code is 1482186561 at line 3294
code is 1397966162 at line 3295
code is 1414090574 at line 3296
code is 1392508928 at line 3297
code is 100663296 at line 3298
code is 0 at line 3299
code is 65536 at line 3300
code is 1195452935 at line 3301
code is 50331648 at line 3302
code is 83886080 at line 3303
code is 0 at line 3304
code is 65536 at line 3305
code is 1195450632 at line 3306
code is 0 at line 3307
code is 369098752 at line 3308
code is 0 at line 3309
code is 65536 at line 3310
code is 1195453295 at line 3311
code is 1835627615 at line 3312
code is 1718772077 at line 3313
code is 1700753519 at line 3314
code is 1768846437 at line 3315
code is 1912602624 at line 3316
code is 100663296 at line 3317
code is 0 at line 3318
code is 65536 at line 3319
code is 1195452934 at line 3320
code is 301989888 at line 3321
code is 285212672 at line 3322
code is 0 at line 3323
code is 65536 at line 3324
code is 1195450739 at line 3325
code is 1952539499 at line 3326
code is 1601332577 at line 3327
code is 1818847086 at line 3328
code is 0 at line 3329
code is 134217728 at line 3330
code is 268435456 at line 3331
code is 65536 at line 3332
code is 1195451393 at line 3333
code is 862007552 at line 3334
code is 269172736 at line 3335
code is 0 at line 3336
code is 1057701888 at line 3337
code is 0 at line 3338
code is 134217728 at line 3339
code is 268435456 at line 3340
code is 65536 at line 3341
code is 1195451393 at line 3342
code is 862007552 at line 3343
code is 1057701888 at line 3344
code is 0 at line 3345
code is 1057701888 at line 3346
code is 0 at line 3347
code is 134217728 at line 3348
code is 268435456 at line 3349
code is 65536 at line 3350
code is 1195451393 at line 3351
code is 862007552 at line 3352
code is 1158365184 at line 3353
code is 0 at line 3354
code is 1158365184 at line 3355
code is 0 at line 3356
code is 134217728 at line 3357
code is 268435456 at line 3358
code is 65536 at line 3359
code is 1195451393 at line 3360
code is 862007552 at line 3361
code is -1475788800 at line 3362
code is 0 at line 3363
code is -1106690048 at line 3364
code is 0 at line 3365
code is 134217728 at line 3366
code is 268435456 at line 3367
code is 65536 at line 3368
code is 1195451393 at line 3369
code is 862007552 at line 3370
code is -669564928 at line 3371
code is 0 at line 3372
code is -535347200 at line 3373
code is 0 at line 3374
code is 184549376 at line 3375
code is 268435456 at line 3376
code is 65536 at line 3377
code is 1195451393 at line 3378
code is 862990640 at line 3379
code is 959709184 at line 3380
code is 1612136448 at line 3381
code is 0 at line 3382
code is -719896576 at line 3383
code is 0 at line 3384
code is 520093696 at line 3385
code is 0 at line 3386
code is 65536 at line 3387
code is 1195451397 at line 3388
code is 1920298606 at line 3389
code is 1768843040 at line 3390
code is 1734566688 at line 3391
code is 942552366 at line 3392
code is 807416368 at line 3393
code is 842084405 at line 3394
code is 825491456 at line 3395
code is 520093696 at line 3396
code is 0 at line 3397
code is 65536 at line 3398
code is 1195451397 at line 3399
code is 1634627183 at line 3400
code is 1651076640 at line 3401
code is 1734566688 at line 3402
code is 942552366 at line 3403
code is 807416368 at line 3404
code is 842084405 at line 3405
code is 825491456 at line 3406
code is 486539264 at line 3407
code is 0 at line 3408
code is 65536 at line 3409
code is 1195451397 at line 3410
code is 1886156135 at line 3411
code is 1768824942 at line 3412
code is 1634559290 at line 3413
code is 543646563 at line 3414
code is 761359982 at line 3415
code is 1868720494 at line 3416
code is 0 at line 3417
code is 184549376 at line 3418
code is 0 at line 3419
code is 65536 at line 3420
code is 1195452999 at line 3421
code is 1331101738 at line 3422
code is 84017152 at line 3423
code is 100663296 at line 3424
code is 0 at line 3425
code is 65536 at line 3426
code is 1195452930 at line 3427
code is 50331648 at line 3428
code is 251658240 at line 3429
code is 0 at line 3430
code is 65536 at line 3431
code is 1195453299 at line 3432
code is 1952539499 at line 3433
code is 1600351329 at line 3434
code is 1936195584 at line 3435
code is 318767104 at line 3436
code is 0 at line 3437
code is 65536 at line 3438
code is 1195453027 at line 3439
code is 1717530738 at line 3440
code is 1869899107 at line 3441
code is 1953066862 at line 3442
code is 524288 at line 3443
code is 218103808 at line 3444
code is 0 at line 3445
code is 65536 at line 3446
code is 1195452998 at line 3447
code is 1330795593 at line 3448
code is 1180237826 at line 3449
code is 0 at line 3450
code is 369098752 at line 3451
code is 0 at line 3452
code is 65536 at line 3453
code is 1195453255 at line 3454
code is 1279869507 at line 3455
code is 1482186561 at line 3456
code is 1397966162 at line 3457
code is 1414090574 at line 3458
code is 1392508928 at line 3459
code is 100663296 at line 3460
code is 0 at line 3461
code is 65536 at line 3462
code is 1195452935 at line 3463
code is 33554432 at line 3464
code is 83886080 at line 3465
code is 0 at line 3466
code is 65536 at line 3467
code is 1195450632 at line 3468
code is 0 at line 3469
code is 369098752 at line 3470
code is 0 at line 3471
code is 65536 at line 3472
code is 1195453295 at line 3473
code is 1835627615 at line 3474
code is 1718772077 at line 3475
code is 1700753519 at line 3476
code is 1768846437 at line 3477
code is 1912602624 at line 3478
code is 100663296 at line 3479
code is 0 at line 3480
code is 65536 at line 3481
code is 1195452934 at line 3482
code is 301989888 at line 3483
code is 285212672 at line 3484
code is 0 at line 3485
code is 65536 at line 3486
code is 1195450739 at line 3487
code is 1952539499 at line 3488
code is 1601332577 at line 3489
code is 1818847086 at line 3490
code is 0 at line 3491
code is 218103808 at line 3492
code is 268435456 at line 3493
code is 16842752 at line 3494
code is 1195452998 at line 3495
code is 1330795593 at line 3496
code is 1180237826 at line 3497
code is 0 at line 3498
code is 1612136448 at line 3499
code is 0 at line 3500
code is -988332032 at line 3501
code is 0 at line 3502
code is 369098752 at line 3503
code is 268435456 at line 3504
code is 16842752 at line 3505
code is 1195453255 at line 3506
code is 1279869507 at line 3507
code is 1482186561 at line 3508
code is 1397966162 at line 3509
code is 1414090574 at line 3510
code is 1392508928 at line 3511
code is 1612136448 at line 3512
code is 0 at line 3513
code is -988332032 at line 3514
code is 0 at line 3515
code is 218103808 at line 3516
code is 268435456 at line 3517
code is 16842752 at line 3518
code is 1195452998 at line 3519
code is 1330795593 at line 3520
code is 1180237826 at line 3521
code is 0 at line 3522
code is -988332032 at line 3523
code is 0 at line 3524
code is -719896576 at line 3525
code is 0 at line 3526
code is 369098752 at line 3527
code is 268435456 at line 3528
code is 16842752 at line 3529
code is 1195453255 at line 3530
code is 1279869507 at line 3531
code is 1482186561 at line 3532
code is 1397966162 at line 3533
code is 1414090574 at line 3534
code is 1392508928 at line 3535
code is -988332032 at line 3536
code is 0 at line 3537
code is -719896576 at line 3538
code is 0 at line 3539
code is 184549376 at line 3540
code is 268435456 at line 3541
code is 65536 at line 3542
code is 1195451393 at line 3543
code is 862990640 at line 3544
code is 959709184 at line 3545
code is 269172736 at line 3546
code is 0 at line 3547
code is 269172736 at line 3548
code is 0 at line 3549
code is 520093696 at line 3550
code is 0 at line 3551
code is 65536 at line 3552
code is 1195451397 at line 3553
code is 1920298606 at line 3554
code is 1768843040 at line 3555
code is 1734566688 at line 3556
code is 942552366 at line 3557
code is 807416368 at line 3558
code is 842084405 at line 3559
code is 825491456 at line 3560
code is 520093696 at line 3561
code is 0 at line 3562
code is 65536 at line 3563
code is 1195451397 at line 3564
code is 1634627183 at line 3565
code is 1651076640 at line 3566
code is 1734566688 at line 3567
code is 942552366 at line 3568
code is 807416368 at line 3569
code is 842084405 at line 3570
code is 825491456 at line 3571
code is 486539264 at line 3572
code is 0 at line 3573
code is 65536 at line 3574
code is 1195451397 at line 3575
code is 1886156135 at line 3576
code is 1768824942 at line 3577
code is 1634559290 at line 3578
code is 543646563 at line 3579
code is 761359982 at line 3580
code is 1868720494 at line 3581
code is 0 at line 3582
code is 184549376 at line 3583
code is 0 at line 3584
code is 65536 at line 3585
code is 1195452999 at line 3586
code is 1331101738 at line 3587
code is 84017152 at line 3588
code is 100663296 at line 3589
code is 0 at line 3590
code is 65536 at line 3591
code is 1195452930 at line 3592
code is 50331648 at line 3593
code is 251658240 at line 3594
code is 0 at line 3595
code is 65536 at line 3596
code is 1195453299 at line 3597
code is 1952539499 at line 3598
code is 1600351329 at line 3599
code is 1936195584 at line 3600
code is 318767104 at line 3601
code is 0 at line 3602
code is 65536 at line 3603
code is 1195453027 at line 3604
code is 1717530738 at line 3605
code is 1869899107 at line 3606
code is 1953066862 at line 3607
code is 524288 at line 3608
code is 218103808 at line 3609
code is 0 at line 3610
code is 65536 at line 3611
code is 1195452998 at line 3612
code is 1330795593 at line 3613
code is 1180237826 at line 3614
code is 0 at line 3615
code is 369098752 at line 3616
code is 0 at line 3617
code is 65536 at line 3618
code is 1195453255 at line 3619
code is 1279869507 at line 3620
code is 1482186561 at line 3621
code is 1397966162 at line 3622
code is 1414090574 at line 3623
code is 1392508928 at line 3624
code is 100663296 at line 3625
code is 0 at line 3626
code is 65536 at line 3627
code is 1195452935 at line 3628
code is 33554432 at line 3629
code is 83886080 at line 3630
code is 0 at line 3631
code is 65536 at line 3632
code is 1195450632 at line 3633
code is 0 at line 3634
code is 369098752 at line 3635
code is 0 at line 3636
code is 65536 at line 3637
code is 1195453295 at line 3638
code is 1835627615 at line 3639
code is 1718772077 at line 3640
code is 1700753519 at line 3641
code is 1768846437 at line 3642
code is 1912602624 at line 3643
code is 100663296 at line 3644
code is 0 at line 3645
code is 65536 at line 3646
code is 1195452934 at line 3647
code is 301989888 at line 3648
code is 285212672 at line 3649
code is 0 at line 3650
code is 65536 at line 3651
code is 1195450739 at line 3652
code is 1952539499 at line 3653
code is 1601332577 at line 3654
code is 1818847086 at line 3655
code is 0 at line 3656
code is 184549376 at line 3657
code is 268435456 at line 3658
code is 65536 at line 3659
code is 1195451393 at line 3660
code is 862990640 at line 3661
code is 959709184 at line 3662
code is 269172736 at line 3663
code is 0 at line 3664
code is 269172736 at line 3665
code is 0 at line 3666
code is 520093696 at line 3667
code is 0 at line 3668
code is 65536 at line 3669
code is 1195451397 at line 3670
code is 1920298606 at line 3671
code is 1768843040 at line 3672
code is 1734566688 at line 3673
code is 942552366 at line 3674
code is 807416368 at line 3675
code is 842084405 at line 3676
code is 825491456 at line 3677
code is 520093696 at line 3678
code is 0 at line 3679
code is 65536 at line 3680
code is 1195451397 at line 3681
code is 1634627183 at line 3682
code is 1651076640 at line 3683
code is 1734566688 at line 3684
code is 942552366 at line 3685
code is 807416368 at line 3686
code is 842084405 at line 3687
code is 825491456 at line 3688
code is 486539264 at line 3689
code is 0 at line 3690
code is 65536 at line 3691
code is 1195451397 at line 3692
code is 1886156135 at line 3693
code is 1768824942 at line 3694
code is 1634559290 at line 3695
code is 543646563 at line 3696
code is 761359982 at line 3697
code is 1868720494 at line 3698
code is 0 at line 3699
code is 184549376 at line 3700
code is 0 at line 3701
code is 65536 at line 3702
code is 1195452999 at line 3703
code is 1331101738 at line 3704
code is 84017152 at line 3705
code is 100663296 at line 3706
code is 0 at line 3707
code is 65536 at line 3708
code is 1195452930 at line 3709
code is 50331648 at line 3710
code is 251658240 at line 3711
code is 0 at line 3712
code is 65536 at line 3713
code is 1195453299 at line 3714
code is 1952539499 at line 3715
code is 1600351329 at line 3716
code is 1936195584 at line 3717
code is 318767104 at line 3718
code is 0 at line 3719
code is 65536 at line 3720
code is 1195453027 at line 3721
code is 1717530738 at line 3722
code is 1869899107 at line 3723
code is 1953066862 at line 3724
code is 524288 at line 3725
code is 218103808 at line 3726
code is 0 at line 3727
code is 65536 at line 3728
code is 1195452998 at line 3729
code is 1330795593 at line 3730
code is 1180237826 at line 3731
code is 0 at line 3732
code is 369098752 at line 3733
code is 0 at line 3734
code is 65536 at line 3735
code is 1195453255 at line 3736
code is 1279869507 at line 3737
code is 1482186561 at line 3738
code is 1397966162 at line 3739
code is 1414090574 at line 3740
code is 1392508928 at line 3741
code is 100663296 at line 3742
code is 0 at line 3743
code is 65536 at line 3744
code is 1195452935 at line 3745
code is 33554432 at line 3746
code is 83886080 at line 3747
code is 0 at line 3748
code is 65536 at line 3749
code is 1195450632 at line 3750
code is 0 at line 3751
code is 369098752 at line 3752
code is 0 at line 3753
code is 65536 at line 3754
code is 1195453295 at line 3755
code is 1835627615 at line 3756
code is 1718772077 at line 3757
code is 1700753519 at line 3758
code is 1768846437 at line 3759
code is 1912602624 at line 3760
code is 100663296 at line 3761
code is 0 at line 3762
code is 65536 at line 3763
code is 1195452934 at line 3764
code is 301989888 at line 3765
code is 285212672 at line 3766
code is 0 at line 3767
code is 65536 at line 3768
code is 1195450739 at line 3769
code is 1952539499 at line 3770
code is 1601332577 at line 3771
code is 1818847086 at line 3772
code is 0 at line 3773
code is 184549376 at line 3774
code is 268435456 at line 3775
code is 65536 at line 3776
code is 1195451393 at line 3777
code is 862990640 at line 3778
code is 959709184 at line 3779
code is 269172736 at line 3780
code is 0 at line 3781
code is 269172736 at line 3782
code is 0 at line 3783
code is 520093696 at line 3784
code is 0 at line 3785
code is 65536 at line 3786
code is 1195451397 at line 3787
code is 1920298606 at line 3788
code is 1768843040 at line 3789
code is 1734566688 at line 3790
code is 942552366 at line 3791
code is 807416368 at line 3792
code is 842084405 at line 3793
code is 825491456 at line 3794
code is 520093696 at line 3795
code is 0 at line 3796
code is 65536 at line 3797
code is 1195451397 at line 3798
code is 1634627183 at line 3799
code is 1651076640 at line 3800
code is 1734566688 at line 3801
code is 942552366 at line 3802
code is 807416368 at line 3803
code is 842084405 at line 3804
code is 825491456 at line 3805
code is 486539264 at line 3806
code is 0 at line 3807
code is 65536 at line 3808
code is 1195451397 at line 3809
code is 1886156135 at line 3810
code is 1768824942 at line 3811
code is 1634559290 at line 3812
code is 543646563 at line 3813
code is 761359982 at line 3814
code is 1868720494 at line 3815
code is 0 at line 3816
code is 184549376 at line 3817
code is 0 at line 3818
code is 65536 at line 3819
code is 1195452999 at line 3820
code is 1331101738 at line 3821
code is 84017152 at line 3822
code is 100663296 at line 3823
code is 0 at line 3824
code is 65536 at line 3825
code is 1195452930 at line 3826
code is 50331648 at line 3827
code is 251658240 at line 3828
code is 0 at line 3829
code is 65536 at line 3830
code is 1195453299 at line 3831
code is 1952539499 at line 3832
code is 1600351329 at line 3833
code is 1936195584 at line 3834
code is 318767104 at line 3835
code is 0 at line 3836
code is 65536 at line 3837
code is 1195453027 at line 3838
code is 1717530738 at line 3839
code is 1869899107 at line 3840
code is 1953066862 at line 3841
code is 524288 at line 3842
code is 218103808 at line 3843
code is 0 at line 3844
code is 65536 at line 3845
code is 1195452998 at line 3846
code is 1330795593 at line 3847
code is 1180237826 at line 3848
code is 0 at line 3849
code is 369098752 at line 3850
code is 0 at line 3851
code is 65536 at line 3852
code is 1195453255 at line 3853
code is 1279869507 at line 3854
code is 1482186561 at line 3855
code is 1397966162 at line 3856
code is 1414090574 at line 3857
code is 1392508928 at line 3858
code is 100663296 at line 3859
code is 0 at line 3860
code is 65536 at line 3861
code is 1195452935 at line 3862
code is 33554432 at line 3863
code is 83886080 at line 3864
code is 0 at line 3865
code is 65536 at line 3866
code is 1195450632 at line 3867
code is 0 at line 3868
code is 369098752 at line 3869
code is 0 at line 3870
code is 65536 at line 3871
code is 1195453295 at line 3872
code is 1835627615 at line 3873
code is 1718772077 at line 3874
code is 1700753519 at line 3875
code is 1768846437 at line 3876
code is 1912602624 at line 3877
code is 100663296 at line 3878
code is 0 at line 3879
code is 65536 at line 3880
code is 1195452934 at line 3881
code is 301989888 at line 3882
code is 285212672 at line 3883
code is 0 at line 3884
code is 65536 at line 3885
code is 1195450739 at line 3886
code is 1952539499 at line 3887
code is 1601332577 at line 3888
code is 1818847086 at line 3889
code is 0 at line 3890
code is 184549376 at line 3891
code is 268435456 at line 3892
code is 65536 at line 3893
code is 1195451393 at line 3894
code is 862990640 at line 3895
code is 959709184 at line 3896
code is 269172736 at line 3897
code is 0 at line 3898
code is 269172736 at line 3899
code is 0 at line 3900
code is 520093696 at line 3901
code is 0 at line 3902
code is 65536 at line 3903
code is 1195451397 at line 3904
code is 1920298606 at line 3905
code is 1768843040 at line 3906
code is 1734566688 at line 3907
code is 942552366 at line 3908
code is 807416368 at line 3909
code is 842084405 at line 3910
code is 825491456 at line 3911
code is 520093696 at line 3912
code is 0 at line 3913
code is 65536 at line 3914
code is 1195451397 at line 3915
code is 1634627183 at line 3916
code is 1651076640 at line 3917
code is 1734566688 at line 3918
code is 942552366 at line 3919
code is 807416368 at line 3920
code is 842084405 at line 3921
code is 825491456 at line 3922
code is 486539264 at line 3923
code is 0 at line 3924
code is 65536 at line 3925
code is 1195451397 at line 3926
code is 1886156135 at line 3927
code is 1768824942 at line 3928
code is 1634559290 at line 3929
code is 543646563 at line 3930
code is 761359982 at line 3931
code is 1868720494 at line 3932
code is 0 at line 3933
code is 184549376 at line 3934
code is 0 at line 3935
code is 65536 at line 3936
code is 1195452999 at line 3937
code is 1331101738 at line 3938
code is 84017152 at line 3939
code is 100663296 at line 3940
code is 0 at line 3941
code is 65536 at line 3942
code is 1195452930 at line 3943
code is 50331648 at line 3944
code is 251658240 at line 3945
code is 0 at line 3946
code is 65536 at line 3947
code is 1195453299 at line 3948
code is 1952539499 at line 3949
code is 1600351329 at line 3950
code is 1936195584 at line 3951
code is 318767104 at line 3952
code is 0 at line 3953
code is 65536 at line 3954
code is 1195453027 at line 3955
code is 1717530738 at line 3956
code is 1869899107 at line 3957
code is 1953066862 at line 3958
code is 524288 at line 3959
code is 218103808 at line 3960
code is 0 at line 3961
code is 65536 at line 3962
code is 1195452998 at line 3963
code is 1330795593 at line 3964
code is 1180237826 at line 3965
code is 0 at line 3966
code is 369098752 at line 3967
code is 0 at line 3968
code is 65536 at line 3969
code is 1195453255 at line 3970
code is 1279869507 at line 3971
code is 1482186561 at line 3972
code is 1397966162 at line 3973
code is 1414090574 at line 3974
code is 1392508928 at line 3975
code is 100663296 at line 3976
code is 0 at line 3977
code is 65536 at line 3978
code is 1195452935 at line 3979
code is 33554432 at line 3980
code is 83886080 at line 3981
code is 0 at line 3982
code is 65536 at line 3983
code is 1195450632 at line 3984
code is 0 at line 3985
code is 369098752 at line 3986
code is 0 at line 3987
code is 65536 at line 3988
code is 1195453295 at line 3989
code is 1835627615 at line 3990
code is 1718772077 at line 3991
code is 1700753519 at line 3992
code is 1768846437 at line 3993
code is 1912602624 at line 3994
code is 100663296 at line 3995
code is 0 at line 3996
code is 65536 at line 3997
code is 1195452934 at line 3998
code is 301989888 at line 3999
code is 285212672 at line 4000
code is 0 at line 4001
code is 65536 at line 4002
code is 1195450739 at line 4003
code is 1952539499 at line 4004
code is 1601332577 at line 4005
code is 1818847086 at line 4006
code is 0 at line 4007
code is 134217728 at line 4008
code is 268435456 at line 4009
code is 65536 at line 4010
code is 1195451393 at line 4011
code is 862007552 at line 4012
code is -719896576 at line 4013
code is 0 at line 4014
code is -719896576 at line 4015
code is 0 at line 4016
code is 134217728 at line 4017
code is 268435456 at line 4018
code is 65536 at line 4019
code is 1195451393 at line 4020
code is 862007552 at line 4021
code is -1106690048 at line 4022
code is 0 at line 4023
code is -1022803968 at line 4024
code is 0 at line 4025
code is 134217728 at line 4026
code is 268435456 at line 4027
code is 65536 at line 4028
code is 1195451393 at line 4029
code is 862007552 at line 4030
code is -535347200 at line 4031
code is 0 at line 4032
code is -451461120 at line 4033
code is 0 at line 4034
code is 738197504 at line 4035
code is 33554432 at line 4036
code is 2048 at line 4037
code is 0 at line 4038
code is -167034880 at line 4039
code is 0 at line 4040
code is -1895694336 at line 4041
code is 0 at line 4042
code is 0 at line 4043
code is 0 at line 4044
code is 0 at line 4045
code is 0 at line 4046
code is 738197504 at line 4047
code is 33586950 at line 4048
code is 2048 at line 4049
code is 0 at line 4050
code is -2012332032 at line 4051
code is 0 at line 4052
code is 771751936 at line 4053
code is 0 at line 4054
code is 0 at line 4055
code is 0 at line 4056
code is 0 at line 4057
code is 0 at line 4058
code is 738197504 at line 4059
code is 33584391 at line 4060
code is 2048 at line 4061
code is 0 at line 4062
code is -1207025664 at line 4063
code is 0 at line 4064
code is -1627324416 at line 4065
code is 0 at line 4066
code is 0 at line 4067
code is 0 at line 4068
code is 0 at line 4069
code is 0 at line 4070
code is 738197504 at line 4071
code is 33586700 at line 4072
code is 2048 at line 4073
code is 0 at line 4074
code is 1477459968 at line 4075
code is 0 at line 4076
code is -805044224 at line 4077
code is 0 at line 4078
code is 0 at line 4079
code is 0 at line 4080
code is 0 at line 4081
code is 0 at line 4082
code is 738197504 at line 4083
code is 33586703 at line 4084
code is 2048 at line 4085
code is 0 at line 4086
code is 672481280 at line 4087
code is 0 at line 4088
code is 788660224 at line 4089
code is 0 at line 4090
code is 0 at line 4091
code is 0 at line 4092
code is 0 at line 4093
code is 0 at line 4094
code is 721420288 at line 4095
code is 33586950 at line 4096
code is 62976 at line 4097
code is 32512 at line 4098
code is 24947 at line 4099
code is 1936028276 at line 4100
code is 14614528 at line 4101
code is 4289395 at line 4102
code is 1701999711 at line 4103
code is 1180789100 at line 4104
code is 1701052416 at line 4105
code is 48 at line 4106
code is 2 at line 4107
code is 7669504 at line 4108
code is 591104 at line 4109
code is 3474432 at line 4110
code is 4552803 at line 4111
code is 1701868639 at line 4112
code is 1918986611 at line 4113
code is 1694557444 at line 4114
code is 17784 at line 4115
code is 1667592308 at line 4116
code is 1601401953 at line 4117
code is 1667956736 at line 4118
code is 146 at line 4119
code is 2 at line 4120
code is 8260608 at line 4121
code is 768 at line 4122
code is 13434880 at line 4123
code is 5587314 at line 4124
code is 1918990687 at line 4125
code is 1852143360 at line 4126
code is 486604800 at line 4127
code is 1430352498 at line 4128
code is 1635340901 at line 4129
code is 1885301102 at line 4130
code is 1769209977 at line 4131
code is 16777301 at line 4132
code is 1098019425 at line 4133
code is 2036295282 at line 4134
code is 1701118127 at line 4135
code is 16777301 at line 4136
code is 1098019425 at line 4137
code is 2036294004 at line 4138
code is 15663360 at line 4139
code is 5587314 at line 4140
code is 1918990687 at line 4141
code is 1818586727 at line 4142
code is 1952972835 at line 4143
code is 33554517 at line 4144
code is 1098019425 at line 4145
code is 2036298601 at line 4146
code is 2053439575 at line 4147
code is 33554517 at line 4148
code is 1098019425 at line 4149
code is 2036298341 at line 4150
code is 1936292453 at line 4151
code is 9765376 at line 4152
code is 5587314 at line 4153
code is 1918990687 at line 4154
code is 1668247673 at line 4155
code is 0 at line 4156
code is 5636096 at line 4157
code is 131198 at line 4158
code is 251658328 at line 4159
code is 33554559 at line 4160
code is 77 at line 4161
code is 1701666657 at line 4162
code is 1819045731 at line 4163
code is 14614528 at line 4164
code is 5072237 at line 4165
code is 1600348524 at line 4166
code is 1819239168 at line 4167
code is 1258356736 at line 4168
code is 1298492767 at line 4169
code is 1718773093 at line 4170
code is 9896192 at line 4171
code is 5072237 at line 4172
code is 1601332595 at line 4173
code is 1769628928 at line 4174
code is 1090650112 at line 4175
code is 1298492767 at line 4176
code is 1180789100 at line 4177
code is 1701052416 at line 4178
code is 123 at line 4179
code is 100663301 at line 4180
code is 67584 at line 4181
code is 24 at line 4182
code is -788463616 at line 4183
code is 207880448 at line 4184
code is 8192256 at line 4185
code is 16124736 at line 4186
code is 0 at line 4187
code is 9372160 at line 4188
code is 0 at line 4189
code is 0 at line 4190
code is 334848 at line 4191
code is 1489 at line 4192
code is 389677056 at line 4193
code is 264199 at line 4194
code is 1241513984 at line 4195
code is 67372879 at line 4196
code is 25 at line 4197
code is 134480136 at line 4198
code is 184680448 at line 4199
code is 67241789 at line 4200
code is 16777220 at line 4201
code is 17173762 at line 4202
code is 1026 at line 4203
code is 86442496 at line 4204
code is 1704965 at line 4205
code is 1768846336 at line 4206
code is 208011264 at line 4207
code is 384512 at line 4208
code is 1577 at line 4209
code is 373358592 at line 4210
code is 264197 at line 4211
code is 1929379840 at line 4212
code is 83886080 at line 4213
code is 431641 at line 4214
code is 2113929216 at line 4215
code is 90833408 at line 4216
code is 431899 at line 4217
code is 2113929216 at line 4218
code is 60948480 at line 4219
code is 262406 at line 4220
code is 335675392 at line 4221
code is 211943424 at line 4222
code is 1028097 at line 4223
code is 55303 at line 4224
code is 822621442 at line 4225
code is 423 at line 4226
code is 7 at line 4227
code is 856122880 at line 4228
code is 1 at line 4229
code is 134217728 at line 4230
code is 120981917 at line 4231
code is 8 at line 4232
code is 26869760 at line 4233
code is 472841 at line 4234
code is -1660944384 at line 4235
code is 268530690 at line 4236
code is 1848 at line 4237
code is 161284096 at line 4238
code is 1573374 at line 4239
code is 33554439 at line 4240
code is 956931328 at line 4241
code is 8193 at line 4242
code is 620822528 at line 4243
code is 121244061 at line 4244
code is 40 at line 4245
code is 26673408 at line 4246
code is 473865 at line 4247
code is -1660944384 at line 4248
code is 805386240 at line 4249
code is 1852 at line 4250
code is 161284096 at line 4251
code is 3670446 at line 4252
code is 7 at line 4253
code is 1024040192 at line 4254
code is 16385 at line 4255
code is 1342242816 at line 4256
code is 121637277 at line 4257
code is 72 at line 4258
code is 28574208 at line 4259
code is 475401 at line 4260
code is -1660944384 at line 4261
code is 1342276098 at line 4262
code is 1858 at line 4263
code is 161284096 at line 4264
code is 5767624 at line 4265
code is 16777223 at line 4266
code is 1142312450 at line 4267
code is 24577 at line 4268
code is 352321536 at line 4269
code is 122033235 at line 4270
code is 33554536 at line 4271
code is 25427968 at line 4272
code is 477191 at line 4273
code is 1711276032 at line 4274
code is 1879142145 at line 4275
code is 1865 at line 4276
code is 124125184 at line 4277
code is 7602642 at line 4278
code is 7 at line 4279
code is 1242268928 at line 4280
code is 30721 at line 4281
code is -1174405120 at line 4282
code is 122491473 at line 4283
code is 128 at line 4284
code is 20906496 at line 4285
code is 478735 at line 4286
code is 1476395008 at line 4287
code is -2113854720 at line 4288
code is 1871 at line 4289
code is 139985408 at line 4290
code is 8585577 at line 4291
code is 16777223 at line 4292
code is 1359964162 at line 4293
code is 34817 at line 4294
code is -704643072 at line 4295
code is 123276689 at line 4296
code is 144 at line 4297
code is 29949952 at line 4298
code is 482071 at line 4299
code is 1912733696 at line 4300
code is -1744751614 at line 4301
code is 1884 at line 4302
code is 427557376 at line 4303
code is 10486238 at line 4304
code is 33554439 at line 4305
code is 1561613058 at line 4306
code is 43009 at line 4307
code is 117506048 at line 4308
code is 123603272 at line 4309
code is 176 at line 4310
code is 26739200 at line 4311
code is 483082 at line 4312
code is 771751936 at line 4313
code is -1207863551 at line 4314
code is 1888 at line 4315
code is 124125184 at line 4316
code is 12583327 at line 4317
code is 33554439 at line 4318
code is 1644724482 at line 4319
code is 50176 at line 4320
code is 95682816 at line 4321
code is 526105 at line 4322
code is -1375731712 at line 4323
code is 463798528 at line 4324
code is 469774 at line 4325
code is 200671232 at line 4326
code is 215298 at line 4327
code is 942 at line 4328
code is 16 at line 4329
code is -1577058304 at line 4330
code is 1744961536 at line 4331
code is 289013760 at line 4332
code is 3 at line 4333
code is 1090650112 at line 4334
code is 197525504 at line 4335
code is 224514 at line 4336
code is 2865 at line 4337
code is 33554435 at line 4338
code is 1996619776 at line 4339
code is 279052288 at line 4340
code is 9503232 at line 4341
code is 1128960 at line 4342
code is 4864 at line 4343
code is 218169600 at line 4344
code is 624910 at line 4345
code is -1660813312 at line 4346
code is 53805568 at line 4347
code is 1219842 at line 4348
code is 3496 at line 4349
code is 33554441 at line 4350
code is -1961976574 at line 4351
code is 937 at line 4352
code is 18 at line 4353
code is -1291714560 at line 4354
code is 67634542 at line 4355
code is 4 at line 4356
code is 134694144 at line 4357
code is 1504 at line 4358
code is 10 at line 4359
code is 437547520 at line 4360
code is 1465 at line 4361
code is 16777227 at line 4362
code is 85189378 at line 4363
code is 1000 at line 4364
code is 33554443 at line 4365
code is -1191116800 at line 4366
code is 257556992 at line 4367
code is 527366 at line 4368
code is 268960512 at line 4369
code is 86786 at line 4370
code is 3079 at line 4371
code is 246612480 at line 4372
code is 5 at line 4373
code is 1510080512 at line 4374
code is 201851885 at line 4375
code is 33554444 at line 4376
code is 134414336 at line 4377
code is 51643136 at line 4378
code is 887808 at line 4379
code is 3092 at line 4380
code is 387187456 at line 4381
code is 1842177 at line 4382
code is 1041 at line 4383
code is 191692800 at line 4384
code is 590620 at line 4385
code is 406847488 at line 4386
code is 19 at line 4387
code is 1644167168 at line 4388
code is 185077074 at line 4389
code is 50331650 at line 4390
code is 1375928320 at line 4391
code is 251650 at line 4392
code is 2147 at line 4393
code is 33554441 at line 4394
code is -720607744 at line 4395
code is 27907 at line 4396
code is 669 at line 4397
code is 33554432 at line 4398
code is 146931968 at line 4399
code is 652814 at line 4400
code is -1660813312 at line 4401
code is -2013069312 at line 4402
code is 45613568 at line 4403
code is 178178 at line 4404
code is 19 at line 4405
code is -385875968 at line 4406
code is 202704548 at line 4407
code is 50331650 at line 4408
code is 419627008 at line 4409
code is 45285888 at line 4410
code is 157184 at line 4411
code is 29 at line 4412
code is 1308753920 at line 4413
code is 224789005 at line 4414
code is -1224540160 at line 4415
code is 40239104 at line 4416
code is 2324 at line 4417
code is 16777286 at line 4418
code is 17589760 at line 4419
code is 54019 at line 4420
code is 674 at line 4421
code is 33554434 at line 4422
code is -1207828480 at line 4423
code is 335546393 at line 4424
code is 33554443 at line 4425
code is 151807488 at line 4426
code is 59651 at line 4427
code is 727 at line 4428
code is 33554432 at line 4429
code is 152371456 at line 4430
code is 4981004 at line 4431
code is 1711276032 at line 4432
code is 262144 at line 4433
code is 45285888 at line 4434
code is 1310728 at line 4435
code is 855703552 at line 4436
code is 185272136 at line 4437
code is 27 at line 4438
code is 67108866 at line 4439
code is -687734784 at line 4440
code is 40239104 at line 4441
code is 2398 at line 4442
code is 16777451 at line 4443
code is 17589760 at line 4444
code is 12548 at line 4445
code is 669 at line 4446
code is 33554432 at line 4447
code is 137166848 at line 4448
code is 722701 at line 4449
code is -687734784 at line 4450
code is 1275330560 at line 4451
code is 40239104 at line 4452
code is 157184 at line 4453
code is 30 at line 4454
code is -335413248 at line 4455
code is 163316237 at line 4456
code is 1594097664 at line 4457
code is 43844096 at line 4458
code is 2547 at line 4459
code is 33554615 at line 4460
code is 34700800 at line 4461
code is 29956 at line 4462
code is 669 at line 4463
code is 33554432 at line 4464
code is 157024256 at line 4465
code is 11665932 at line 4466
code is 1711276032 at line 4467
code is -1794899968 at line 4468
code is 43844096 at line 4469
code is 163328 at line 4470
code is 614 at line 4471
code is 0 at line 4472
code is 368640512 at line 4473
code is 2950502 at line 4474
code is 88 at line 4475
code is 222298112 at line 4476
code is 45 at line 4477
code is 16777216 at line 4478
code is 1 at line 4479
code is -1677064960 at line 4480
code is 1497346 at line 4481
code is 3686 at line 4482
code is 2 at line 4483
code is -1857284433 at line 4484
code is 33554458 at line 4485
code is 168099840 at line 4486
code is 43073542 at line 4487
code is 1761621261 at line 4488
code is 1711276032 at line 4489
code is 43084806 at line 4490
code is 1634890240 at line 4491
code is 907204354 at line 4492
code is 657 at line 4493
code is 1476915725 at line 4494
code is 1073741824 at line 4495
code is 24320 at line 4496
code is 0 at line 4497
code is 1638 at line 4498
code is 1879064855 at line 4499
code is -1660813312 at line 4500
code is 43081728 at line 4501
code is 236800 at line 4502
code is 8078 at line 4503
code is 16777220 at line 4504
code is 621214476 at line 4505
code is 1073741824 at line 4506
code is 23808 at line 4507
code is 0 at line 4508
code is 412 at line 4509
code is 2013593600 at line 4510
code is 392232997 at line 4511
code is 416743936 at line 4512
code is 168280 at line 4513
code is 117902656 at line 4514
code is 0 at line 4515
code is 5046272 at line 4516
code is 0 at line 4517
code is 420096 at line 4518
code is 655517184 at line 4519
code is 657 at line 4520
code is 1812402189 at line 4521
code is 1073741824 at line 4522
code is 12032 at line 4523
code is 0 at line 4524
code is 2703 at line 4525
code is 33554472 at line 4526
code is 460850432 at line 4527
code is 168288 at line 4528
code is 3 at line 4529
code is -889061376 at line 4530
code is 353174272 at line 4531
code is 1182423 at line 4532
code is 33554473 at line 4533
code is 205520896 at line 4534
code is 210 at line 4535
code is 0 at line 4536
code is 1 at line 4537
code is -1674377728 at line 4538
code is 1533552 at line 4539
code is 1186461 at line 4540
code is 33554435 at line 4541
code is -1850179830 at line 4542
code is 537001984 at line 4543
code is 353271296 at line 4544
code is 657 at line 4545
code is 1477082112 at line 4546
code is 5906 at line 4547
code is -687734784 at line 4548
code is 43077639 at line 4549
code is -1978908672 at line 4550
code is 0 at line 4551
code is 1795162112 at line 4552
code is 0 at line 4553
code is 107544600 at line 4554
code is 327024640 at line 4555
code is 168296 at line 4556
code is 127142976 at line 4557
code is 0 at line 4558
code is 5373952 at line 4559
code is 0 at line 4560
code is 659971 at line 4561
code is 6426 at line 4562
code is -889061376 at line 4563
code is 43082762 at line 4564
code is -1895694336 at line 4565
code is 505116677 at line 4566
code is 657 at line 4567
code is 1208457996 at line 4568
code is 1073741824 at line 4569
code is 10752 at line 4570
code is 0 at line 4571
code is 1642 at line 4572
code is 1710694 at line 4573
code is 2 at line 4574
code is -1855979520 at line 4575
code is 3794 at line 4576
code is 33554435 at line 4577
code is 135793728 at line 4578
code is 0 at line 4579
code is 1114112 at line 4580
code is 0 at line 4581
code is 105486 at line 4582
code is -889061376 at line 4583
code is 34146060 at line 4584
code is 1073741824 at line 4585
code is 4352 at line 4586
code is 0 at line 4587
code is 412 at line 4588
code is 247726592 at line 4589
code is 67574 at line 4590
code is 188743680 at line 4591
code is 17 at line 4592
code is 0 at line 4593
code is 1 at line 4594
code is -1677659648 at line 4595
code is 512 at line 4596
code is -402587648 at line 4597
code is 134289155 at line 4598
code is 323 at line 4599
code is 50331683 at line 4600
code is 50331784 at line 4601
code is 239075328 at line 4602
code is 182 at line 4603
code is 239075328 at line 4604
code is 118 at line 4605
code is 33554434 at line 4606
code is 134695424 at line 4607
code is 520 at line 4608
code is 91422720 at line 4609
code is 197637 at line 4610
code is 1768846336 at line 4611
code is 73007616 at line 4612
code is 524806 at line 4613
code is 1560281088 at line 4614
code is 89326080 at line 4615
code is 132957 at line 4616
code is 2 at line 4617
code is 587202566 at line 4618
code is 140705792 at line 4619
code is 485376 at line 4620
code is 513 at line 4621
code is 101974528 at line 4622
code is 547330 at line 4623
code is 520 at line 4624
code is 1107296256 at line 4625
code is 124715008 at line 4626
code is 590134 at line 4627
code is 50331649 at line 4628
code is 67209230 at line 4629
code is 1073741824 at line 4630
code is 46606 at line 4631
code is 1073741824 at line 4632
code is 0 at line 4633
code is 44288 at line 4634
code is 2661 at line 4635
code is 66619 at line 4636
code is 2 at line 4637
code is -1855193077 at line 4638
code is 1744830464 at line 4639
code is -1124073472 at line 4640
code is 204275712 at line 4641
code is 262157 at line 4642
code is 1023606784 at line 4643
code is 16887040 at line 4644
code is 2307 at line 4645
code is -1071620096 at line 4646
code is 0 at line 4647
code is 244056064 at line 4648
code is 136314 at line 4649
code is 1 at line 4650
code is 17796096 at line 4651
code is 259 at line 4652
code is 2046820352 at line 4653
code is 17368024 at line 4654
code is 492830720 at line 4655
code is 0 at line 4656
code is 84213760 at line 4657
code is 33601026 at line 4658
code is 2049 at line 4659
code is 386072576 at line 4660
code is 27853568 at line 4661
code is 2294528 at line 4662
code is 12062272 at line 4663
code is 0 at line 4664
code is 5705792 at line 4665
code is 0 at line 4666
code is 13369856 at line 4667
code is 138240 at line 4668
code is 723 at line 4669
code is 939524096 at line 4670
code is 50857802 at line 4671
code is 4 at line 4672
code is 67463534 at line 4673
code is 1946157832 at line 4674
code is 91422720 at line 4675
code is 196872 at line 4676
code is 184680448 at line 4677
code is 50464573 at line 4678
code is 16777219 at line 4679
code is 67587840 at line 4680
code is 769 at line 4681
code is 101515776 at line 4682
code is 197125 at line 4683
code is 654442496 at line 4684
code is 33554432 at line 4685
code is 233542 at line 4686
code is 2 at line 4687
code is 1778515968 at line 4688
code is 59852288 at line 4689
code is 1288 at line 4690
code is 101223936 at line 4691
code is 769 at line 4692
code is 101974528 at line 4693
code is 503809 at line 4694
code is 55300 at line 4695
code is 201417218 at line 4696
code is 2215 at line 4697
code is 4 at line 4698
code is 218185472 at line 4699
code is 547 at line 4700
code is 526336 at line 4701
code is 1042 at line 4702
code is 25690112 at line 4703
code is 140040 at line 4704
code is 144310272 at line 4705
code is 267009 at line 4706
code is -2013265920 at line 4707
code is 35852296 at line 4708
code is 1946288128 at line 4709
code is 68419976 at line 4710
code is 2 at line 4711
code is 588777726 at line 4712
code is 33554436 at line 4713
code is 352421888 at line 4714
code is 547 at line 4715
code is 537404673 at line 4716
code is 1046 at line 4717
code is 25690112 at line 4718
code is 140072 at line 4719
code is 144113920 at line 4720
code is 268033 at line 4721
code is -2013265920 at line 4722
code is 35860488 at line 4723
code is 939524096 at line 4724
code is 68682120 at line 4725
code is 2 at line 4726
code is 590874798 at line 4727
code is 4 at line 4728
code is 419530752 at line 4729
code is 547 at line 4730
code is 1074286593 at line 4731
code is 1051 at line 4732
code is 25690112 at line 4733
code is 140104 at line 4734
code is 146014720 at line 4735
code is 269313 at line 4736
code is -2013265920 at line 4737
code is 35868680 at line 4738
code is -2113798144 at line 4739
code is 69009800 at line 4740
code is 2 at line 4741
code is 592971976 at line 4742
code is 16777220 at line 4743
code is 520203010 at line 4744
code is 547 at line 4745
code is 1611142400 at line 4746
code is 1057 at line 4747
code is 28377600 at line 4748
code is 140136 at line 4749
code is 142868480 at line 4750
code is 271105 at line 4751
code is 1056964608 at line 4752
code is 35876872 at line 4753
code is 1862336512 at line 4754
code is 69665087 at line 4755
code is 2 at line 4756
code is 594806994 at line 4757
code is 4 at line 4758
code is 687960064 at line 4759
code is 547 at line 4760
code is 2013837824 at line 4761
code is 1069 at line 4762
code is 22282240 at line 4763
code is 205696 at line 4764
code is 17317634 at line 4765
code is 1070 at line 4766
code is 23199744 at line 4767
code is 205698 at line 4768
code is 17310464 at line 4769
code is 1071 at line 4770
code is 28770816 at line 4771
code is 205699 at line 4772
code is 17328385 at line 4773
code is 1075 at line 4774
code is 29819392 at line 4775
code is 205704 at line 4776
code is 17356288 at line 4777
code is 1084 at line 4778
code is 24838144 at line 4779
code is 205712 at line 4780
code is 17306628 at line 4781
code is 1093 at line 4782
code is 25559040 at line 4783
code is 205720 at line 4784
code is 17308420 at line 4785
code is 1094 at line 4786
code is 25559040 at line 4787
code is 205728 at line 4788
code is 17310212 at line 4789
code is 1095 at line 4790
code is 25559040 at line 4791
code is 205736 at line 4792
code is 17312004 at line 4793
code is 1096 at line 4794
code is 25559040 at line 4795
code is 205744 at line 4796
code is 17340418 at line 4797
code is 1097 at line 4798
code is 19726336 at line 4799
code is 205752 at line 4800
code is 17331969 at line 4801
code is 1099 at line 4802
code is 20905984 at line 4803
code is 205760 at line 4804
code is 17342210 at line 4805
code is 1101 at line 4806
code is 30212608 at line 4807
code is 205764 at line 4808
code is 16778760 at line 4809
code is 1744961536 at line 4810
code is 160301056 at line 4811
code is 697601 at line 4812
code is 1201 at line 4813
code is 200671232 at line 4814
code is 1574071 at line 4815
code is -1425932288 at line 4816
code is 202245120 at line 4817
code is 309419 at line 4818
code is 33554434 at line 4819
code is 587205785 at line 4820
code is 50331652 at line 4821
code is -1179581952 at line 4822
code is 140040 at line 4823
code is 215352064 at line 4824
code is 310591 at line 4825
code is 2 at line 4826
code is 588251142 at line 4827
code is 141820416 at line 4828
code is 395413 at line 4829
code is 13 at line 4830
code is -1912602624 at line 4831
code is -956170240 at line 4832
code is 238551040 at line 4833
code is 6 at line 4834
code is 141361664 at line 4835
code is 888320 at line 4836
code is 56578 at line 4837
code is 3640 at line 4838
code is 19 at line 4839
code is 151555 at line 4840
code is 1312 at line 4841
code is -402522112 at line 4842
code is 222691328 at line 4843
code is 16253440 at line 4844
code is 931840 at line 4845
code is 1792 at line 4846
code is 260048412 at line 4847
code is 251854848 at line 4848
code is 210240256 at line 4849
code is 400911 at line 4850
code is 50331650 at line 4851
code is 587202573 at line 4852
code is 939524096 at line 4853
code is 520290304 at line 4854
code is 238551040 at line 4855
code is 983042 at line 4856
code is -1912406016 at line 4857
code is 102758402 at line 4858
code is 2911 at line 4859
code is 50331848 at line 4860
code is 119824643 at line 4861
code is 3199 at line 4862
code is 50331655 at line 4863
code is 719127040 at line 4864
code is 140032 at line 4865
code is 213254912 at line 4866
code is 469823 at line 4867
code is 2 at line 4868
code is 591399984 at line 4869
code is 67108871 at line 4870
code is 740229888 at line 4871
code is 140104 at line 4872
code is 152067 at line 4873
code is 1837 at line 4874
code is 1812135936 at line 4875
code is 220857088 at line 4876
code is 8127232 at line 4877
code is 931840 at line 4878
code is 0 at line 4879
code is 190448128 at line 4880
code is 526342 at line 4881
code is -1761411072 at line 4882
code is 206766592 at line 4883
code is 526178 at line 4884
code is 33554434 at line 4885
code is 587202562 at line 4886
code is 1510080512 at line 4887
code is 134773763 at line 4888
code is 573 at line 4889
code is 67108872 at line 4890
code is 162333440 at line 4891
code is 736516 at line 4892
code is 59400 at line 4893
code is 167969792 at line 4894
code is 809475 at line 4895
code is 2059 at line 4896
code is 50593792 at line 4897
code is 35848208 at line 4898
code is 1701737984 at line 4899
code is 135028995 at line 4900
code is 547 at line 4901
code is 135068163 at line 4902
code is 2061 at line 4903
code is 1644298240 at line 4904
code is 52678657 at line 4905
code is 209322752 at line 4906
code is 527935 at line 4907
code is 3 at line 4908
code is 601358604 at line 4909
code is -1627193344 at line 4910
code is 135203076 at line 4911
code is 803 at line 4912
code is -536805370 at line 4913
code is 144835328 at line 4914
code is 395279 at line 4915
code is 67108873 at line 4916
code is -1761411072 at line 4917
code is 285476881 at line 4918
code is 889454592 at line 4919
code is 315032320 at line 4920
code is 4844 at line 4921
code is 50331649 at line 4922
code is 318702336 at line 4923
code is 135899 at line 4924
code is 50331651 at line 4925
code is 1245673 at line 4926
code is 1 at line 4927
code is 134330382 at line 4928
code is 1073741824 at line 4929
code is 22288 at line 4930
code is 1073741824 at line 4931
code is 24576 at line 4932
code is 35844 at line 4933
code is 5221 at line 4934
code is 67593 at line 4935
code is 67108866 at line 4936
code is -1857546758 at line 4937
code is 50331649 at line 4938
code is 140640768 at line 4939
code is 168256 at line 4940
code is 360317696 at line 4941
code is 67903 at line 4942
code is 3 at line 4943
code is -1849917674 at line 4944
code is 1879048465 at line 4945
code is 50593792 at line 4946
code is 43079680 at line 4947
code is 227409920 at line 4948
code is 10224640 at line 4949
code is 931840 at line 4950
code is 2304 at line 4951
code is 389874432 at line 4952
code is 65932 at line 4953
code is 67108873 at line 4954
code is 63447136 at line 4955
code is 0 at line 4956
code is 1615874 at line 4957
code is 2448 at line 4958
code is -1325268992 at line 4959
code is 16849005 at line 4960
code is 50331656 at line 4961
code is 318964736 at line 4962
code is 65816 at line 4963
code is -1946157056 at line 4964
code is 135532292 at line 4965
code is 257 at line 4966
code is 413663744 at line 4967
code is 626865 at line 4968
code is 33554433 at line 4969
code is 18443523 at line 4970
code is 263 at line 4971
code is 50593792 at line 4972
code is 17367824 at line 4973
code is 559939584 at line 4974
code is 24 at line 4975
code is -1946157056 at line 4976
code is 135532292 at line 4977
code is 257 at line 4978
code is 16515584 at line 4979
code is 131076 at line 4980
code is 67108872 at line 4981
code is 18285312 at line 4982
code is 87556 at line 4983
code is 8963 at line 4984
code is 22544 at line 4985
code is 1073741824 at line 4986
code is 10261 at line 4987
code is 1073741824 at line 4988
code is 62467 at line 4989
code is 520 at line 4990
code is 122290176 at line 4991
code is 197637 at line 4992
code is 1768846336 at line 4993
code is 34080115 at line 4994
code is 4 at line 4995
code is 1510080512 at line 4996
code is 134350429 at line 4997
code is 5 at line 4998
code is 1392640000 at line 4999
code is 34036992 at line 5000
code is 547 at line 5001
code is 1544 at line 5002
code is 1660944384 at line 5003
code is 124256256 at line 5004
code is 131334 at line 5005
code is 335675392 at line 5006
code is 140116480 at line 5007
code is 133186 at line 5008
code is 7 at line 5009
code is 1862270976 at line 5010
code is 146342144 at line 5011
code is 198026 at line 5012
code is 6 at line 5013
code is 143654912 at line 5014
code is 309505 at line 5015
code is 4100 at line 5016
code is 80150528 at line 5017
code is 335874 at line 5018
code is 1029 at line 5019
code is 872415232 at line 5020
code is 35848197 at line 5021
code is 1896087552 at line 5022
code is 67515392 at line 5023
code is 547 at line 5024
code is 67470340 at line 5025
code is 1031 at line 5026
code is -956301312 at line 5027
code is 35850240 at line 5028
code is 101214208 at line 5029
code is 2305 at line 5030
code is 754974720 at line 5031
code is 17367423 at line 5032
code is 88 at line 5033
code is 272629760 at line 5034
code is 230 at line 5035
code is 272629760 at line 5036
code is 172 at line 5037
code is 29 at line 5038
code is 16777226 at line 5039
code is 537001984 at line 5040
code is 17380352 at line 5041
code is 657 at line 5042
code is 1275752708 at line 5043
code is 265 at line 5044
code is 872415232 at line 5045
code is 43075595 at line 5046
code is 1677983744 at line 5047
code is 17465088 at line 5048
code is 657 at line 5049
code is 1476398081 at line 5050
code is -1979449344 at line 5051
code is 17957350 at line 5052
code is 272629760 at line 5053
code is 169 at line 5054
code is 289406976 at line 5055
code is 12 at line 5056
code is 16777335 at line 5057
code is 16777226 at line 5058
code is 1661206528 at line 5059
code is 17989376 at line 5060
code is 657 at line 5061
code is 1745494018 at line 5062
code is 274 at line 5063
code is 872415232 at line 5064
code is 43082762 at line 5065
code is 1896087552 at line 5066
code is 17970176 at line 5067
code is 657 at line 5068
code is 1611301892 at line 5069
code is 274 at line 5070
code is 1996554240 at line 5071
code is 43079680 at line 5072
code is 218631169 at line 5073
code is 1644167168 at line 5074
code is 18678185 at line 5075
code is 289406976 at line 5076
code is 60 at line 5077
code is 306184192 at line 5078
code is 108 at line 5079
code is 16777385 at line 5080
code is 16777226 at line 5081
code is 1661206528 at line 5082
code is 18721025 at line 5083
code is 657 at line 5084
code is 1744832008 at line 5085
code is 2130706432 at line 5086
code is 151073537 at line 5087
code is 290 at line 5088
code is 24576256 at line 5089
code is 3936832 at line 5090
code is 0 at line 5091
code is 11997760 at line 5092
code is 0 at line 5093
code is 13369600 at line 5094
code is 15663360 at line 5095
code is 680708 at line 5096
code is 290 at line 5097
code is 2130706432 at line 5098
code is 43083790 at line 5099
code is 1761607970 at line 5100
code is 872415232 at line 5101
code is 43082752 at line 5102
code is 151066882 at line 5103
code is 295 at line 5104
code is 20185088 at line 5105
code is 11997760 at line 5106
code is 0 at line 5107
code is 15536704 at line 5108
code is 0 at line 5109
code is 2884096 at line 5110
code is 2294272 at line 5111
code is 680708 at line 5112
code is 295 at line 5113
code is 2130706432 at line 5114
code is 43083776 at line 5115
code is 151087620 at line 5116
code is 299 at line 5117
code is 20185088 at line 5118
code is 15536704 at line 5119
code is 0 at line 5120
code is 2364224 at line 5121
code is 0 at line 5122
code is 9175552 at line 5123
code is 5702144 at line 5124
code is 680708 at line 5125
code is 299 at line 5126
code is 2130706432 at line 5127
code is 43083776 at line 5128
code is 201422340 at line 5129
code is 303 at line 5130
code is 19141440 at line 5131
code is 0 at line 5132
code is 2561088 at line 5133
code is 0 at line 5134
code is 15467008 at line 5135
code is 9765376 at line 5136
code is 680708 at line 5137
code is 303 at line 5138
code is 2130706432 at line 5139
code is 43079690 at line 5140
code is 537001984 at line 5141
code is 19870720 at line 5142
code is 657 at line 5143
code is 1409288449 at line 5144
code is 1241776128 at line 5145
code is 20578687 at line 5146
code is 39 at line 5147
code is 339738624 at line 5148
code is 40 at line 5149
code is 356515840 at line 5150
code is 76 at line 5151
code is 50331877 at line 5152
code is 33554442 at line 5153
code is 1661206528 at line 5154
code is 20610816 at line 5155
code is 657 at line 5156
code is 1477058562 at line 5157
code is 314 at line 5158
code is 872415232 at line 5159
code is 43078667 at line 5160
code is 1359216640 at line 5161
code is 20676352 at line 5162
code is 657 at line 5163
code is 1744834444 at line 5164
code is 2 at line 5165
code is 343539712 at line 5166
code is 65807 at line 5167
code is -1946157056 at line 5168
code is 34896384 at line 5169
code is 257 at line 5170
code is 5505536 at line 5171
code is 131294 at line 5172
code is 67108872 at line 5173
code is 18285312 at line 5174
code is 108548 at line 5175
code is 8963 at line 5176
code is 10261 at line 5177
code is 1073741824 at line 5178
code is 22295 at line 5179
code is 1073741824 at line 5180
code is 51972 at line 5181
code is 520 at line 5182
code is 122290176 at line 5183
code is 197637 at line 5184
code is 1768846336 at line 5185
code is 34080115 at line 5186
code is 4 at line 5187
code is 1510080512 at line 5188
code is 134350429 at line 5189
code is 5 at line 5190
code is 1392640000 at line 5191
code is 34036992 at line 5192
code is 547 at line 5193
code is 1544 at line 5194
code is 1660944384 at line 5195
code is 124256256 at line 5196
code is 131334 at line 5197
code is 335675392 at line 5198
code is 140116480 at line 5199
code is 133186 at line 5200
code is 7 at line 5201
code is 1862270976 at line 5202
code is 151114500 at line 5203
code is 264 at line 5204
code is 31260672 at line 5205
code is 2626880 at line 5206
code is 0 at line 5207
code is 11998528 at line 5208
code is 0 at line 5209
code is 11272960 at line 5210
code is 14483456 at line 5211
code is 711940 at line 5212
code is 264 at line 5213
code is 989855744 at line 5214
code is 43079690 at line 5215
code is -100466688 at line 5216
code is 17325312 at line 5217
code is 657 at line 5218
code is 1342863875 at line 5219
code is 264 at line 5220
code is 872415232 at line 5221
code is 43076619 at line 5222
code is 1886679552 at line 5223
code is 17423616 at line 5224
code is 657 at line 5225
code is 1744833544 at line 5226
code is 151106052 at line 5227
code is 277 at line 5228
code is 31260672 at line 5229
code is 11998528 at line 5230
code is 0 at line 5231
code is 7542336 at line 5232
code is 0 at line 5233
code is 787456 at line 5234
code is 4915456 at line 5235
code is 694532 at line 5236
code is 277 at line 5237
code is 989855744 at line 5238
code is 43079690 at line 5239
code is -586940416 at line 5240
code is 18168576 at line 5241
code is 657 at line 5242
code is 1342896643 at line 5243
code is 278 at line 5244
code is 1560281088 at line 5245
code is 43075594 at line 5246
code is 2047016960 at line 5247
code is 18232320 at line 5248
code is 657 at line 5249
code is 1141600372 at line 5250
code is 1912602903 at line 5251
code is -587202560 at line 5252
code is 43083776 at line 5253
code is 218210052 at line 5254
code is 292 at line 5255
code is 24319552 at line 5256
code is 0 at line 5257
code is 10163776 at line 5258
code is 0 at line 5259
code is 7078912 at line 5260
code is 9896192 at line 5261
code is 946292 at line 5262
code is 1912602916 at line 5263
code is -587202560 at line 5264
code is 43083786 at line 5265
code is -100466688 at line 5266
code is 19160320 at line 5267
code is 657 at line 5268
code is 1611299331 at line 5269
code is 292 at line 5270
code is 872415232 at line 5271
code is 43080704 at line 5272
code is 151111684 at line 5273
code is 296 at line 5274
code is 31260672 at line 5275
code is 10163776 at line 5276
code is 0 at line 5277
code is 5707584 at line 5278
code is 0 at line 5279
code is 13370368 at line 5280
code is 16056576 at line 5281
code is 946292 at line 5282
code is 1912602920 at line 5283
code is -587202560 at line 5284
code is 43083786 at line 5285
code is -586940416 at line 5286
code is 19413760 at line 5287
code is 657 at line 5288
code is 1611332099 at line 5289
code is 297 at line 5290
code is 1560281088 at line 5291
code is 43079690 at line 5292
code is 2047016960 at line 5293
code is 19477504 at line 5294
code is 657 at line 5295
code is 1409290088 at line 5296
code is 5 at line 5297
code is 33554448 at line 5298
code is 754974720 at line 5299
code is 67113277 at line 5300
code is 50331649 at line 5301
code is 32833792 at line 5302
code is 590804 at line 5303
code is 543162368 at line 5304
code is 18 at line 5305
code is -1946157056 at line 5306
code is 34896384 at line 5307
code is 257 at line 5308
code is 314377216 at line 5309
code is 198010 at line 5310
code is 1 at line 5311
code is 17992704 at line 5312
code is 532 at line 5313
code is 2046820352 at line 5314
code is 16847805 at line 5315
code is 67108865 at line 5316
code is 125435904 at line 5317
code is 67843 at line 5318
code is -534945792 at line 5319
code is 0 at line 5320
code is 68864 at line 5321
code is 51264011 at line 5322
code is 990591243 at line 5323
code is 1225996299 at line 5324
code is 517 at line 5325
code is 4788992 at line 5326
code is 200448 at line 5327
code is 186714185 at line 5328
code is 318767108 at line 5329
code is 603982603 at line 5330
code is 1040909070 at line 5331
code is 1302 at line 5332
code is 200250 at line 5333
code is 188418873 at line 5334
code is 189338368 at line 5335
code is 406528 at line 5336
code is 50870817 at line 5337
code is 70978361 at line 5338
code is 189338370 at line 5339
code is 402653191 at line 5340
code is 184619265 at line 5341
code is 302448640 at line 5342
code is 137232703 at line 5343
code is 419630650 at line 5344
code is 188418873 at line 5345
code is 187111753 at line 5346
code is 322705665 at line 5347
code is 318767113 at line 5348
code is 771833625 at line 5349
code is 51264033 at line 5350
code is 154862905 at line 5351
code is 187111753 at line 5352
code is 322705665 at line 5353
code is 318767114 at line 5354
code is 872416014 at line 5355
code is 975242299 at line 5356
code is 188287817 at line 5357
code is 318904320 at line 5358
code is 725760 at line 5359
code is 51264537 at line 5360
code is 3110 at line 5361
code is 4788992 at line 5362
code is 865280 at line 5363
code is 51264011 at line 5364
code is 990591243 at line 5365
code is 1225998105 at line 5366
code is 1008271360 at line 5367
code is 237895743 at line 5368
code is 419630650 at line 5369
code is 188418873 at line 5370
code is 554045697 at line 5371
code is 302465048 at line 5372
code is 2082013184 at line 5373
code is 252903683 at line 5374
code is 235604794 at line 5375
code is 188418873 at line 5376
code is 184619776 at line 5377
code is 1048833 at line 5378
code is 1225982227 at line 5379
code is 4385 at line 5380
code is 4789039 at line 5381
code is 184549394 at line 5382
code is 922765587 at line 5383
code is 4910 at line 5384
code is 20912387 at line 5385
code is 238684987 at line 5386
code is 188287783 at line 5387
code is 423368961 at line 5388
code is 318767124 at line 5389
code is 402653184 at line 5390
code is 355336511 at line 5391
code is 419630650 at line 5392
code is 553925387 at line 5393
code is 957032217 at line 5394
code is 1225986305 at line 5395
code is 302465048 at line 5396
code is 2082013459 at line 5397
code is 5637 at line 5398
code is 200250 at line 5399
code is 553925409 at line 5400
code is 758713161 at line 5401
code is 318904320 at line 5402
code is 1508608 at line 5403
code is 50870817 at line 5404
code is 70978361 at line 5405
code is 189338370 at line 5406
code is 402653208 at line 5407
code is 285287694 at line 5408
code is 319488782 at line 5409
code is 453906689 at line 5410
code is 302452759 at line 5411
code is 6415 at line 5412
code is 723712 at line 5413
code is 1713152 at line 5414
code is 185286155 at line 5415
code is 50855936 at line 5416
code is 454426627 at line 5417
code is 238684987 at line 5418
code is 188287744 at line 5419
code is 1848320 at line 5420
code is 51264011 at line 5421
code is 990591243 at line 5422
code is 1225998105 at line 5423
code is 35127296 at line 5424
code is 489554239 at line 5425
code is 419630650 at line 5426
code is 188417337 at line 5427
code is 187111815 at line 5428
code is 18431001 at line 5429
code is 18022400 at line 5430
code is 506331455 at line 5431
code is 419630650 at line 5432
code is 188417337 at line 5433
code is 187111740 at line 5434
code is 419500800 at line 5435
code is 2043393 at line 5436
code is 1058603790 at line 5437
code is 973814539 at line 5438
code is 957032217 at line 5439
code is 285282823 at line 5440
code is 1075346457 at line 5441
code is 18022400 at line 5442
code is 69889 at line 5443
code is 621679371 at line 5444
code is 51256078 at line 5445
code is 285282817 at line 5446
code is 268828672 at line 5447
code is 35913739 at line 5448
code is 188615427 at line 5449
code is 234881027 at line 5450
code is 603982603 at line 5451
code is 1040909064 at line 5452
code is 1043 at line 5453
code is 16977419 at line 5454
code is 188353339 at line 5455
code is 184619776 at line 5456
code is 331008 at line 5457
code is 51264011 at line 5458
code is 990595347 at line 5459
code is 940179456 at line 5460
code is 101646347 at line 5461
code is 189338368 at line 5462
code is 468480 at line 5463
code is 1225981952 at line 5464
code is 135659523 at line 5465
code is 238684987 at line 5466
code is 189338368 at line 5467
code is 601601 at line 5468
code is 1057751822 at line 5469
code is 973814539 at line 5470
code is 655102209 at line 5471
code is 302071814 at line 5472
code is 18022400 at line 5473
code is 168099843 at line 5474
code is 138021691 at line 5475
code is 189338370 at line 5476
code is 167772171 at line 5477
code is 16861459 at line 5478
code is 18022400 at line 5479
code is 203489353 at line 5480
code is 321850112 at line 5481
code is 865280 at line 5482
code is 51264011 at line 5483
code is 990595347 at line 5484
code is 34209792 at line 5485
code is 238288899 at line 5486
code is 238684987 at line 5487
code is 189338431 at line 5488
code is 205261824 at line 5489
code is 996352 at line 5490
code is 51264011 at line 5491
code is 990595347 at line 5492
code is 1057751562 at line 5493
code is 1 at line 5494
code is 285287694 at line 5495
code is 319488782 at line 5496
code is 453906689 at line 5497
code is 302059526 at line 5498
code is 534 at line 5499
code is 200250 at line 5500
code is 188418889 at line 5501
code is 318767107 at line 5502
code is 603982603 at line 5503
code is 1040909070 at line 5504
code is 1060 at line 5505
code is 723774 at line 5506
code is 184748032 at line 5507
code is 331520 at line 5508
code is 185270272 at line 5509
code is 101646347 at line 5510
code is 189338368 at line 5511
code is 463617 at line 5512
code is 51251979 at line 5513
code is 973814533 at line 5514
code is 18022400 at line 5515
code is 135069699 at line 5516
code is 238684987 at line 5517
code is 88675128 at line 5518
code is 167772169 at line 5519
code is 637552915 at line 5520
code is 2582 at line 5521
code is 200250 at line 5522
code is 188418816 at line 5523
code is 725761 at line 5524
code is 51251979 at line 5525
code is 973814539 at line 5526
code is 18022400 at line 5527
code is 202178563 at line 5528
code is 238684987 at line 5529
code is 189338424 at line 5530
code is 167772173 at line 5531
code is 16861459 at line 5532
code is 18022400 at line 5533
code is 237043785 at line 5534
code is 321850112 at line 5535
code is 987905 at line 5536
code is 185285131 at line 5537
code is 990576915 at line 5538
code is 4109 at line 5539
code is 198714 at line 5540
code is 188418889 at line 5541
code is 322439680 at line 5542
code is 1115137 at line 5543
code is 185285131 at line 5544
code is 990576915 at line 5545
code is 4648 at line 5546
code is 200220 at line 5547
code is 218103827 at line 5548
code is 771833612 at line 5549
code is 51264011 at line 5550
code is 990586636 at line 5551
code is 285282817 at line 5552
code is 1074135315 at line 5553
code is 5125 at line 5554
code is 198714 at line 5555
code is 188418889 at line 5556
code is 318900736 at line 5557
code is 1377536 at line 5558
code is 51264011 at line 5559
code is 990595347 at line 5560
code is 34209792 at line 5561
code is 372506627 at line 5562
code is 138021691 at line 5563
code is 189338370 at line 5564
code is 167772183 at line 5565
code is 872416014 at line 5566
code is 973814539 at line 5567
code is 1225982474 at line 5568
code is 6196 at line 5569
code is 200250 at line 5570
code is 188418889 at line 5571
code is 322899004 at line 5572
code is 201326617 at line 5573
code is 872416014 at line 5574
code is 973814539 at line 5575
code is 1225998092 at line 5576
code is 34209792 at line 5577
code is 69889 at line 5578
code is 621679371 at line 5579
code is 51256078 at line 5580
code is 285282817 at line 5581
code is 268828672 at line 5582
code is 35913739 at line 5583
code is 188615427 at line 5584
code is 234881027 at line 5585
code is 603982603 at line 5586
code is 1040909064 at line 5587
code is 1043 at line 5588
code is 16977419 at line 5589
code is 188353339 at line 5590
code is 184619776 at line 5591
code is 331008 at line 5592
code is 51264011 at line 5593
code is 990595347 at line 5594
code is 940179456 at line 5595
code is 101646347 at line 5596
code is 189338368 at line 5597
code is 468480 at line 5598
code is 1225981952 at line 5599
code is 135659523 at line 5600
code is 238684987 at line 5601
code is 189338368 at line 5602
code is 601601 at line 5603
code is 1057751822 at line 5604
code is 973814539 at line 5605
code is 655116563 at line 5606
code is 285282817 at line 5607
code is 1074135315 at line 5608
code is 2565 at line 5609
code is 200250 at line 5610
code is 188418889 at line 5611
code is 318900736 at line 5612
code is 734208 at line 5613
code is 51264011 at line 5614
code is 990595347 at line 5615
code is 34209792 at line 5616
code is 204341567 at line 5617
code is 201526842 at line 5618
code is 188418855 at line 5619
code is 202440978 at line 5620
code is 20973057 at line 5621
code is 318767117 at line 5622
code is 251661067 at line 5623
code is 3589 at line 5624
code is 198714 at line 5625
code is 188418889 at line 5626
code is 318900736 at line 5627
code is 996352 at line 5628
code is 51264011 at line 5629
code is 990595347 at line 5630
code is 1057766412 at line 5631
code is 1 at line 5632
code is 285287694 at line 5633
code is 319488782 at line 5634
code is 453906689 at line 5635
code is 302059526 at line 5636
code is 548 at line 5637
code is 723774 at line 5638
code is 184749568 at line 5639
code is 205824 at line 5640
code is 185286155 at line 5641
code is 50855936 at line 5642
code is 68354307 at line 5643
code is 235604794 at line 5644
code is 188418817 at line 5645
code is 318767109 at line 5646
code is 218104590 at line 5647
code is 973814539 at line 5648
code is 1225996298 at line 5649
code is 1551 at line 5650
code is 723785 at line 5651
code is 318767111 at line 5652
code is 637552915 at line 5653
code is 2070 at line 5654
code is 200250 at line 5655
code is 188418889 at line 5656
code is 318767113 at line 5657
code is 771833612 at line 5658
code is 51264011 at line 5659
code is 990586636 at line 5660
code is 1225986305 at line 5661
code is 302071814 at line 5662
code is 18022400 at line 5663
code is 168099843 at line 5664
code is 238684987 at line 5665
code is 189338370 at line 5666
code is 167772171 at line 5667
code is 872416008 at line 5668
code is 973814539 at line 5669
code is 1225982474 at line 5670
code is 3087 at line 5671
code is 723712 at line 5672
code is 863745 at line 5673
code is 1057751822 at line 5674
code is 973814539 at line 5675
code is 655102209 at line 5676
code is 302071814 at line 5677
code is 18022400 at line 5678
code is 235208707 at line 5679
code is 138021691 at line 5680
code is 189338370 at line 5681
code is 167772175 at line 5682
code is 16861459 at line 5683
code is 18022400 at line 5684
code is 270598217 at line 5685
code is 321850112 at line 5686
code is 1127424 at line 5687
code is 51264011 at line 5688
code is 990595347 at line 5689
code is 34209792 at line 5690
code is 305397763 at line 5691
code is 238684987 at line 5692
code is 189338431 at line 5693
code is 205261824 at line 5694
code is 1258496 at line 5695
code is 51264011 at line 5696
code is 990595347 at line 5697
code is 1057751562 at line 5698
code is 114 at line 5699
code is 33554434 at line 5700
code is 4915456 at line 5701
code is 66043 at line 5702
code is 235732993 at line 5703
code is 16843008 at line 5704
code is 256 at line 5705
code is 77685 at line 5706
code is 1936863091 at line 5707
code is 1970286439 at line 5708
code is 1667444017 at line 5709
code is 825111086 at line 5710
code is 808414313 at line 5711
code is 1647273827 at line 5712
code is 1664055352 at line 5713
code is 912209460 at line 5714
code is 762340141 at line 5715
code is 1818848885 at line 5716
code is 2016241518 at line 5717
code is 1966027057 at line 5718
code is 775040560 at line 5719
code is 795438691 at line 5720
code is 1819632741 at line 5721
code is 3110259 at line 5722
code is 1915709806 at line 5723
code is 1668052324 at line 5724
code is 1697604201 at line 5725
code is 1953693743 at line 5726
code is 1970500143 at line 5727
code is 1768842092 at line 5728
code is 1969513775 at line 5729
code is 1651078259 at line 5730
code is 796162416 at line 5731
code is 1702035503 at line 5732
code is 1970500143 at line 5733
code is 1768842092 at line 5734
code is 1969513728 at line 5735
code is 796226418 at line 5736
code is 796095856 at line 5737
code is 795044201 at line 5738
code is 875573097 at line 5739
code is 1852009589 at line 5740
code is 1684352867 at line 5741
code is 1768488960 at line 5742
code is 1969843828 at line 5743
code is 1701998706 at line 5744
code is 1635018030 at line 5745
code is 1744830464 at line 5746
code is 7695717 at line 5747
code is 1836020345 at line 5748
code is 778567680 at line 5749
code is 30053 at line 5750
code is 2019910517 at line 5751
code is 1952788072 at line 5752
code is 0 at line 5753
code is 1970089571 at line 5754
code is 0 at line 5755
code is 1937007716 at line 5756
code is 1701195368 at line 5757
code is 65536 at line 5758
code is 1954115685 at line 5759
code is 1932421120 at line 5760
code is 33554547 at line 5761
code is 1953658211 at line 5762
code is 1952400969 at line 5763
code is 1279602280 at line 5764
code is 196608 at line 5765
code is 1179208773 at line 5766
code is 778567683 at line 5767
code is 29556 at line 5768
code is 1684631342 at line 5769
code is 1744831488 at line 5770
code is 7566436 at line 5771
code is 1768846381 at line 5772
code is 1969843828 at line 5773
code is 1848535040 at line 5774
code is 33554549 at line 5775
code is 1634890337 at line 5776
code is 2033084416 at line 5777
code is 83886181 at line 5778
code is 2019779952 at line 5779
code is 1949198336 at line 5780
code is 83886195 at line 5781
code is 1952738409 at line 5782
code is 1647208448 at line 5783
code is 67108864 at line 5784
code is 84803593 at line 5785
code is 49679168 at line 5786
code is 0 at line 5787
code is 1574153 at line 5788
code is 1258619295 at line 5789
code is 67241230 at line 5790
code is 1006963019 at line 5791
code is 83992324 at line 5792
code is 50662969 at line 5793
code is 84495109 at line 5794
code is 27198468 at line 5795
code is 50936837 at line 5796
code is 163251479 at line 5797
code is 140051744 at line 5798
code is -1174073726 at line 5799
code is 84513029 at line 5800
code is 482018579 at line 5801
code is 140051721 at line 5802
code is -2113594833 at line 5803
code is 1963266420 at line 5804
code is 85852162 at line 5805
code is 67317509 at line 5806
code is 553648644 at line 5807
code is 55248158 at line 5808
code is 132099 at line 5809
code is -1174065152 at line 5810
code is 33817402 at line 5811
code is 86179842 at line 5812
code is 67193349 at line 5813
code is 637534724 at line 5814
code is 44172571 at line 5815
code is 132098 at line 5816
code is 141886759 at line 5817
code is 132098 at line 5818
code is 58298373 at line 5819
code is 469762564 at line 5820
code is 22545680 at line 5821
code is 51027461 at line 5822
code is 21704965 at line 5823
code is 314246409 at line 5824
code is 1946494464 at line 5825
code is 33817391 at line 5826
code is 85000194 at line 5827
code is 67307595 at line 5828
code is 87031810 at line 5829
code is 67307662 at line 5830
code is 85786626 at line 5831
code is 67193349 at line 5832
code is 452985348 at line 5833
code is 28968193 at line 5834
code is 1565263113 at line 5835
code is -442523899 at line 5836
code is 279184649 at line 5837
code is 1946490656 at line 5838
code is 85623557 at line 5839
code is 342230297 at line 5840
code is 1493755296 at line 5841
code is 84484864 at line 5842
code is 33817094 at line 5843
code is -1408955386 at line 5844
code is 138216742 at line 5845
code is -2096817144 at line 5846
code is 1006965000 at line 5847
code is 1023410692 at line 5848
code is 33977349 at line 5849
code is 386271293 at line 5850
code is 85309957 at line 5851
code is 290129175 at line 5852
code is -670755356 at line 5853
code is 84495803 at line 5854
code is 83953683 at line 5855
code is 33685505 at line 5856
code is 22151168 at line 5857
code is 131127 at line 5858
code is 1 at line 5859
code is 33230349 at line 5860
code is 65793 at line 5861
code is 16777216 at line 5862
code is 16777217 at line 5863
code is 1936876288 at line 5864
code is 1768842092 at line 5865
code is 1969513728 at line 5866
code is 6386547 at line 5867
code is 1701999662 at line 5868
code is 1660944640 at line 5869
code is 6649955 at line 5870
code is 1701868590 at line 5871
code is 1744830976 at line 5872
code is 9 at line 5873
code is 42470976 at line 5874
code is 0 at line 5875
code is 1420391 at line 5876
code is 144638466 at line 5877
code is 65828 at line 5878
code is 16777218 at line 5879
code is 15269888 at line 5880
code is 66043 at line 5881
code is 235732993 at line 5882
code is 16843008 at line 5883
code is 256 at line 5884
code is 95090 at line 5885
code is 1660956533 at line 5886
code is 1936863091 at line 5887
code is 1970286439 at line 5888
code is 1667444020 at line 5889
code is 775237170 at line 5890
code is 795634018 at line 5891
code is 795304803 at line 5892
code is 796407862 at line 5893
code is 1597387821 at line 5894
code is 1970170734 at line 5895
code is 1870097965 at line 5896
code is 1818848885 at line 5897
code is 2016241518 at line 5898
code is 1966027822 at line 5899
code is 892219951 at line 5900
code is 1768842092 at line 5901
code is 1969513728 at line 5902
code is 796226418 at line 5903
code is 795438691 at line 5904
code is 1819632741 at line 5905
code is 794978676 at line 5906
code is 1929391989 at line 5907
code is 1936863081 at line 5908
code is 1852009589 at line 5909
code is 1684340841 at line 5910
code is 1852009589 at line 5911
code is 1684340736 at line 5912
code is 1702388581 at line 5913
code is 1886662243 at line 5914
code is 65536 at line 5915
code is 1937007716 at line 5916
code is 1701195368 at line 5917
code is 131072 at line 5918
code is 1954115685 at line 5919
code is 1932421120 at line 5920
code is 50331756 at line 5921
code is 1768057199 at line 5922
code is 778567684 at line 5923
code is 29541 at line 5924
code is 1953131888 at line 5925
code is 778567683 at line 5926
code is 29545 at line 5927
code is 1735615860 at line 5928
code is 778567683 at line 5929
code is 29541 at line 5930
code is 1953131888 at line 5931
code is 778567684 at line 5932
code is 25976 at line 5933
code is 1667592308 at line 5934
code is 778567685 at line 5935
code is 29556 at line 5936
code is 1684631342 at line 5937
code is 1744831488 at line 5938
code is 9 at line 5939
code is 45616704 at line 5940
code is 0 at line 5941
code is 1706052 at line 5942
code is 58250755 at line 5943
code is 175376543 at line 5944
code is -1392367341 at line 5945
code is -1157486060 at line 5946
code is 35984329 at line 5947
code is 36180738 at line 5948
code is 689113121 at line 5949
code is 1525016012 at line 5950
code is 141034005 at line 5951
code is 66003 at line 5952
code is 2 at line 5953
code is 5373952 at line 5954
code is 66043 at line 5955
code is 235732993 at line 5956
code is 16843008 at line 5957
code is 256 at line 5958
code is 95090 at line 5959
code is 1660971374 at line 5960
code is 1668052324 at line 5961
code is 1694498933 at line 5962
code is 1634890337 at line 5963
code is 2033083136 at line 5964
code is 16777317 at line 5965
code is 2019779952 at line 5966
code is 1949198336 at line 5967
code is 33554549 at line 5968
code is 1634890337 at line 5969
code is 2033084416 at line 5970
code is 33554549 at line 5971
code is 1634890337 at line 5972
code is 2037540208 at line 5973
code is 778567682 at line 5974
code is 0 at line 5975
code is 151148560 at line 5976
code is 1073741824 at line 5977
code is 6886 at line 5978
code is 143746818 at line 5979
code is 991168643 at line 5980
code is 1265961048 at line 5981
code is 1963498870 at line 5982
code is 36573289 at line 5983
code is 144675231 at line 5984
code is 1742256943 at line 5985
code is -1166736855 at line 5986
code is 287441454 at line 5987
code is 318907923 at line 5988
code is 803501320 at line 5989
code is -1654128088 at line 5990
code is 270731395 at line 5991
code is 800748808 at line 5992
code is -1620627526 at line 5993
code is 1963499381 at line 5994
code is 804418824 at line 5995
code is -1654126433 at line 5996
code is 1728195091 at line 5997
code is -1627247084 at line 5998
code is 37229457 at line 5999
code is 1977906696 at line 6000
code is -1670838113 at line 6001
code is 140970129 at line 6002
code is 36705032 at line 6003
code is -1862128109 at line 6004
code is 1258422784 at line 6005
code is 16878080 at line 6006
code is 512 at line 6007
code is 1023410176 at line 6008
code is 16907022 at line 6009
code is 218104065 at line 6010
code is 16842752 at line 6011
code is 65536 at line 6012
code is 24343139 at line 6013
code is 6909539 at line 6014
code is 1819632741 at line 6015
code is 28005 at line 6016
code is 1831756544 at line 6017
code is 16777317 at line 6018
code is 2019779952 at line 6019
code is 1949198336 at line 6020
code is 33554541 at line 6021
code is 1701654120 at line 6022
code is 131072 at line 6023
code is 2306 at line 6024
code is 672481280 at line 6025
code is 0 at line 6026
code is 419966582 at line 6027
code is 144700278 at line 6028
code is 1963506696 at line 6029
code is -2075447288 at line 6030
code is 1719011484 at line 6031
code is 1997053704 at line 6032
code is 1735816456 at line 6033
code is -1140292533 at line 6034
code is 789065589 at line 6035
code is -1154480026 at line 6036
code is 1963498870 at line 6037
code is 144640103 at line 6038
code is 1987381436 at line 6039
code is 142887682 at line 6040
code is 33554689 at line 6041
code is 335544320 at line 6042
code is -1 at line 6043
code is 16777592 at line 6044
code is 269223688 at line 6045
code is -1878982656 at line 6046
code is 0 at line 6047
code is 603979776 at line 6048
code is 0 at line 6049
code is -2012332032 at line 6050
code is 0 at line 6051
code is 771751936 at line 6052
code is 0 at line 6053
code is 1091440774 at line 6054
code is 37948678 at line 6055
code is 1762395912 at line 6056
code is 0 at line 6057
code is 335544320 at line 6058
code is -1 at line 6059
code is 16777592 at line 6060
code is 269223688 at line 6061
code is -1878982656 at line 6062
code is 0 at line 6063
code is 603979776 at line 6064
code is 1073741824 at line 6065
code is -1207025664 at line 6066
code is 0 at line 6067
code is -1627324416 at line 6068
code is 0 at line 6069
code is 1091440774 at line 6070
code is 37948678 at line 6071
code is 1166213888 at line 6072
code is 0 at line 6073
code is 335544320 at line 6074
code is -1 at line 6075
code is 16777592 at line 6076
code is 269223688 at line 6077
code is -1878982656 at line 6078
code is 0 at line 6079
code is 603979776 at line 6080
code is -2147483648 at line 6081
code is 1477459968 at line 6082
code is 0 at line 6083
code is -1912602624 at line 6084
code is 0 at line 6085
code is 1091440774 at line 6086
code is 37948678 at line 6087
code is 1166213890 at line 6088
code is -2079586552 at line 6089
code is 603979776 at line 6090
code is -2147483648 at line 6091
code is -435142656 at line 6092
code is 0 at line 6093
code is -1023410176 at line 6094
code is 0 at line 6095
code is 1091440774 at line 6096
code is 37948678 at line 6097
code is 46009351 at line 6098
code is 134217728 at line 6099
code is 603979776 at line 6100
code is -2147483648 at line 6101
code is -1458487296 at line 6102
code is 0 at line 6103
code is -1828716544 at line 6104
code is 0 at line 6105
code is 1091440774 at line 6106
code is 37948678 at line 6107
code is 42863623 at line 6108
code is 134217728 at line 6109
code is 603979776 at line 6110
code is -2147483648 at line 6111
code is 1007828992 at line 6112
code is 0 at line 6113
code is 2063597568 at line 6114
code is 0 at line 6115
code is 1091440774 at line 6116
code is 37948678 at line 6117
code is 41290759 at line 6118
code is 134217728 at line 6119
code is 603979776 at line 6120
code is -2147483648 at line 6121
code is -1223540736 at line 6122
code is 0 at line 6123
code is 905969664 at line 6124
code is 0 at line 6125
code is 1091440774 at line 6126
code is 37948678 at line 6127
code is 1896613640 at line 6128
code is 0 at line 6129
code is 603979776 at line 6130
code is -2147483648 at line 6131
code is -317571072 at line 6132
code is 0 at line 6133
code is 922746880 at line 6134
code is 0 at line 6135
code is 1091440774 at line 6136
code is 37948678 at line 6137
code is 1913390856 at line 6138
code is 0 at line 6139
code is 603979776 at line 6140
code is -2147483648 at line 6141
code is 605241344 at line 6142
code is 0 at line 6143
code is 50397184 at line 6144
code is 0 at line 6145
code is 1091440774 at line 6146
code is 37948678 at line 6147
code is 1166213890 at line 6148
code is -116652280 at line 6149
code is 603979776 at line 6150
code is -2147483648 at line 6151
code is 655638528 at line 6152
code is 0 at line 6153
code is 16842752 at line 6154
code is 0 at line 6155
code is 1091440774 at line 6156
code is 37948678 at line 6157
code is 50072583 at line 6158
code is 134217728 at line 6159
code is 335544320 at line 6160
code is -1 at line 6161
code is 16777592 at line 6162
code is 269223688 at line 6163
code is -1878982656 at line 6164
code is 0 at line 6165
code is 603979776 at line 6166
code is -671023104 at line 6167
code is 672481280 at line 6168
code is 0 at line 6169
code is -1895825408 at line 6170
code is 0 at line 6171
code is 1091440774 at line 6172
code is 37948678 at line 6173
code is 42601479 at line 6174
code is 134217728 at line 6175
code is 603979776 at line 6176
code is -671023104 at line 6177
code is -1223344128 at line 6178
code is 0 at line 6179
code is -1140850688 at line 6180
code is 0 at line 6181
code is 1091440774 at line 6182
code is 37948678 at line 6183
code is 45550599 at line 6184
code is 134217728 at line 6185
code is 603979776 at line 6186
code is -671023104 at line 6187
code is 1930838016 at line 6188
code is 0 at line 6189
code is 671088640 at line 6190
code is 0 at line 6191
code is 1091440774 at line 6192
code is 37948678 at line 6193
code is 1661732616 at line 6194
code is 0 at line 6195
code is 603979776 at line 6196
code is -671023104 at line 6197
code is -1693040640 at line 6198
code is 0 at line 6199
code is -1140850688 at line 6200
code is 0 at line 6201
code is 1091440774 at line 6202
code is 37948678 at line 6203
code is 45550599 at line 6204
code is 134217728 at line 6205
code is 1600089958 at line 6206
code is 1717531648 at line 6207
code is 1598639967 at line 6208
code is 1919246692 at line 6209
code is 1601205362 at line 6210
code is 6251368 at line 6211
code is 1634299392 at line 6212
code is 1936292453 at line 6213
code is 1601437791 at line 6214
code is 1936224114 at line 6215
code is 1952609638 at line 6216
code is 5587314 at line 6217
code is 1918990687 at line 6218
code is 1852143360 at line 6219
code is 1598639967 at line 6220
code is 1651861087 at line 6221
code is 1650553701 at line 6222
code is 7106414 at line 6223
code is 1730178159 at line 6224
code is 1852252277 at line 6225
code is 1853057383 at line 6226
code is 1852138528 at line 6227
code is 1768846336 at line 6228
code is 1718838629 at line 6229
code is 1795183937 at line 6230
code is 1920098681 at line 6231
code is 1600549477 at line 6232
code is 1694526575 at line 6233
code is 1852252268 at line 6234
code is 1869506336 at line 6235
code is 1768846336 at line 6236
code is 1886547815 at line 6237
code is 1918987520 at line 6238
code is 1600547180 at line 6239
code is 1701736192 at line 6240
code is 1098085221 at line 6241
code is 1920229190 at line 6242
code is 1634298981 at line 6243
code is 1677745993 at line 6244
code is 1331655269 at line 6245
code is 1633967973 at line 6246
code is 1852047455 at line 6247
code is 1718378855 at line 6248
code is 1929404233 at line 6249
code is 1331651189 at line 6250
code is 1717527918 at line 6251
code is 1677746019 at line 6252
code is 1970429795 at line 6253
code is 1869378925 at line 6254
code is 1845518153 at line 6255
code is 1331651439 at line 6256
code is 1684366198 at line 6257
code is 1946181487 at line 6258
code is 1818517359 at line 6259
code is 1717990245 at line 6260
code is 1946181471 at line 6261
code is 1969843828 at line 6262
code is 858939252 at line 6263
code is 4552803 at line 6264
code is 1701868639 at line 6265
code is 1918986611 at line 6266
code is 1694523209 at line 6267
code is 1331653985 at line 6268
code is 1919640946 at line 6269
code is 7566436 at line 6270
code is 1768816735 at line 6271
code is 1718773093 at line 6272
code is 1919251295 at line 6273
code is 1651860992 at line 6274
code is 1718645353 at line 6275
code is 1853122048 at line 6276
code is 1129137247 at line 6277
code is 1397316165 at line 6278
code is 6244687 at line 6279
code is 1601663593 at line 6280
code is 1952800624 at line 6281
code is 1953628245 at line 6282
code is 1098019425 at line 6283
code is 2036294004 at line 6284
code is 7563375 at line 6285
code is 1920213109 at line 6286
code is 1853057383 at line 6287
code is 1852138528 at line 6288
code is 1768846336 at line 6289
code is 1598639967 at line 6290
code is 1935767141 at line 6291
code is 1600282995 at line 6292
code is 1694525031 at line 6293
code is 1702126336 at line 6294
code is 1970089571 at line 6295
code is 6253679 at line 6296
code is 1667956831 at line 6297
code is 1718378855 at line 6298
code is 1932656735 at line 6299
code is 1836016741 at line 6300
code is 3106863 at line 6301
code is 1802007856 at line 6302
code is 875512659 at line 6303
code is 875573109 at line 6304
code is 1828745330 at line 6305
code is 1768846401 at line 6306
code is 1920073823 at line 6307
code is 1229938551 at line 6308
code is 1919513701 at line 6309
code is 1600482916 at line 6310
code is 6244687 at line 6311
code is 1600941923 at line 6312
code is 1801417728 at line 6313
code is 1598639967 at line 6314
code is 1179208773 at line 6315
code is 5587314 at line 6316
code is 1918990687 at line 6317
code is 1409312367 at line 6318
code is 1885695488 at line 6319
code is 1601003890 at line 6320
code is 1801810547 at line 6321
code is 4673109 at line 6322
code is 541276473 at line 6323
code is 540094766 at line 6324
code is 841887776 at line 6325
code is 762147957 at line 6326
code is 1852128615 at line 6327
code is 1701733746 at line 6328
code is 1768103981 at line 6329
code is 1835102819 at line 6330
code is 1748858936 at line 6331
code is 908932660 at line 6332
code is 539846432 at line 6333
code is 762541156 at line 6334
code is 1030188661 at line 6335
code is 960036981 at line 6336
code is 1853057383 at line 6337
code is 1852138528 at line 6338
code is 1667785074 at line 6339
code is 5587314 at line 6340
code is 1918990687 at line 6341
code is 1818586727 at line 6342
code is 1952972915 at line 6343
code is 1752134260 at line 6344
code is 543780468 at line 6345
code is 6244687 at line 6346
code is 1601661284 at line 6347
code is 1700750433 at line 6348
code is 1952514143 at line 6349
code is 1987338594 at line 6350
code is 1818582895 at line 6351
code is 1717990245 at line 6352
code is 1946183032 at line 6353
code is 1769209970 at line 6354
code is 1700885359 at line 6355
code is 1845511544 at line 6356
code is 1667592308 at line 6357
code is 1599340646 at line 6358
code is 1668050803 at line 6359
code is 1694523231 at line 6360
code is 1868981814 at line 6361
code is 878670848 at line 6362
code is 1598639967 at line 6363
code is 1919246692 at line 6364
code is 1600282995 at line 6365
code is 1694523209 at line 6366
code is 1331655521 at line 6367
code is 1986355045 at line 6368
code is 1852047459 at line 6369
code is 1970429795 at line 6370
code is 1868850432 at line 6371
code is 1600090209 at line 6372
code is 1681195103 at line 6373
code is 1970173299 at line 6374
code is 1701065216 at line 6375
code is 1937007717 at line 6376
code is 1920073825 at line 6377
code is 1919383040 at line 6378
code is 1598639967 at line 6379
code is 1650549611 at line 6380
code is 1970298722 at line 6381
code is 1634952448 at line 6382
code is 1886546286 at line 6383
code is 1950417008 at line 6384
code is 1919512180 at line 6385
code is 1107325042 at line 6386
code is 1768846403 at line 6387
code is 6386279 at line 6388
code is 1660968806 at line 6389
code is 1919247730 at line 6390
code is 1702059884 at line 6391
code is 1769174016 at line 6392
code is 1919252329 at line 6393
code is 1852047462 at line 6394
code is 1952803948 at line 6395
code is 7168361 at line 6396
code is 1845518153 at line 6397
code is 1331656562 at line 6398
code is 1769235807 at line 6399
code is 1650553701 at line 6400
code is 7497057 at line 6401
code is 1683972975 at line 6402
code is 1684340807 at line 6403
code is 1314201667 at line 6404
code is 540290613 at line 6405
code is 775028783 at line 6406
code is 1970500143 at line 6407
code is 1937076271 at line 6408
code is 1936876335 at line 6409
code is 1667852596 at line 6410
code is 805331315 at line 6411
code is 1936028276 at line 6412
code is 7496563 at line 6413
code is 1768161395 at line 6414
code is 1919102817 at line 6415
code is 1936942450 at line 6416
code is 1949197056 at line 6417
code is 1600088685 at line 6418
code is 1885299317 at line 6419
code is 1711304818 at line 6420
code is 1702232159 at line 6421
code is 1600810352 at line 6422
code is 1600288102 at line 6423
code is 1601462631 at line 6424
code is 4552803 at line 6425
code is 1701868639 at line 6426
code is 1937006947 at line 6427
code is 1795189865 at line 6428
code is 1852112991 at line 6429
code is 1600810352 at line 6430
code is 1651860992 at line 6431
code is 1600091745 at line 6432
code is 1811963743 at line 6433
code is 1936287603 at line 6434
code is 1702125428 at line 6435
code is 6255458 at line 6436
code is 1969619045 at line 6437
code is 2019779952 at line 6438
code is 1953066862 at line 6439
code is 7565923 at line 6440
code is 795179107 at line 6441
code is 1701868590 at line 6442
code is 1660968799 at line 6443
code is 1835103083 at line 6444
code is 1601659251 at line 6445
code is 1601397110 at line 6446
code is 1701052485 at line 6447
code is 2019779952 at line 6448
code is 1952408942 at line 6449
code is 1952805477 at line 6450
code is 1677746032 at line 6451
code is 1869807685 at line 6452
code is 2019779952 at line 6453
code is 1952409193 at line 6454
code is 1851878505 at line 6455
code is 2053465088 at line 6456
code is 1165517669 at line 6457
code is 1886674802 at line 6458
code is 1634300773 at line 6459
code is 1677747817 at line 6460
code is 1818558533 at line 6461
code is 2019779952 at line 6462
code is 1952409697 at line 6463
code is 1852075109 at line 6464
code is 1677746030 at line 6465
code is 1702392832 at line 6466
code is 1600090209 at line 6467
code is 1680932959 at line 6468
code is 1601200484 at line 6469
code is 838885215 at line 6470
code is 1885430835 at line 6471
code is 6250352 at line 6472
code is 1633956864 at line 6473
code is 1600090977 at line 6474
code is 1986356319 at line 6475
code is 1835103083 at line 6476
code is 4552803 at line 6477
code is 1701868639 at line 6478
code is 1181901165 at line 6479
code is 1694520641 at line 6480
code is 1920098681 at line 6481
code is 1600352112 at line 6482
code is 2030072690 at line 6483
code is 1664054625 at line 6484
code is 1920098681 at line 6485
code is 778240117 at line 6486
code is 1634890337 at line 6487
code is 2030064961 at line 6488
code is 1920098681 at line 6489
code is 1601399162 at line 6490
code is 1694520641 at line 6491
code is 1920098681 at line 6492
code is 1601332595 at line 6493
code is 1769628928 at line 6494
code is 1701602669 at line 6495
code is 1929401665 at line 6496
code is 1920098681 at line 6497
code is 1382379615 at line 6498
code is 1768843636 at line 6499
code is 6516597 at line 6500
code is 1853096013 at line 6501
code is 1701666662 at line 6502
code is 1919247616 at line 6503
code is 1936876335 at line 6504
code is 1835363630 at line 6505
code is 1660964197 at line 6506
code is 1834967905 at line 6507
code is 1819045731 at line 6508
code is 5072237 at line 6509
code is 1598447977 at line 6510
code is 1818584064 at line 6511
code is 1298492767 at line 6512
code is 1919251305 at line 6513
code is 2053439565 at line 6514
code is 1701666657 at line 6515
code is 1819045731 at line 6516
code is 7234169 at line 6517
code is 1952805632 at line 6518
code is 0 at line 6519
code is 0 at line 6520
code is 16777216 at line 6521
code is 0 at line 6522
code is 33584904 at line 6523
code is 16777216 at line 6524
code is 0 at line 6525
code is 67108864 at line 6526
code is 0 at line 6527
code is 33584912 at line 6528
code is 67108864 at line 6529
code is 0 at line 6530
code is 754974720 at line 6531
code is 0 at line 6532
code is 33584656 at line 6533
code is 754974720 at line 6534
code is 0 at line 6535
code is 771751936 at line 6536
code is 0 at line 6537
code is 33584904 at line 6538
code is 0 at line 6539
code is 0 at line 6540
code is 0 at line 6541
code is 0 at line 6542
code is 0 at line 6543
code is 0 at line 6544
code is 16777216 at line 6545
code is 0 at line 6546
code is 33584904 at line 6547
code is 16777216 at line 6548
code is 0 at line 6549
code is 67108864 at line 6550
code is 0 at line 6551
code is 33584912 at line 6552
code is 67108864 at line 6553
code is 0 at line 6554
code is -1627324416 at line 6555
code is 0 at line 6556
code is 33584656 at line 6557
code is 0 at line 6558
code is 0 at line 6559
code is 0 at line 6560
code is 0 at line 6561
code is 0 at line 6562
code is 0 at line 6563
code is 16777216 at line 6564
code is 0 at line 6565
code is 33584904 at line 6566
code is 16777216 at line 6567
code is 0 at line 6568
code is 67108864 at line 6569
code is 0 at line 6570
code is 33584912 at line 6571
code is 67108864 at line 6572
code is 0 at line 6573
code is -1929379840 at line 6574
code is 0 at line 6575
code is 33584656 at line 6576
code is -1929379840 at line 6577
code is 0 at line 6578
code is -1912602624 at line 6579
code is 0 at line 6580
code is 33584904 at line 6581
code is 0 at line 6582
code is 0 at line 6583
code is 0 at line 6584
code is 0 at line 6585
code is -1912602624 at line 6586
code is 0 at line 6587
code is -1895825408 at line 6588
code is 0 at line 6589
code is 33584904 at line 6590
code is -1895825408 at line 6591
code is 0 at line 6592
code is -1845493760 at line 6593
code is 0 at line 6594
code is 33584912 at line 6595
code is -1845493760 at line 6596
code is 0 at line 6597
code is 1342242816 at line 6598
code is 0 at line 6599
code is 33584656 at line 6600
code is 1342242816 at line 6601
code is 0 at line 6602
code is 1359020032 at line 6603
code is 0 at line 6604
code is 33584904 at line 6605
code is 0 at line 6606
code is 0 at line 6607
code is 0 at line 6608
code is 0 at line 6609
code is 1359020032 at line 6610
code is 0 at line 6611
code is 1375797248 at line 6612
code is 0 at line 6613
code is 33584904 at line 6614
code is 1375797248 at line 6615
code is 0 at line 6616
code is 1426128896 at line 6617
code is 0 at line 6618
code is 33584912 at line 6619
code is 1426128896 at line 6620
code is 0 at line 6621
code is -486473728 at line 6622
code is 0 at line 6623
code is 33584656 at line 6624
code is -486473728 at line 6625
code is 0 at line 6626
code is -469696512 at line 6627
code is 0 at line 6628
code is 33584904 at line 6629
code is 0 at line 6630
code is 0 at line 6631
code is 0 at line 6632
code is 0 at line 6633
code is -469696512 at line 6634
code is 0 at line 6635
code is -452919296 at line 6636
code is 0 at line 6637
code is 33584904 at line 6638
code is -452919296 at line 6639
code is 0 at line 6640
code is -402587648 at line 6641
code is 0 at line 6642
code is 33584912 at line 6643
code is -402587648 at line 6644
code is 0 at line 6645
code is 1577189376 at line 6646
code is 0 at line 6647
code is 33584656 at line 6648
code is 1577189376 at line 6649
code is 0 at line 6650
code is 1593966592 at line 6651
code is 0 at line 6652
code is 33584904 at line 6653
code is 0 at line 6654
code is 0 at line 6655
code is 0 at line 6656
code is 0 at line 6657
code is 1593966592 at line 6658
code is 0 at line 6659
code is 1610743808 at line 6660
code is 0 at line 6661
code is 33584904 at line 6662
code is 1610743808 at line 6663
code is 0 at line 6664
code is 1661075456 at line 6665
code is 0 at line 6666
code is 33584912 at line 6667
code is 1661075456 at line 6668
code is 0 at line 6669
code is -1811808256 at line 6670
code is 0 at line 6671
code is 33584656 at line 6672
code is -1811808256 at line 6673
code is 0 at line 6674
code is -1795031040 at line 6675
code is 0 at line 6676
code is 33584904 at line 6677
code is 0 at line 6678
code is 0 at line 6679
code is 0 at line 6680
code is 0 at line 6681
code is -1795031040 at line 6682
code is 0 at line 6683
code is -1778253824 at line 6684
code is 0 at line 6685
code is 33584904 at line 6686
code is -1778253824 at line 6687
code is 0 at line 6688
code is -1727922176 at line 6689
code is 0 at line 6690
code is 33584912 at line 6691
code is -1727922176 at line 6692
code is 0 at line 6693
code is -889061376 at line 6694
code is 0 at line 6695
code is 33584656 at line 6696
code is -889061376 at line 6697
code is 0 at line 6698
code is -872284160 at line 6699
code is 0 at line 6700
code is 33584904 at line 6701
code is 0 at line 6702
code is 0 at line 6703
code is 0 at line 6704
code is 0 at line 6705
code is -872284160 at line 6706
code is 0 at line 6707
code is -855506944 at line 6708
code is 0 at line 6709
code is 33584904 at line 6710
code is -855506944 at line 6711
code is 0 at line 6712
code is -805175296 at line 6713
code is 0 at line 6714
code is 33584912 at line 6715
code is -805175296 at line 6716
code is 0 at line 6717
code is -838664192 at line 6718
code is 0 at line 6719
code is 33584656 at line 6720
code is -838664192 at line 6721
code is 0 at line 6722
code is -821886976 at line 6723
code is 0 at line 6724
code is 33584904 at line 6725
code is 0 at line 6726
code is 0 at line 6727
code is 0 at line 6728
code is 0 at line 6729
code is -821886976 at line 6730
code is 0 at line 6731
code is -805109760 at line 6732
code is 0 at line 6733
code is 33584904 at line 6734
code is -805109760 at line 6735
code is 0 at line 6736
code is -754778112 at line 6737
code is 0 at line 6738
code is 33584912 at line 6739
code is -754778112 at line 6740
code is 0 at line 6741
code is -821821440 at line 6742
code is 0 at line 6743
code is 33584656 at line 6744
code is -821821440 at line 6745
code is 0 at line 6746
code is -805044224 at line 6747
code is 0 at line 6748
code is 33584904 at line 6749
code is 0 at line 6750
code is 0 at line 6751
code is 0 at line 6752
code is 0 at line 6753
code is 0 at line 6754
code is 0 at line 6755
code is 16777216 at line 6756
code is 0 at line 6757
code is 33584904 at line 6758
code is 16777216 at line 6759
code is 0 at line 6760
code is 67108864 at line 6761
code is 0 at line 6762
code is 33584912 at line 6763
code is 67108864 at line 6764
code is 0 at line 6765
code is -1912602624 at line 6766
code is 0 at line 6767
code is 33584656 at line 6768
code is -1912602624 at line 6769
code is 0 at line 6770
code is -1895825408 at line 6771
code is 0 at line 6772
code is 33584904 at line 6773
code is 0 at line 6774
code is 0 at line 6775
code is 0 at line 6776
code is 0 at line 6777
code is -1895825408 at line 6778
code is 0 at line 6779
code is -1879048192 at line 6780
code is 0 at line 6781
code is 33584904 at line 6782
code is -1879048192 at line 6783
code is 0 at line 6784
code is -1828716544 at line 6785
code is 0 at line 6786
code is 33584912 at line 6787
code is -1828716544 at line 6788
code is 0 at line 6789
code is 1241579520 at line 6790
code is 0 at line 6791
code is 33584656 at line 6792
code is 1241579520 at line 6793
code is 0 at line 6794
code is 1258356736 at line 6795
code is 0 at line 6796
code is 33584904 at line 6797
code is 0 at line 6798
code is 0 at line 6799
code is 0 at line 6800
code is 0 at line 6801
code is 1258356736 at line 6802
code is 0 at line 6803
code is 1275133952 at line 6804
code is 0 at line 6805
code is 33584904 at line 6806
code is 1275133952 at line 6807
code is 0 at line 6808
code is 1325465600 at line 6809
code is 0 at line 6810
code is 33584912 at line 6811
code is 1325465600 at line 6812
code is 0 at line 6813
code is 1912668160 at line 6814
code is 0 at line 6815
code is 33584656 at line 6816
code is 1912668160 at line 6817
code is 0 at line 6818
code is 1929445376 at line 6819
code is 0 at line 6820
code is 33584904 at line 6821
code is 0 at line 6822
code is 0 at line 6823
code is 0 at line 6824
code is 0 at line 6825
code is 1929445376 at line 6826
code is 0 at line 6827
code is 1946222592 at line 6828
code is 0 at line 6829
code is 33584904 at line 6830
code is 1946222592 at line 6831
code is 0 at line 6832
code is 1996554240 at line 6833
code is 0 at line 6834
code is 33584912 at line 6835
code is 1996554240 at line 6836
code is 0 at line 6837
code is 771883008 at line 6838
code is 0 at line 6839
code is 33584656 at line 6840
code is 771883008 at line 6841
code is 0 at line 6842
code is 788660224 at line 6843
code is 0 at line 6844
code is 33584904 at line 6845
code is 0 at line 6846
code is 0 at line 6847
code is 0 at line 6848
code is 0 at line 6849
code is 671088640 at line 6850
code is 33586950 at line 6851
code is 62976 at line 6852
code is 16896 at line 6853
code is 17784 at line 6854
code is 1667592308 at line 6855
code is 1599340655 at line 6856
code is 69 at line 6857
code is 2019779952 at line 6858
code is 1952404480 at line 6859
code is 0 at line 6860
code is -721420288 at line 6861
code is 33584391 at line 6862
code is 2309 at line 6863
code is 11520 at line 6864
code is 29545 at line 6865
code is 2053463924 at line 6866
code is 7340032 at line 6867
code is 6250351 at line 6868
code is 1717985140 at line 6869
code is 8060928 at line 6870
code is 6250351 at line 6871
code is 1717974580 at line 6872
code is 1601437805 at line 6873
code is 33554527 at line 6874
code is 1229938540 at line 6875
code is 1868786527 at line 6876
code is 1946186754 at line 6877
code is 24393 at line 6878
code is 1331653985 at line 6879
code is 1919640946 at line 6880
code is 9764864 at line 6881
code is 6244687 at line 6882
code is 1598441804 at line 6883
code is 1157684482 at line 6884
code is 24415 at line 6885
code is 1785557087 at line 6886
code is 1651860992 at line 6887
code is 520290304 at line 6888
code is 1600090985 at line 6889
code is 1735615860 at line 6890
code is 1601437738 at line 6891
code is 50331743 at line 6892
code is 1600810352 at line 6893
code is 1600288102 at line 6894
code is 1601462631 at line 6895
code is 6357760 at line 6896
code is 6974832 at line 6897
code is 1600288102 at line 6898
code is 8127232 at line 6899
code is 4552803 at line 6900
code is 1701868639 at line 6901
code is 1409324803 at line 6902
code is 17784 at line 6903
code is 1667592308 at line 6904
code is 1599340706 at line 6905
code is 50331717 at line 6906
code is 2019779952 at line 6907
code is 1952401010 at line 6908
code is 1634559232 at line 6909
code is -1392312320 at line 6910
code is 1165517669 at line 6911
code is 1886674758 at line 6912
code is 1918987621 at line 6913
code is 0 at line 6914
code is 4325376 at line 6915
code is 131198 at line 6916
code is 201326592 at line 6917
code is 50331714 at line 6918
code is 69 at line 6919
code is 2019779952 at line 6920
code is 1952404480 at line 6921
code is 1862270976 at line 6922
code is 1165517669 at line 6923
code is 1886674772 at line 6924
code is 8323072 at line 6925
code is 5587314 at line 6926
code is 1918990687 at line 6927
code is 1409323008 at line 6928
code is 21825 at line 6929
code is 1920098681 at line 6930
code is 1599340544 at line 6931
code is 40 at line 6932
code is 2 at line 6933
code is 8261376 at line 6934
code is 5767680 at line 6935
code is 4325376 at line 6936
code is 4552803 at line 6937
code is 1701868639 at line 6938
code is 1409314560 at line 6939
code is 17784 at line 6940
code is 1667592308 at line 6941
code is 1599340544 at line 6942
code is 0 at line 6943
code is 0 at line 6944
code is 0 at line 6945
code is 0 at line 6946
code is 0 at line 6947
code is 0 at line 6948
code is 0 at line 6949
code is 0 at line 6950
code is 50331904 at line 6951
code is 939671552 at line 6952
code is 0 at line 6953
code is 0 at line 6954
code is 0 at line 6955
code is 0 at line 6956
code is 50332160 at line 6957
code is 1409433600 at line 6958
code is 0 at line 6959
code is 0 at line 6960
code is 0 at line 6961
code is 0 at line 6962
code is 50332416 at line 6963
code is 2013413376 at line 6964
code is 0 at line 6965
code is 0 at line 6966
code is 0 at line 6967
code is 0 at line 6968
code is 50332672 at line 6969
code is 805519360 at line 6970
code is 0 at line 6971
code is 0 at line 6972
code is 0 at line 6973
code is 0 at line 6974
code is 50332928 at line 6975
code is 1476608000 at line 6976
code is 0 at line 6977
code is 0 at line 6978
code is 0 at line 6979
code is 0 at line 6980
code is 50333184 at line 6981
code is -939180032 at line 6982
code is 0 at line 6983
code is 0 at line 6984
code is 0 at line 6985
code is 0 at line 6986
code is 50333440 at line 6987
code is -838451200 at line 6988
code is 0 at line 6989
code is 0 at line 6990
code is 0 at line 6991
code is 0 at line 6992
code is 50333696 at line 6993
code is 134692864 at line 6994
code is 0 at line 6995
code is 0 at line 6996
code is 0 at line 6997
code is 0 at line 6998
code is 50333952 at line 6999
code is 939999232 at line 7000
code is 0 at line 7001
code is 0 at line 7002
code is 0 at line 7003
code is 0 at line 7004
code is 50334208 at line 7005
code is -536395776 at line 7006
code is 0 at line 7007
code is 0 at line 7008
code is 0 at line 7009
code is 0 at line 7010
code is 50334464 at line 7011
code is -1475788800 at line 7012
code is 0 at line 7013
code is 0 at line 7014
code is 0 at line 7015
code is 0 at line 7016
code is 50334720 at line 7017
code is -804700160 at line 7018
code is 0 at line 7019
code is 0 at line 7020
code is 0 at line 7021
code is 0 at line 7022
code is 50334976 at line 7023
code is 269172736 at line 7024
code is 0 at line 7025
code is 0 at line 7026
code is 0 at line 7027
code is 0 at line 7028
code is 50335232 at line 7029
code is -669564928 at line 7030
code is 0 at line 7031
code is 0 at line 7032
code is 0 at line 7033
code is 0 at line 7034
code is 50335488 at line 7035
code is -401129472 at line 7036
code is 0 at line 7037
code is 0 at line 7038
code is 0 at line 7039
code is 0 at line 7040
code is 50335744 at line 7041
code is -401063936 at line 7042
code is 0 at line 7043
code is 0 at line 7044
code is 0 at line 7045
code is 0 at line 7046
code is 50336000 at line 7047
code is -1072087040 at line 7048
code is 0 at line 7049
code is 0 at line 7050
code is 0 at line 7051
code is 0 at line 7052
code is 50336256 at line 7053
code is -937598976 at line 7054
code is 0 at line 7055
code is 0 at line 7056
code is 0 at line 7057
code is 0 at line 7058
code is 50336512 at line 7059
code is -803381248 at line 7060
code is 0 at line 7061
code is 0 at line 7062
code is 0 at line 7063
code is 0 at line 7064
code is 50336768 at line 7065
code is -669163520 at line 7066
code is 0 at line 7067
code is 0 at line 7068
code is 0 at line 7069
code is 0 at line 7070
code is 50337024 at line 7071
code is -400728064 at line 7072
code is 0 at line 7073
code is 0 at line 7074
code is 0 at line 7075
code is 0 at line 7076
code is 50337280 at line 7077
code is -669032448 at line 7078
code is 0 at line 7079
code is 0 at line 7080
code is 0 at line 7081
code is 0 at line 7082
code is 50337536 at line 7083
code is 2121728 at line 7084
code is 0 at line 7085
code is 0 at line 7086
code is 0 at line 7087
code is 0 at line 7088
code is 50337792 at line 7089
code is -1340055552 at line 7090
code is 0 at line 7091
code is 0 at line 7092
code is 0 at line 7093
code is 0 at line 7094
code is 50338048 at line 7095
code is -534749184 at line 7096
code is 0 at line 7097
code is 0 at line 7098
code is 0 at line 7099
code is 0 at line 7100
code is 50338304 at line 7101
code is 0 at line 7102
code is 0 at line 7103
code is 0 at line 7104
code is 0 at line 7105
code is 0 at line 7106
code is 50338560 at line 7107
code is 404856832 at line 7108
code is 0 at line 7109
code is 0 at line 7110
code is 0 at line 7111
code is 0 at line 7112
code is 50338816 at line 7113
code is 0 at line 7114
code is 0 at line 7115
code is 0 at line 7116
code is 0 at line 7117
code is 0 at line 7118
code is 50339072 at line 7119
code is 0 at line 7120
code is 0 at line 7121
code is 0 at line 7122
code is 0 at line 7123
code is 0 at line 7124
code is 50339328 at line 7125
code is 0 at line 7126
code is 0 at line 7127
code is 0 at line 7128
code is 0 at line 7129
code is 0 at line 7130
code is 50339584 at line 7131
code is 0 at line 7132
code is 0 at line 7133
code is 0 at line 7134
code is 0 at line 7135
code is 0 at line 7136
code is 50339840 at line 7137
code is 0 at line 7138
code is 0 at line 7139
code is 0 at line 7140
code is 0 at line 7141
code is 0 at line 7142
code is 50340096 at line 7143
code is 0 at line 7144
code is 0 at line 7145
code is 0 at line 7146
code is 0 at line 7147
code is 0 at line 7148
code is 50340352 at line 7149
code is 0 at line 7150
code is 0 at line 7151
code is 0 at line 7152
code is 0 at line 7153
code is 0 at line 7154
code is 50340608 at line 7155
code is 0 at line 7156
code is 0 at line 7157
code is 0 at line 7158
code is 0 at line 7159
code is 0 at line 7160
code is 50340864 at line 7161
code is 0 at line 7162
code is 0 at line 7163
code is 0 at line 7164
code is 0 at line 7165
code is 16777216 at line 7166
code is 67170815 at line 7167
code is 0 at line 7168
code is 0 at line 7169
code is 0 at line 7170
code is 0 at line 7171
code is 369098752 at line 7172
code is 134400 at line 7173
code is 1057701888 at line 7174
code is 0 at line 7175
code is 0 at line 7176
code is 0 at line 7177
code is 637534208 at line 7178
code is 134400 at line 7179
code is 1057701888 at line 7180
code is 0 at line 7181
code is 0 at line 7182
code is 0 at line 7183
code is 973078528 at line 7184
code is 134400 at line 7185
code is 269172736 at line 7186
code is 0 at line 7187
code is 0 at line 7188
code is 0 at line 7189
code is 1308622848 at line 7190
code is 134400 at line 7191
code is 269172736 at line 7192
code is 0 at line 7193
code is 0 at line 7194
code is 0 at line 7195
code is 1711276032 at line 7196
code is 134400 at line 7197
code is 269172736 at line 7198
code is 0 at line 7199
code is 0 at line 7200
code is 0 at line 7201
code is 2130706432 at line 7202
code is 134400 at line 7203
code is 269172736 at line 7204
code is 0 at line 7205
code is 0 at line 7206
code is 0 at line 7207
code is -1677721600 at line 7208
code is 134400 at line 7209
code is 269172736 at line 7210
code is 0 at line 7211
code is 0 at line 7212
code is 0 at line 7213
code is -1275068416 at line 7214
code is 134400 at line 7215
code is 269172736 at line 7216
code is 0 at line 7217
code is 0 at line 7218
code is 0 at line 7219
code is -805306368 at line 7220
code is 134400 at line 7221
code is 269172736 at line 7222
code is 0 at line 7223
code is 0 at line 7224
code is 0 at line 7225
code is -452984832 at line 7226
code is 134400 at line 7227
code is 269172736 at line 7228
code is 0 at line 7229
code is 0 at line 7230
code is 0 at line 7231
code is -33554432 at line 7232
code is 134400 at line 7233
code is 1074479104 at line 7234
code is 0 at line 7235
code is 0 at line 7236
code is 0 at line 7237
code is 369164288 at line 7238
code is 134400 at line 7239
code is 1057701888 at line 7240
code is 0 at line 7241
code is 0 at line 7242
code is 0 at line 7243
code is 838926336 at line 7244
code is 134400 at line 7245
code is 269172736 at line 7246
code is 0 at line 7247
code is 0 at line 7248
code is 0 at line 7249
code is 1308688384 at line 7250
code is 134400 at line 7251
code is 269172736 at line 7252
code is 0 at line 7253
code is 0 at line 7254
code is 0 at line 7255
code is 1845559296 at line 7256
code is 134400 at line 7257
code is 269172736 at line 7258
code is 0 at line 7259
code is 0 at line 7260
code is 0 at line 7261
code is -1895759872 at line 7262
code is 134400 at line 7263
code is 269172736 at line 7264
code is 0 at line 7265
code is 0 at line 7266
code is 0 at line 7267
code is -1275002880 at line 7268
code is 134400 at line 7269
code is 269172736 at line 7270
code is 0 at line 7271
code is 0 at line 7272
code is 0 at line 7273
code is -738131968 at line 7274
code is 134400 at line 7275
code is 269172736 at line 7276
code is 0 at line 7277
code is 0 at line 7278
code is 0 at line 7279
code is -134152192 at line 7280
code is 134400 at line 7281
code is 269172736 at line 7282
code is 0 at line 7283
code is 0 at line 7284
code is 0 at line 7285
code is 352452608 at line 7286
code is 134400 at line 7287
code is 269172736 at line 7288
code is 0 at line 7289
code is 0 at line 7290
code is 0 at line 7291
code is 906100736 at line 7292
code is 134400 at line 7293
code is 1074479104 at line 7294
code is 0 at line 7295
code is 0 at line 7296
code is 0 at line 7297
code is 1560412160 at line 7298
code is 134400 at line 7299
code is 1158365184 at line 7300
code is 0 at line 7301
code is 0 at line 7302
code is 0 at line 7303
code is -2113798144 at line 7304
code is 67170815 at line 7305
code is 0 at line 7306
code is 0 at line 7307
code is 0 at line 7308
code is 0 at line 7309
code is -1912471552 at line 7310
code is 134400 at line 7311
code is 1612136448 at line 7312
code is 0 at line 7313
code is 0 at line 7314
code is 0 at line 7315
code is -1576927232 at line 7316
code is 134400 at line 7317
code is -719896576 at line 7318
code is 0 at line 7319
code is 0 at line 7320
code is 0 at line 7321
code is -1174274048 at line 7322
code is 134400 at line 7323
code is 269172736 at line 7324
code is 0 at line 7325
code is 0 at line 7326
code is 0 at line 7327
code is -771620864 at line 7328
code is 134400 at line 7329
code is 269172736 at line 7330
code is 0 at line 7331
code is 0 at line 7332
code is 0 at line 7333
code is -301858816 at line 7334
code is 134400 at line 7335
code is 269172736 at line 7336
code is 0 at line 7337
code is 0 at line 7338
code is 0 at line 7339
code is 184745984 at line 7340
code is 134400 at line 7341
code is 269172736 at line 7342
code is 0 at line 7343
code is 0 at line 7344
code is 0 at line 7345
code is 738394112 at line 7346
code is 134400 at line 7347
code is 269172736 at line 7348
code is 0 at line 7349
code is 0 at line 7350
code is 0 at line 7351
code is 1208156160 at line 7352
code is 134400 at line 7353
code is 269172736 at line 7354
code is 0 at line 7355
code is 0 at line 7356
code is 0 at line 7357
code is 1745027072 at line 7358
code is 134400 at line 7359
code is 269172736 at line 7360
code is 0 at line 7361
code is 0 at line 7362
code is 0 at line 7363
code is -2130509824 at line 7364
code is 134400 at line 7365
code is 269172736 at line 7366
code is 0 at line 7367
code is 0 at line 7368
code is 0 at line 7369
code is -1643970560 at line 7370
code is 134400 at line 7371
code is 1612136448 at line 7372
code is 0 at line 7373
code is 0 at line 7374
code is 0 at line 7375
code is -1123876864 at line 7376
code is 134400 at line 7377
code is -988332032 at line 7378
code is 0 at line 7379
code is 0 at line 7380
code is 0 at line 7381
code is -637337600 at line 7382
code is 134400 at line 7383
code is -988332032 at line 7384
code is 0 at line 7385
code is 0 at line 7386
code is 0 at line 7387
code is -117243904 at line 7388
code is 134400 at line 7389
code is -719896576 at line 7390
code is 0 at line 7391
code is 0 at line 7392
code is 0 at line 7393
code is 369360896 at line 7394
code is 67170815 at line 7395
code is 0 at line 7396
code is 0 at line 7397
code is 0 at line 7398
code is 0 at line 7399
code is 553910272 at line 7400
code is 33557760 at line 7401
code is 1342914560 at line 7402
code is 0 at line 7403
code is 0 at line 7404
code is 0 at line 7405
code is 587464704 at line 7406
code is 33557760 at line 7407
code is -2146746368 at line 7408
code is 0 at line 7409
code is 0 at line 7410
code is 0 at line 7411
code is 906231808 at line 7412
code is 33557760 at line 7413
code is -1073004544 at line 7414
code is 0 at line 7415
code is 0 at line 7416
code is 0 at line 7417
code is 1275330560 at line 7418
code is 16783616 at line 7419
code is 136404992 at line 7420
code is 0 at line 7421
code is 16777216 at line 7422
code is 0 at line 7423
code is 1476657152 at line 7424
code is 16782080 at line 7425
code is -803381248 at line 7426
code is 0 at line 7427
code is 0 at line 7428
code is 0 at line 7429
code is 2130968576 at line 7430
code is 33557760 at line 7431
code is -267698176 at line 7432
code is 0 at line 7433
code is 0 at line 7434
code is 0 at line 7435
code is -1962672128 at line 7436
code is 16781824 at line 7437
code is -937598976 at line 7438
code is 0 at line 7439
code is 0 at line 7440
code is 0 at line 7441
code is -1442578432 at line 7442
code is 67170815 at line 7443
code is 0 at line 7444
code is 0 at line 7445
code is 0 at line 7446
code is 0 at line 7447
code is -1358692352 at line 7448
code is 67170815 at line 7449
code is 0 at line 7450
code is 0 at line 7451
code is 0 at line 7452
code is 0 at line 7453
code is -1207697408 at line 7454
code is 16783360 at line 7455
code is -1071620096 at line 7456
code is 0 at line 7457
code is 83886080 at line 7458
code is 0 at line 7459
code is -1107034112 at line 7460
code is 67170815 at line 7461
code is 0 at line 7462
code is 0 at line 7463
code is 0 at line 7464
code is 0 at line 7465
code is -1207697408 at line 7466
code is 16783360 at line 7467
code is -937402368 at line 7468
code is 0 at line 7469
code is 167772160 at line 7470
code is 0 at line 7471
code is -956039168 at line 7472
code is 67170815 at line 7473
code is 0 at line 7474
code is 0 at line 7475
code is 0 at line 7476
code is 0 at line 7477
code is -805044224 at line 7478
code is 67170815 at line 7479
code is 0 at line 7480
code is 0 at line 7481
code is 0 at line 7482
code is 0 at line 7483
code is -1207697408 at line 7484
code is 16783360 at line 7485
code is -736075776 at line 7486
code is 0 at line 7487
code is 83886080 at line 7488
code is 0 at line 7489
code is 369360896 at line 7490
code is 67170815 at line 7491
code is 0 at line 7492
code is 0 at line 7493
code is 0 at line 7494
code is 0 at line 7495
code is -704380928 at line 7496
code is 16781568 at line 7497
code is 203243520 at line 7498
code is 0 at line 7499
code is 0 at line 7500
code is 0 at line 7501
code is 0 at line 7502
code is 67170815 at line 7503
code is 0 at line 7504
code is 0 at line 7505
code is 0 at line 7506
code is 0 at line 7507
code is -469499904 at line 7508
code is 4608 at line 7509
code is -803381248 at line 7510
code is 0 at line 7511
code is 0 at line 7512
code is 0 at line 7513
code is -184287232 at line 7514
code is 16782592 at line 7515
code is -400728064 at line 7516
code is 0 at line 7517
code is 0 at line 7518
code is 0 at line 7519
code is -33292288 at line 7520
code is 4608 at line 7521
code is -937598976 at line 7522
code is 0 at line 7523
code is 0 at line 7524
code is 0 at line 7525
code is 285540352 at line 7526
code is 4096 at line 7527
code is -401063936 at line 7528
code is 0 at line 7529
code is 0 at line 7530
code is 0 at line 7531
code is 604307456 at line 7532
code is 16783104 at line 7533
code is 2121728 at line 7534
code is 0 at line 7535
code is 0 at line 7536
code is 0 at line 7537
code is 973406208 at line 7538
code is 301993216 at line 7539
code is -803782656 at line 7540
code is 0 at line 7541
code is 83886080 at line 7542
code is 0 at line 7543
code is 1241841664 at line 7544
code is 301989888 at line 7545
code is 0 at line 7546
code is 0 at line 7547
code is 0 at line 7548
code is 0 at line 7549
code is 1543831552 at line 7550
code is 301989888 at line 7551
code is 0 at line 7552
code is 0 at line 7553
code is 0 at line 7554
code is 0 at line 7555
code is 1862598656 at line 7556
code is 536870912 at line 7557
code is 0 at line 7558
code is 0 at line 7559
code is 0 at line 7560
code is 0 at line 7561
code is 1912995840 at line 7562
code is 536877056 at line 7563
code is -1340055552 at line 7564
code is 0 at line 7565
code is 0 at line 7566
code is 0 at line 7567
code is -1962606592 at line 7568
code is 301993216 at line 7569
code is -1223344128 at line 7570
code is 0 at line 7571
code is -1140850688 at line 7572
code is 0 at line 7573
code is -1778057216 at line 7574
code is 301989888 at line 7575
code is 0 at line 7576
code is 0 at line 7577
code is 0 at line 7578
code is 0 at line 7579
code is -1476067328 at line 7580
code is 285219072 at line 7581
code is -534749184 at line 7582
code is 0 at line 7583
code is 134217728 at line 7584
code is 0 at line 7585
code is -1157300224 at line 7586
code is 301993216 at line 7587
code is -1223540736 at line 7588
code is 0 at line 7589
code is 905969664 at line 7590
code is 0 at line 7591
code is -922419200 at line 7592
code is 268441600 at line 7593
code is -652189696 at line 7594
code is 0 at line 7595
code is 0 at line 7596
code is 0 at line 7597
code is -804978688 at line 7598
code is 301989888 at line 7599
code is 0 at line 7600
code is 0 at line 7601
code is 0 at line 7602
code is 0 at line 7603
code is -469434368 at line 7604
code is 301993216 at line 7605
code is 605241344 at line 7606
code is 0 at line 7607
code is 50397184 at line 7608
code is 0 at line 7609
code is 1141178368 at line 7610
code is 302124544 at line 7611
code is -669564928 at line 7612
code is 0 at line 7613
code is 0 at line 7614
code is 0 at line 7615
code is -234553344 at line 7616
code is 301993216 at line 7617
code is -1693040640 at line 7618
code is 0 at line 7619
code is -1140850688 at line 7620
code is 0 at line 7621
code is -1828323328 at line 7622
code is 301989888 at line 7623
code is 0 at line 7624
code is 0 at line 7625
code is 0 at line 7626
code is 0 at line 7627
code is -50003968 at line 7628
code is 301989888 at line 7629
code is 0 at line 7630
code is 0 at line 7631
code is 0 at line 7632
code is 0 at line 7633
code is 285605888 at line 7634
code is 301993216 at line 7635
code is -435142656 at line 7636
code is 0 at line 7637
code is -1023410176 at line 7638
code is 0 at line 7639
code is 537264128 at line 7640
code is 301993216 at line 7641
code is 1007828992 at line 7642
code is 0 at line 7643
code is 2063597568 at line 7644
code is 0 at line 7645
code is 705036288 at line 7646
code is 301989888 at line 7647
code is 0 at line 7648
code is 0 at line 7649
code is 0 at line 7650
code is 0 at line 7651
code is 1023803392 at line 7652
code is 301989888 at line 7653
code is 0 at line 7654
code is 0 at line 7655
code is 0 at line 7656
code is 0 at line 7657
code is 1543897088 at line 7658
code is 301989888 at line 7659
code is 0 at line 7660
code is 0 at line 7661
code is 0 at line 7662
code is 0 at line 7663
code is 1879441408 at line 7664
code is 268441600 at line 7665
code is -1340055552 at line 7666
code is 0 at line 7667
code is 0 at line 7668
code is 0 at line 7669
code is 2097545216 at line 7670
code is 301993216 at line 7671
code is -167034880 at line 7672
code is 0 at line 7673
code is 285212672 at line 7674
code is 0 at line 7675
code is -2079981568 at line 7676
code is 301993216 at line 7677
code is 403456000 at line 7678
code is 0 at line 7679
code is 285212672 at line 7680
code is 0 at line 7681
code is -1962541056 at line 7682
code is 301993216 at line 7683
code is -2012332032 at line 7684
code is 0 at line 7685
code is 771751936 at line 7686
code is 0 at line 7687
code is -1845100544 at line 7688
code is 301989888 at line 7689
code is 0 at line 7690
code is 0 at line 7691
code is 0 at line 7692
code is 0 at line 7693
code is -1492779008 at line 7694
code is 301989888 at line 7695
code is 0 at line 7696
code is 0 at line 7697
code is 0 at line 7698
code is 0 at line 7699
code is -1174011904 at line 7700
code is 536870912 at line 7701
code is 0 at line 7702
code is 0 at line 7703
code is 0 at line 7704
code is 0 at line 7705
code is -922353664 at line 7706
code is 285349888 at line 7707
code is -1205837824 at line 7708
code is 0 at line 7709
code is 0 at line 7710
code is 0 at line 7711
code is -704249856 at line 7712
code is 301989888 at line 7713
code is 0 at line 7714
code is 0 at line 7715
code is 0 at line 7716
code is 0 at line 7717
code is -385482752 at line 7718
code is 285216512 at line 7719
code is -401129472 at line 7720
code is 0 at line 7721
code is 67108864 at line 7722
code is 0 at line 7723
code is -133824512 at line 7724
code is 301993216 at line 7725
code is -83083264 at line 7726
code is 0 at line 7727
code is 1560281088 at line 7728
code is 0 at line 7729
code is 17235968 at line 7730
code is 301993216 at line 7731
code is -317571072 at line 7732
code is 0 at line 7733
code is 922746880 at line 7734
code is 0 at line 7735
code is 218562560 at line 7736
code is 301993216 at line 7737
code is 1612136448 at line 7738
code is 0 at line 7739
code is 1694498816 at line 7740
code is 0 at line 7741
code is 486998016 at line 7742
code is 301989888 at line 7743
code is 0 at line 7744
code is 0 at line 7745
code is 0 at line 7746
code is 0 at line 7747
code is 822542336 at line 7748
code is 301989888 at line 7749
code is 0 at line 7750
code is 0 at line 7751
code is 0 at line 7752
code is 0 at line 7753
code is 1158086656 at line 7754
code is 301993216 at line 7755
code is 688668672 at line 7756
code is 0 at line 7757
code is -771751936 at line 7758
code is 0 at line 7759
code is 1325858816 at line 7760
code is 301993216 at line 7761
code is 1930838016 at line 7762
code is 0 at line 7763
code is 671088640 at line 7764
code is 0 at line 7765
code is 755040256 at line 7766
code is 268441856 at line 7767
code is 404840448 at line 7768
code is 0 at line 7769
code is 0 at line 7770
code is 0 at line 7771
code is 1476853760 at line 7772
code is 302124288 at line 7773
code is 1074479104 at line 7774
code is 0 at line 7775
code is 83886080 at line 7776
code is 0 at line 7777
code is 1980104704 at line 7778
code is 301993216 at line 7779
code is 269172736 at line 7780
code is 0 at line 7781
code is 788529152 at line 7782
code is 0 at line 7783
code is 1879506944 at line 7784
code is 301989888 at line 7785
code is 0 at line 7786
code is 0 at line 7787
code is 0 at line 7788
code is 0 at line 7789
code is -2096693248 at line 7790
code is 301993216 at line 7791
code is 1477459968 at line 7792
code is 0 at line 7793
code is -1912602624 at line 7794
code is 0 at line 7795
code is -1912143872 at line 7796
code is 301989888 at line 7797
code is 0 at line 7798
code is 0 at line 7799
code is 0 at line 7800
code is 0 at line 7801
code is -1559822336 at line 7802
code is 268441856 at line 7803
code is -652189696 at line 7804
code is 0 at line 7805
code is 0 at line 7806
code is 0 at line 7807
code is -1358495744 at line 7808
code is 285217792 at line 7809
code is -669163520 at line 7810
code is 0 at line 7811
code is 134217728 at line 7812
code is 0 at line 7813
code is -1123614720 at line 7814
code is 301993216 at line 7815
code is 1477263360 at line 7816
code is 0 at line 7817
code is 755040256 at line 7818
code is 0 at line 7819
code is -1039728640 at line 7820
code is 301989888 at line 7821
code is 0 at line 7822
code is 0 at line 7823
code is 0 at line 7824
code is 0 at line 7825
code is -687407104 at line 7826
code is 301993216 at line 7827
code is -1207025664 at line 7828
code is 0 at line 7829
code is -1627324416 at line 7830
code is 0 at line 7831
code is -469303296 at line 7832
code is 301993216 at line 7833
code is 672481280 at line 7834
code is 0 at line 7835
code is -1895825408 at line 7836
code is 0 at line 7837
code is -301531136 at line 7838
code is 301989888 at line 7839
code is 0 at line 7840
code is 0 at line 7841
code is 0 at line 7842
code is 0 at line 7843
code is 17301504 at line 7844
code is 285219072 at line 7845
code is 270622720 at line 7846
code is 0 at line 7847
code is 134217728 at line 7848
code is 0 at line 7849
code is 235405312 at line 7850
code is 301993216 at line 7851
code is 655638528 at line 7852
code is 0 at line 7853
code is 16842752 at line 7854
code is 0 at line 7855
code is 436731904 at line 7856
code is 301989888 at line 7857
code is 0 at line 7858
code is 0 at line 7859
code is 0 at line 7860
code is 0 at line 7861
code is 738721792 at line 7862
code is 301989888 at line 7863
code is 0 at line 7864
code is 0 at line 7865
code is 0 at line 7866
code is 0 at line 7867
code is 1074266112 at line 7868
code is 285349888 at line 7869
code is -534749184 at line 7870
code is 0 at line 7871
code is 0 at line 7872
code is 0 at line 7873
code is 1275592704 at line 7874
code is 301993216 at line 7875
code is -1458487296 at line 7876
code is 0 at line 7877
code is -1828716544 at line 7878
code is 0 at line 7879
code is 1476919296 at line 7880
code is 285216512 at line 7881
code is 471351296 at line 7882
code is 0 at line 7883
code is 67108864 at line 7884
code is 0 at line 7885
code is 1627914240 at line 7886
code is 536870912 at line 7887
code is 0 at line 7888
code is 0 at line 7889
code is 0 at line 7890
code is 0 at line 7891
code is 2064121856 at line 7892
code is 301993216 at line 7893
code is 118243328 at line 7894
code is 0 at line 7895
code is 285212672 at line 7896
code is 0 at line 7897
code is 436600832 at line 7898
code is 302123776 at line 7899
code is -1475788800 at line 7900
code is 0 at line 7901
code is 0 at line 7902
code is 0 at line 7903
code is -2113404928 at line 7904
code is 285217792 at line 7905
code is -534945792 at line 7906
code is 0 at line 7907
code is 134217728 at line 7908
code is 0 at line 7909
code is -1928855552 at line 7910
code is 285219072 at line 7911
code is 2187264 at line 7912
code is 0 at line 7913
code is 134217728 at line 7914
code is 0 at line 7915
code is 3107945 at line 7916
code is 1647259182 at line 7917
code is 795634018 at line 7918
code is 909389667 at line 7919
code is 1920217390 at line 7920
code is 1862282849 at line 7921
code is 1852731234 at line 7922
code is 1768841065 at line 7923
code is 1852404782 at line 7924
code is 1660956257 at line 7925
code is 1852731234 at line 7926
code is 1768841065 at line 7927
code is 1852404782 at line 7928
code is 1667196270 at line 7929
code is 1677733473 at line 7930
code is 1852731234 at line 7931
code is 1768841065 at line 7932
code is 1852404782 at line 7933
code is 1663985775 at line 7934
code is 1946168929 at line 7935
code is 1852731234 at line 7936
code is 1768841065 at line 7937
code is 1852404782 at line 7938
code is 1667196270 at line 7939
code is 1680762991 at line 7940
code is 1946168929 at line 7941
code is 1852731234 at line 7942
code is 1768841065 at line 7943
code is 1852404782 at line 7944
code is 1663989102 at line 7945
code is 1818848101 at line 7946
code is 1819869230 at line 7947
code is 1634627183 at line 7948
code is 1651076703 at line 7949
code is 1768843636 at line 7950
code is 778264421 at line 7951
code is 1852059253 at line 7952
code is 1852598635 at line 7953
code is 1701607680 at line 7954
code is 778137198 at line 7955
code is 1868720494 at line 7956
code is 1600745065 at line 7957
code is 1949197102 at line 7958
code is 1937006962 at line 7959
code is 1953853440 at line 7960
code is 778137198 at line 7961
code is 1868720494 at line 7962
code is 1600745065 at line 7963
code is 1949197151 at line 7964
code is 1701733422 at line 7965
code is 1937006962 at line 7966
code is 1953853440 at line 7967
code is 778137198 at line 7968
code is 1868720494 at line 7969
code is 1600745065 at line 7970
code is 1949197102 at line 7971
code is 1702390132 at line 7972
code is 3039598 at line 7973
code is 1852793449 at line 7974
code is 1851746670 at line 7975
code is 1769221731 at line 7976
code is 1600482916 at line 7977
code is 778401897 at line 7978
code is 1946168929 at line 7979
code is 1852731234 at line 7980
code is 1768841075 at line 7981
code is 1952543849 at line 7982
code is 1667199589 at line 7983
code is 1819239214 at line 7984
code is 1660956257 at line 7985
code is 1852731234 at line 7986
code is 1768841075 at line 7987
code is 1952543849 at line 7988
code is 1667199589 at line 7989
code is 1819239214 at line 7990
code is 1667196270 at line 7991
code is 1677733473 at line 7992
code is 1852731234 at line 7993
code is 1768841075 at line 7994
code is 1952543849 at line 7995
code is 1667199589 at line 7996
code is 1819239214 at line 7997
code is 1663985775 at line 7998
code is 1946168929 at line 7999
code is 1852731234 at line 8000
code is 1768841075 at line 8001
code is 1952543849 at line 8002
code is 1667199589 at line 8003
code is 1819239214 at line 8004
code is 1667196270 at line 8005
code is 1680762991 at line 8006
code is 1946168929 at line 8007
code is 1852731234 at line 8008
code is 1768841075 at line 8009
code is 1952543849 at line 8010
code is 1667199589 at line 8011
code is 1819239214 at line 8012
code is 1663989102 at line 8013
code is 1818848101 at line 8014
code is 1819869230 at line 8015
code is 1634627183 at line 8016
code is 1651076703 at line 8017
code is 1937006964 at line 8018
code is 1768120178 at line 8019
code is 1701605219 at line 8020
code is 778264421 at line 8021
code is 1852059253 at line 8022
code is 1852598635 at line 8023
code is 1701607680 at line 8024
code is 778137198 at line 8025
code is 1868720494 at line 8026
code is 1601401953 at line 8027
code is 1953063775 at line 8028
code is 1919249519 at line 8029
code is 1663984430 at line 8030
code is 1937006962 at line 8031
code is 1953853440 at line 8032
code is 778137198 at line 8033
code is 1868720494 at line 8034
code is 1601401953 at line 8035
code is 1953063775 at line 8036
code is 1919249519 at line 8037
code is 1663984479 at line 8038
code is 1701733422 at line 8039
code is 1937006962 at line 8040
code is 1953853440 at line 8041
code is 778137198 at line 8042
code is 1868720494 at line 8043
code is 1601401953 at line 8044
code is 1953063775 at line 8045
code is 1919249519 at line 8046
code is 1663984430 at line 8047
code is 1702390132 at line 8048
code is 3039598 at line 8049
code is 1852793449 at line 8050
code is 1851749236 at line 8051
code is 1635019107 at line 8052
code is 1601332588 at line 8053
code is 1868770915 at line 8054
code is 1600482916 at line 8055
code is 778401897 at line 8056
code is 1946168929 at line 8057
code is 1852731234 at line 8058
code is 1768841055 at line 8059
code is 1684823922 at line 8060
code is 1701605219 at line 8061
code is 1635018079 at line 8062
code is 1937006964 at line 8063
code is 1768120176 at line 8064
code is 1768238707 at line 8065
code is 1952543348 at line 8066
code is 3039598 at line 8067
code is 1852793449 at line 8068
code is 1851744100 at line 8069
code is 1818194533 at line 8070
code is 1819239265 at line 8071
code is 1952800627 at line 8072
code is 1952543849 at line 8073
code is 1667199081 at line 8074
code is 1697539438 at line 8075
code is 1677747564 at line 8076
code is 1714252142 at line 8077
code is 1769221743 at line 8078
code is 1392520801 at line 8079
code is 1852731234 at line 8080
code is 1768841061 at line 8081
code is 1818648425 at line 8082
code is 1852404782 at line 8083
code is 1660956257 at line 8084
code is 1852731234 at line 8085
code is 1768841061 at line 8086
code is 1818648425 at line 8087
code is 1852404782 at line 8088
code is 1667196270 at line 8089
code is 1677733473 at line 8090
code is 1852731234 at line 8091
code is 1768841061 at line 8092
code is 1818648425 at line 8093
code is 1852404782 at line 8094
code is 1663985775 at line 8095
code is 1946168929 at line 8096
code is 1852731234 at line 8097
code is 1768841061 at line 8098
code is 1818648425 at line 8099
code is 1852404782 at line 8100
code is 1667196270 at line 8101
code is 1680762991 at line 8102
code is 1946168929 at line 8103
code is 1852731234 at line 8104
code is 1768841061 at line 8105
code is 1818648425 at line 8106
code is 1852404782 at line 8107
code is 1663989102 at line 8108
code is 1818848101 at line 8109
code is 1819869230 at line 8110
code is 1634627183 at line 8111
code is 1651076703 at line 8112
code is 1701602911 at line 8113
code is 1768843636 at line 8114
code is 778264421 at line 8115
code is 1852059253 at line 8116
code is 1852598635 at line 8117
code is 1701607680 at line 8118
code is 778137198 at line 8119
code is 1868720494 at line 8120
code is 1600482406 at line 8121
code is 1600745065 at line 8122
code is 1949197102 at line 8123
code is 1937006962 at line 8124
code is 1953853440 at line 8125
code is 778137198 at line 8126
code is 1868720494 at line 8127
code is 1600482406 at line 8128
code is 1600745065 at line 8129
code is 1949197151 at line 8130
code is 1701733422 at line 8131
code is 1937006962 at line 8132
code is 1953853440 at line 8133
code is 778137198 at line 8134
code is 1868720494 at line 8135
code is 1600482406 at line 8136
code is 1600745065 at line 8137
code is 1949197102 at line 8138
code is 1702390132 at line 8139
code is 3039598 at line 8140
code is 1852793449 at line 8141
code is 1851745644 at line 8142
code is 1717528942 at line 8143
code is 1769221731 at line 8144
code is 1600482916 at line 8145
code is 778401897 at line 8146
code is 1946168929 at line 8147
code is 1852731234 at line 8148
code is 1768841055 at line 8149
code is 1600940386 at line 8150
code is 1667195763 at line 8151
code is 1969187182 at line 8152
code is 1769221747 at line 8153
code is 1952543348 at line 8154
code is 3039598 at line 8155
code is 1852793449 at line 8156
code is 1851744095 at line 8157
code is 1818845795 at line 8158
code is 1600353141 at line 8159
code is 1600745065 at line 8160
code is 1949197678 at line 8161
code is 1677733473 at line 8162
code is 1852731234 at line 8163
code is 1768841055 at line 8164
code is 1600940386 at line 8165
code is 1667195763 at line 8166
code is 1969186409 at line 8167
code is 1852386931 at line 8168
code is 1952543348 at line 8169
code is 3039598 at line 8170
code is 1852793449 at line 8171
code is 1851744095 at line 8172
code is 1818845795 at line 8173
code is 1600353141 at line 8174
code is 1600547182 at line 8175
code is 1764648302 at line 8176
code is 1677747058 at line 8177
code is 1953723509 at line 8178
code is 1717972579 at line 8179
code is 6579570 at line 8180
code is 1701276019 at line 8181
code is 1952805471 at line 8182
code is 1953324899 at line 8183
code is 1819242085 at line 8184
code is 1929404255 at line 8185
code is 1685020519 at line 8186
code is 1819239009 at line 8187
code is 1818190964 at line 8188
code is 1869771615 at line 8189
code is 1635088384 at line 8190
code is 1668246896 at line 8191
code is 1818588261 at line 8192
code is 1680748544 at line 8193
code is 1600087151 at line 8194
code is 1600613487 at line 8195
code is 1650551903 at line 8196
code is 1685352306 at line 8197
code is 1935630709 at line 8198
code is 2019518057 at line 8199
code is 1852399457 at line 8200
code is 1920098681 at line 8201
code is 1600482932 at line 8202
code is 1920532582 at line 8203
code is 1918987621 at line 8204
code is 1600419181 at line 8205
code is 1836646495 at line 8206
code is 1600549473 at line 8207
code is 1835360100 at line 8208
code is 1970105721 at line 8209
code is 1600745065 at line 8210
code is 1952407922 at line 8211
code is 1918990687 at line 8212
code is 1701737586 at line 8213
code is 2030073197 at line 8214
code is 778240097 at line 8215
code is 1936942450 at line 8216
code is 1949197056 at line 8217
code is 1919120233 at line 8218
code is 1677747576 at line 8219
code is 1667592308 at line 8220
code is 778240117 at line 8221
code is 1634890337 at line 8222
code is 2033083136 at line 8223
code is 1835363630 at line 8224
code is 1660968799 at line 8225
code is 1179795789 at line 8226
code is 1163871566 at line 8227
code is 1147100928 at line 8228
code is 1600088430 at line 8229
code is 1769234273 at line 8230
code is 1920098681 at line 8231
code is 1600482916 at line 8232
code is 6243417 at line 8233
code is 1312902473 at line 8234
code is 1124097887 at line 8235
code is 1768843636 at line 8236
code is 1600221810 at line 8237
code is 1635344243 at line 8238
code is 1952543348 at line 8239
code is 6250311 at line 8240
code is 1314217797 at line 8241
code is 1214203474 at line 8242
code is 1095583071 at line 8243
code is 1212436992 at line 8244
code is 1598508111 at line 8245
code is 1111575647 at line 8246
code is 1330005587 at line 8247
code is 1163157332 at line 8248
code is 1094863941 at line 8249
code is 1593859935 at line 8250
code is 1818845795 at line 8251
code is 1600353141 at line 8252
code is 1600547182 at line 8253
code is 1761633906 at line 8254
code is 1701134400 at line 8255
code is 1196181826 at line 8256
code is 1130312238 at line 8257
code is 841889024 at line 8258
code is 1633841010 at line 8259
code is 1950367815 at line 8260
code is 1279869507 at line 8261
code is 1597124146 at line 8262
code is 775225439 at line 8263
code is 1230261599 at line 8264
code is 1684370021 at line 8265
code is 1734964084 at line 8266
code is 1701991501 at line 8267
code is 1131179886 at line 8268
code is 1700028770 at line 8269
code is 1818558541 at line 8270
code is 1701666659 at line 8271
code is 1634495599 at line 8272
code is 1660973173 at line 8273
code is 1953710144 at line 8274
code is 1196181826 at line 8275
code is 1130312238 at line 8276
code is 841889024 at line 8277
code is 1937007721 at line 8278
code is 1849704519 at line 8279
code is 1279869507 at line 8280
code is 1597124146 at line 8281
code is 775225429 at line 8282
code is 1098019425 at line 8283
code is 2036296805 at line 8284
code is 1852273768 at line 8285
code is 6251876 at line 8286
code is 1635016960 at line 8287
code is 1717791855 at line 8288
code is 1936015424 at line 8289
code is 1196181826 at line 8290
code is 1130312238 at line 8291
code is 841889024 at line 8292
code is 1430352498 at line 8293
code is 1635344242 at line 8294
code is 1702062458 at line 8295
code is 1694518629 at line 8296
code is 1834971749 at line 8297
code is 1936292453 at line 8298
code is 7497079 at line 8299
code is 1768842304 at line 8300
code is 1078414409 at line 8301
code is 1111711538 at line 8302
code is 775040565 at line 8303
code is 5587314 at line 8304
code is 1918990674 at line 8305
code is 1701863273 at line 8306
code is 1852404736 at line 8307
code is 1430352498 at line 8308
code is 1635344225 at line 8309
code is 1946183271 at line 8310
code is 1702126400 at line 8311
code is 1078414409 at line 8312
code is 1111711538 at line 8313
code is 775040565 at line 8314
code is 6250348 at line 8315
code is 1768055647 at line 8316
code is 1937006962 at line 8317
code is 1952410977 at line 8318
code is 1768833088 at line 8319
code is 1196181826 at line 8320
code is 1130312238 at line 8321
code is 841889024 at line 8322
code is 1667329132 at line 8323
code is 1868775488 at line 8324
code is 1196181826 at line 8325
code is 1130312238 at line 8326
code is 841889024 at line 8327
code is 1600087137 at line 8328
code is 1952538483 at line 8329
code is 1952543348 at line 8330
code is 7369321 at line 8331
code is 1853112576 at line 8332
code is 1886546286 at line 8333
code is 1950548065 at line 8334
code is 1936942450 at line 8335
code is 1946183280 at line 8336
code is 1919512180 at line 8337
code is 1715486791 at line 8338
code is 1279869507 at line 8339
code is 1597124146 at line 8340
code is 775225446 at line 8341
code is 1952803948 at line 8342
code is 1077954380 at line 8343
code is 1229079391 at line 8344
code is 841888302 at line 8345
code is 889216863 at line 8346
code is 1735225198 at line 8347
code is 1601401953 at line 8348
code is 1920229215 at line 8349
code is 6250340 at line 8350
code is 1936678760 at line 8351
code is 1634624620 at line 8352
code is 1694526821 at line 8353
code is 1835233401 at line 8354
code is 1077954380 at line 8355
code is 1229079391 at line 8356
code is 841888052 at line 8357
code is 6244687 at line 8358
code is 1601401956 at line 8359
code is 1768841077 at line 8360
code is 1936024576 at line 8361
code is 1886546286 at line 8362
code is 1950446194 at line 8363
code is 5587314 at line 8364
code is 1918990687 at line 8365
code is 1936292453 at line 8366
code is 6250348 at line 8367
code is 1768055647 at line 8368
code is 1668511071 at line 8369
code is 1768843636 at line 8370
code is 7168364 at line 8371
code is 1819239232 at line 8372
code is 1078414409 at line 8373
code is 1111711538 at line 8374
code is 775040565 at line 8375
code is 6710892 at line 8376
code is 1970497600 at line 8377
code is 1078414409 at line 8378
code is 1111711538 at line 8379
code is 775040565 at line 8380
code is 7497057 at line 8381
code is 1683972975 at line 8382
code is 1684340813 at line 8383
code is 1701666662 at line 8384
code is 1919247616 at line 8385
code is 1600416863 at line 8386
code is 1919249519 at line 8387
code is 1667331173 at line 8388
code is 1601401953 at line 8389
code is 1953063775 at line 8390
code is 1885955328 at line 8391
code is 1718838629 at line 8392
code is 1799372871 at line 8393
code is 1279869507 at line 8394
code is 1597124146 at line 8395
code is 775225429 at line 8396
code is 1098019425 at line 8397
code is 2036297317 at line 8398
code is 1996517989 at line 8399
code is 1634495599 at line 8400
code is 1665155143 at line 8401
code is 1279869507 at line 8402
code is 1597124146 at line 8403
code is 775225439 at line 8404
code is 1600287603 at line 8405
code is 1601401953 at line 8406
code is 1920204865 at line 8407
code is 1936942450 at line 8408
code is 1952400993 at line 8409
code is 1768711524 at line 8410
code is 7168361 at line 8411
code is 1845521519 at line 8412
code is 1852271213 at line 8413
code is 1883258951 at line 8414
code is 1279869507 at line 8415
code is 1597124146 at line 8416
code is 775225413 at line 8417
code is 2019779952 at line 8418
code is 1952412257 at line 8419
code is 1769170176 at line 8420
code is 1298492767 at line 8421
code is 1634495599 at line 8422
code is 1660970607 at line 8423
code is 1885695552 at line 8424
code is 1078414409 at line 8425
code is 1111711538 at line 8426
code is 775040565 at line 8427
code is 4552803 at line 8428
code is 1701868639 at line 8429
code is 1937006947 at line 8430
code is 1795183937 at line 8431
code is 1920098681 at line 8432
code is 1600352112 at line 8433
code is 2030069112 at line 8434
code is 1769226304 at line 8435
code is 1196181826 at line 8436
code is 1130312238 at line 8437
code is 841889024 at line 8438
code is 1719104105 at line 8439
code is 1952792640 at line 8440
code is 1196181826 at line 8441
code is 1130312238 at line 8442
code is 841889024 at line 8443
code is 1600083021 at line 8444
code is 1130317134 at line 8445
code is 1147100928 at line 8446
code is 1430352498 at line 8447
code is 1635344230 at line 8448
code is 1919247616 at line 8449
code is 1129137247 at line 8450
code is 1397316165 at line 8451
code is 6244692 at line 8452
code is 1298100837 at line 8453
code is 1734964084 at line 8454
code is 1701991501 at line 8455
code is 1131179886 at line 8456
code is 1700028770 at line 8457
code is 1818558576 at line 8458
code is 1919512180 at line 8459
code is 1107316069 at line 8460
code is 1834960481 at line 8461
code is 1768711524 at line 8462
code is 7566436 at line 8463
code is 1701999168 at line 8464
code is 1078414409 at line 8465
code is 1111711538 at line 8466
code is 775040565 at line 8467
code is 11891 at line 8468
code is 2037216353 at line 8469
code is 1644179059 at line 8470
code is 1953657953 at line 8471
code is 1644179059 at line 8472
code is 1752396914 at line 8473
code is 1952539136 at line 8474
code is 778661492 at line 8475
code is 1701998592 at line 8476
code is 778989428 at line 8477
code is 1697530178 at line 8478
code is 1227715681 at line 8479
code is 1728065127 at line 8480
code is 1853173352 at line 8481
code is 1634953216 at line 8482
code is 778336622 at line 8483
code is 1937337600 at line 8484
code is 778336622 at line 8485
code is 1937011200 at line 8486
code is 778530421 at line 8487
code is 779511154 at line 8488
code is 1936289646 at line 8489
code is 3041134 at line 8490
code is 1965979237 at line 8491
code is 1920166255 at line 8492
code is 1851748864 at line 8493
code is 779249004 at line 8494
code is 1630430329 at line 8495
code is 1845505650 at line 8496
code is 1701601582 at line 8497
code is 1886155776 at line 8498
code is 778661481 at line 8499
code is 1946168948 at line 8500
code is 1702392832 at line 8501
code is 778463598 at line 8502
code is 1761619570 at line 8503
code is 1868849524 at line 8504
code is 1627401829 at line 8505
code is 1751082610 at line 8506
code is 1634559327 at line 8507
code is 1751413248 at line 8508
code is 778397791 at line 8509
code is 1718772077 at line 8510
code is 1694510697 at line 8511
code is 1852404831 at line 8512
code is 1634890337 at line 8513
code is 2030055014 at line 8514
code is 1768843615 at line 8515
code is 1634890337 at line 8516
code is 2030055012 at line 8517
code is 1635017006 at line 8518
code is 1919249454 at line 8519
code is 1919877166 at line 8520
code is 1685679713 at line 8521
code is 1835623168 at line 8522
code is 778530676 at line 8523
code is 3041135 at line 8524
code is 1949200492 at line 8525
code is 1946168932 at line 8526
code is 1635016960 at line 8527
code is 778204019 at line 8528
code is 3040111 at line 8529
code is 1835885934 at line 8530
code is 1946168935 at line 8531
code is 1853173346 at line 8532
code is 1969843300 at line 8533
code is 778138740 at line 8534
code is 1919509109 at line 8535
code is 1952805632 at line 8536
code is 778331490 at line 8537
code is 1969708897 at line 8538
code is 1918987879 at line 8539
code is 1702035502 at line 8540
code is 1684365941 at line 8541
code is 1734307957 at line 8542
code is 1651401069 at line 8543
code is 1702035502 at line 8544
code is 1684365941 at line 8545
code is 1734306158 at line 8546
code is 1718550574 at line 8547
code is 1684365941 at line 8548
code is 1734304098 at line 8549
code is 1651664246 at line 8550
code is 3040357 at line 8551
code is 1651861343 at line 8552
code is 1818848869 at line 8553
code is 3040357 at line 8554
code is 1651861343 at line 8555
code is 1718772077 at line 8556
code is 1694510692 at line 8557
code is 1700951399 at line 8558
code is 1601401970 at line 8559
code is 3040357 at line 8560
code is 1651861343 at line 8561
code is 1819239168 at line 8562
code is 778331490 at line 8563
code is 1969708912 at line 8564
code is 1969386617 at line 8565
code is 1885696768 at line 8566
code is 0 at line 8567
code is 0 at line 8568
code is 0 at line 8569
code is 0 at line 8570
code is 0 at line 8571
code is 0 at line 8572
code is 0 at line 8573
code is 0 at line 8574
code is 0 at line 8575
code is 0 at line 8576
code is 0 at line 8577
code is 0 at line 8578
code is 0 at line 8579
code is 0 at line 8580
code is 0 at line 8581
code is 0 at line 8582
code is 0 at line 8583
code is 452984832 at line 8584
code is 16777216 at line 8585
code is 33554432 at line 8586
code is 0 at line 8587
code is 939671552 at line 8588
code is 0 at line 8589
code is 939655168 at line 8590
code is 0 at line 8591
code is 469762048 at line 8592
code is 0 at line 8593
code is 0 at line 8594
code is 0 at line 8595
code is 16777216 at line 8596
code is 0 at line 8597
code is 0 at line 8598
code is 0 at line 8599
code is 587202560 at line 8600
code is 117440512 at line 8601
code is 33554432 at line 8602
code is 0 at line 8603
code is 1409433600 at line 8604
code is 0 at line 8605
code is 1409417216 at line 8606
code is 0 at line 8607
code is 536870912 at line 8608
code is 0 at line 8609
code is 0 at line 8610
code is 0 at line 8611
code is 67108864 at line 8612
code is 0 at line 8613
code is 0 at line 8614
code is 0 at line 8615
code is 889192448 at line 8616
code is 83886080 at line 8617
code is 33554432 at line 8618
code is 0 at line 8619
code is 2013413376 at line 8620
code is 0 at line 8621
code is 2013396992 at line 8622
code is 0 at line 8623
code is -1275068416 at line 8624
code is 0 at line 8625
code is 83886080 at line 8626
code is 0 at line 8627
code is 134217728 at line 8628
code is 0 at line 8629
code is 67108864 at line 8630
code is 0 at line 8631
code is 822083584 at line 8632
code is -150995089 at line 8633
code is 33554432 at line 8634
code is 0 at line 8635
code is 805519360 at line 8636
code is 0 at line 8637
code is 805502976 at line 8638
code is 0 at line 8639
code is 671088640 at line 8640
code is 0 at line 8641
code is 83886080 at line 8642
code is 0 at line 8643
code is 134217728 at line 8644
code is 0 at line 8645
code is 0 at line 8646
code is 0 at line 8647
code is 989855744 at line 8648
code is 184549376 at line 8649
code is 33554432 at line 8650
code is 0 at line 8651
code is 1476608000 at line 8652
code is 0 at line 8653
code is 1476591616 at line 8654
code is 0 at line 8655
code is 1879179264 at line 8656
code is 0 at line 8657
code is 100663296 at line 8658
code is 16777216 at line 8659
code is 134217728 at line 8660
code is 0 at line 8661
code is 402653184 at line 8662
code is 0 at line 8663
code is 1124073472 at line 8664
code is 50331648 at line 8665
code is 33554432 at line 8666
code is 0 at line 8667
code is -939180032 at line 8668
code is 0 at line 8669
code is -939196416 at line 8670
code is 0 at line 8671
code is 100728832 at line 8672
code is 0 at line 8673
code is 0 at line 8674
code is 0 at line 8675
code is 16777216 at line 8676
code is 0 at line 8677
code is 0 at line 8678
code is 0 at line 8679
code is 1258291200 at line 8680
code is -145 at line 8681
code is 33554432 at line 8682
code is 0 at line 8683
code is -838451200 at line 8684
code is 0 at line 8685
code is -838467584 at line 8686
code is 0 at line 8687
code is 872415232 at line 8688
code is 0 at line 8689
code is 83886080 at line 8690
code is 0 at line 8691
code is 33554432 at line 8692
code is 0 at line 8693
code is 33554432 at line 8694
code is 0 at line 8695
code is 1476395008 at line 8696
code is -16777361 at line 8697
code is 33554432 at line 8698
code is 0 at line 8699
code is 134692864 at line 8700
code is 0 at line 8701
code is 134676480 at line 8702
code is 0 at line 8703
code is 805306368 at line 8704
code is 0 at line 8705
code is 100663296 at line 8706
code is 16777216 at line 8707
code is 134217728 at line 8708
code is 0 at line 8709
code is 0 at line 8710
code is 0 at line 8711
code is 1728053248 at line 8712
code is 67108864 at line 8713
code is 33554432 at line 8714
code is 0 at line 8715
code is 939999232 at line 8716
code is 0 at line 8717
code is 939982848 at line 8718
code is 0 at line 8719
code is -1476395008 at line 8720
code is 0 at line 8721
code is 83886080 at line 8722
code is 0 at line 8723
code is 134217728 at line 8724
code is 0 at line 8725
code is 402653184 at line 8726
code is 0 at line 8727
code is 1895825408 at line 8728
code is 67108864 at line 8729
code is 1107296256 at line 8730
code is 0 at line 8731
code is -536395776 at line 8732
code is 0 at line 8733
code is -536412160 at line 8734
code is 0 at line 8735
code is -939458560 at line 8736
code is 0 at line 8737
code is 83886080 at line 8738
code is 385875968 at line 8739
code is 134217728 at line 8740
code is 0 at line 8741
code is 402653184 at line 8742
code is 0 at line 8743
code is 2063597568 at line 8744
code is 16777216 at line 8745
code is 100663296 at line 8746
code is 0 at line 8747
code is -1475788800 at line 8748
code is 0 at line 8749
code is -1475805184 at line 8750
code is 0 at line 8751
code is 452984832 at line 8752
code is 0 at line 8753
code is 0 at line 8754
code is 0 at line 8755
code is 67108864 at line 8756
code is 0 at line 8757
code is 0 at line 8758
code is 0 at line 8759
code is 1979711488 at line 8760
code is 16777216 at line 8761
code is 100663296 at line 8762
code is 0 at line 8763
code is -804700160 at line 8764
code is 0 at line 8765
code is -804716544 at line 8766
code is 0 at line 8767
code is 1073807360 at line 8768
code is 0 at line 8769
code is 0 at line 8770
code is 0 at line 8771
code is 268435456 at line 8772
code is 0 at line 8773
code is 268435456 at line 8774
code is 0 at line 8775
code is -2130706432 at line 8776
code is 16777216 at line 8777
code is 100663296 at line 8778
code is 0 at line 8779
code is 269172736 at line 8780
code is 0 at line 8781
code is 269156352 at line 8782
code is 0 at line 8783
code is -989069312 at line 8784
code is 0 at line 8785
code is 0 at line 8786
code is 0 at line 8787
code is 268435456 at line 8788
code is 0 at line 8789
code is 0 at line 8790
code is 0 at line 8791
code is -2030043136 at line 8792
code is 16777216 at line 8793
code is 100663296 at line 8794
code is 0 at line 8795
code is -669564928 at line 8796
code is 0 at line 8797
code is -669581312 at line 8798
code is 0 at line 8799
code is 218103808 at line 8800
code is 0 at line 8801
code is 0 at line 8802
code is 0 at line 8803
code is 67108864 at line 8804
code is 0 at line 8805
code is 0 at line 8806
code is 0 at line 8807
code is -1929379840 at line 8808
code is 16777216 at line 8809
code is 33554432 at line 8810
code is 0 at line 8811
code is -401129472 at line 8812
code is 0 at line 8813
code is -401145856 at line 8814
code is 0 at line 8815
code is -16777216 at line 8816
code is 0 at line 8817
code is 0 at line 8818
code is 0 at line 8819
code is 67108864 at line 8820
code is 0 at line 8821
code is 0 at line 8822
code is 0 at line 8823
code is -1795162112 at line 8824
code is 16777216 at line 8825
code is 33554432 at line 8826
code is 0 at line 8827
code is -401063936 at line 8828
code is 0 at line 8829
code is -401080320 at line 8830
code is 0 at line 8831
code is -738197504 at line 8832
code is 0 at line 8833
code is 0 at line 8834
code is 0 at line 8835
code is 67108864 at line 8836
code is 0 at line 8837
code is 0 at line 8838
code is 0 at line 8839
code is -1560281088 at line 8840
code is 16777216 at line 8841
code is 33554432 at line 8842
code is 0 at line 8843
code is -1072087040 at line 8844
code is 0 at line 8845
code is -1072103424 at line 8846
code is 0 at line 8847
code is 1342373888 at line 8848
code is 0 at line 8849
code is 0 at line 8850
code is 0 at line 8851
code is 134217728 at line 8852
code is 0 at line 8853
code is 0 at line 8854
code is 0 at line 8855
code is -1392508928 at line 8856
code is 234881024 at line 8857
code is 50331648 at line 8858
code is 0 at line 8859
code is -937598976 at line 8860
code is 0 at line 8861
code is -937623552 at line 8862
code is 0 at line 8863
code is 134217728 at line 8864
code is 0 at line 8865
code is 0 at line 8866
code is 0 at line 8867
code is 134217728 at line 8868
code is 0 at line 8869
code is 134217728 at line 8870
code is 0 at line 8871
code is -1191182336 at line 8872
code is 251658240 at line 8873
code is 50331648 at line 8874
code is 0 at line 8875
code is -803381248 at line 8876
code is 0 at line 8877
code is -803405824 at line 8878
code is 0 at line 8879
code is 134217728 at line 8880
code is 0 at line 8881
code is 0 at line 8882
code is 0 at line 8883
code is 134217728 at line 8884
code is 0 at line 8885
code is 134217728 at line 8886
code is 0 at line 8887
code is -989855744 at line 8888
code is 16777216 at line 8889
code is 50331648 at line 8890
code is 0 at line 8891
code is -669163520 at line 8892
code is 0 at line 8893
code is -669188096 at line 8894
code is 0 at line 8895
code is 268435456 at line 8896
code is 0 at line 8897
code is 0 at line 8898
code is 0 at line 8899
code is 134217728 at line 8900
code is 0 at line 8901
code is 0 at line 8902
code is 0 at line 8903
code is -771751936 at line 8904
code is 100663296 at line 8905
code is 50331648 at line 8906
code is 0 at line 8907
code is -400728064 at line 8908
code is 0 at line 8909
code is -400752640 at line 8910
code is 0 at line 8911
code is -268369920 at line 8912
code is 0 at line 8913
code is 100663296 at line 8914
code is 0 at line 8915
code is 134217728 at line 8916
code is 0 at line 8917
code is 268435456 at line 8918
code is 0 at line 8919
code is -620756992 at line 8920
code is 16777216 at line 8921
code is 50331648 at line 8922
code is 0 at line 8923
code is -669032448 at line 8924
code is 0 at line 8925
code is -669057024 at line 8926
code is 0 at line 8927
code is 671088640 at line 8928
code is 0 at line 8929
code is 0 at line 8930
code is 0 at line 8931
code is 134217728 at line 8932
code is 0 at line 8933
code is 134217728 at line 8934
code is 0 at line 8935
code is -536870912 at line 8936
code is 16777216 at line 8937
code is 50331648 at line 8938
code is 0 at line 8939
code is 2121728 at line 8940
code is 0 at line 8941
code is 2097152 at line 8942
code is 0 at line 8943
code is -1342177280 at line 8944
code is 0 at line 8945
code is 0 at line 8946
code is 0 at line 8947
code is 134217728 at line 8948
code is 0 at line 8949
code is 134217728 at line 8950
code is 0 at line 8951
code is -385875968 at line 8952
code is 16777216 at line 8953
code is 50331648 at line 8954
code is 0 at line 8955
code is -1340055552 at line 8956
code is 0 at line 8957
code is -1340080128 at line 8958
code is 0 at line 8959
code is 687865856 at line 8960
code is 0 at line 8961
code is 0 at line 8962
code is 0 at line 8963
code is 134217728 at line 8964
code is 0 at line 8965
code is 0 at line 8966
code is 0 at line 8967
code is -285212672 at line 8968
code is 134217728 at line 8969
code is 50331648 at line 8970
code is 0 at line 8971
code is -534749184 at line 8972
code is 0 at line 8973
code is -652214272 at line 8974
code is 0 at line 8975
code is 939524096 at line 8976
code is 0 at line 8977
code is 0 at line 8978
code is 0 at line 8979
code is 536870912 at line 8980
code is 0 at line 8981
code is 0 at line 8982
code is 0 at line 8983
code is -201326592 at line 8984
code is 16777216 at line 8985
code is 0 at line 8986
code is 0 at line 8987
code is 0 at line 8988
code is 0 at line 8989
code is -652214272 at line 8990
code is 0 at line 8991
code is -2030043136 at line 8992
code is 0 at line 8993
code is 0 at line 8994
code is 0 at line 8995
code is 16777216 at line 8996
code is 0 at line 8997
code is 0 at line 8998
code is 0 at line 8999
code is -50331648 at line 9000
code is 117440512 at line 9001
code is 0 at line 9002
code is 0 at line 9003
code is 404856832 at line 9004
code is 0 at line 9005
code is 1612775424 at line 9006
code is 0 at line 9007
code is -1407385600 at line 9008
code is 0 at line 9009
code is 0 at line 9010
code is 0 at line 9011
code is 67108864 at line 9012
code is 0 at line 9013
code is 0 at line 9014
code is 0 at line 9015
code is 318832640 at line 9016
code is 16777216 at line 9017
code is 0 at line 9018
code is 0 at line 9019
code is 0 at line 9020
code is 0 at line 9021
code is 205455360 at line 9022
code is 0 at line 9023
code is -268435456 at line 9024
code is 0 at line 9025
code is 0 at line 9026
code is 0 at line 9027
code is 16777216 at line 9028
code is 0 at line 9029
code is 0 at line 9030
code is 0 at line 9031
code is 570490880 at line 9032
code is 16777216 at line 9033
code is 0 at line 9034
code is 0 at line 9035
code is 0 at line 9036
code is 0 at line 9037
code is -62980096 at line 9038
code is 0 at line 9039
code is 1392574464 at line 9040
code is 0 at line 9041
code is 0 at line 9042
code is 0 at line 9043
code is 16777216 at line 9044
code is 0 at line 9045
code is 0 at line 9046
code is 0 at line 9047
code is 838926336 at line 9048
code is 16777216 at line 9049
code is 0 at line 9050
code is 0 at line 9051
code is 0 at line 9052
code is 0 at line 9053
code is 1329659904 at line 9054
code is 0 at line 9055
code is -703528960 at line 9056
code is 0 at line 9057
code is 0 at line 9058
code is 0 at line 9059
code is 16777216 at line 9060
code is 0 at line 9061
code is 0 at line 9062
code is 0 at line 9063
code is 1040252928 at line 9064
code is 16777216 at line 9065
code is 0 at line 9066
code is 0 at line 9067
code is 0 at line 9068
code is 0 at line 9069
code is 626196480 at line 9070
code is 0 at line 9071
code is -368771072 at line 9072
code is 0 at line 9073
code is 0 at line 9074
code is 0 at line 9075
code is 16777216 at line 9076
code is 0 at line 9077
code is 0 at line 9078
code is 0 at line 9079
code is 1275133952 at line 9080
code is 16777216 at line 9081
code is 0 at line 9082
code is 0 at line 9083
code is 0 at line 9084
code is 0 at line 9085
code is 257490944 at line 9086
code is 0 at line 9087
code is 1493499904 at line 9088
code is 0 at line 9089
code is 0 at line 9090
code is 0 at line 9091
code is 16777216 at line 9092
code is 0 at line 9093
code is 0 at line 9094
code is 0 at line 9095
code is 1476460544 at line 9096
code is 16777216 at line 9097
code is 0 at line 9098
code is 0 at line 9099
code is 0 at line 9100
code is 0 at line 9101
code is 1750990848 at line 9102
code is 0 at line 9103
code is -1878917120 at line 9104
code is 0 at line 9105
code is 0 at line 9106
code is 0 at line 9107
code is 134217728 at line 9108
code is 0 at line 9109
code is 0 at line 9110
code is 0 at line 9111
code is 1694564352 at line 9112
code is 16777216 at line 9113
code is 805306368 at line 9114
code is 0 at line 9115
code is 0 at line 9116
code is 0 at line 9117
code is -127926272 at line 9118
code is 0 at line 9119
code is -469499904 at line 9120
code is 0 at line 9121
code is 0 at line 9122
code is 0 at line 9123
code is 16777216 at line 9124
code is 0 at line 9125
code is 16777216 at line 9126
code is 0 at line 9127
code is 1879113728 at line 9128
code is 16777216 at line 9129
code is 0 at line 9130
code is 0 at line 9131
code is 0 at line 9132
code is 0 at line 9133
code is -597360640 at line 9134
code is 0 at line 9135
code is 738525184 at line 9136
code is 0 at line 9137
code is 0 at line 9138
code is 0 at line 9139
code is 16777216 at line 9140
code is 0 at line 9141
code is 0 at line 9142
code is 0 at line 9143
code is 2063663104 at line 9144
code is 16777216 at line 9145
code is 0 at line 9146
code is 0 at line 9147
code is 0 at line 9148
code is 0 at line 9149
code is 141230080 at line 9150
code is 0 at line 9151
code is 1996554240 at line 9152
code is 0 at line 9153
code is 0 at line 9154
code is 0 at line 9155
code is 16777216 at line 9156
code is 0 at line 9157
code is 0 at line 9158
code is 0 at line 9159
code is 16777216 at line 9160
code is 33554432 at line 9161
code is 0 at line 9162
code is 0 at line 9163
code is 0 at line 9164
code is 0 at line 9165
code is -2140405760 at line 9166
code is 0 at line 9167
code is 806289408 at line 9168
code is 0 at line 9169
code is 637534208 at line 9170
code is 1660944384 at line 9171
code is 134217728 at line 9172
code is 0 at line 9173
code is 402653184 at line 9174
code is 0 at line 9175
code is 150994944 at line 9176
code is 50331648 at line 9177
code is 0 at line 9178
code is 0 at line 9179
code is 0 at line 9180
code is 0 at line 9181
code is -1334116352 at line 9182
code is 0 at line 9183
code is -1593311232 at line 9184
code is 0 at line 9185
code is 0 at line 9186
code is 0 at line 9187
code is 16777216 at line 9188
code is 0 at line 9189
code is 0 at line 9190
code is 0 at line 9191
code is 285212672 at line 9192
code is 50331648 at line 9193
code is 0 at line 9194
code is 0 at line 9195
code is 0 at line 9196
code is 0 at line 9197
code is 1367605248 at line 9198
code is 0 at line 9199
code is -1962868736 at line 9200
code is 0 at line 9201
code is 0 at line 9202
code is 0 at line 9203
code is 16777216 at line 9204
code is 0 at line 9205
code is 0 at line 9206
code is 0 at line 9207
